<html>
<body>
<pre>
<h1>礦ision Build Log</h1>
<h2>Tool Versions:</h2>
IDE-Version: μVision V5.15
Copyright (C) 2015 ARM Ltd and ARM Germany GmbH. All rights reserved.
License Information:  ,  , LIC=3UUGK-ZS742-KSRYM-XM92S-JGC94-4W7SX
 
Tool Versions:
Toolchain:       MDK-ARM Professional  Version: 5.15.0
Toolchain Path:  E:\Keil_v5\ARM\ARMCC\Bin
C Compiler:      Armcc.exe V5.05 update 2 (build 169)
Assembler:       Armasm.exe V5.05 update 2 (build 169)
Linker/Locator:  ArmLink.exe V5.05 update 2 (build 169)
Library Manager: ArmAr.exe V5.05 update 2 (build 169)
Hex Converter:   FromElf.exe V5.05 update 2 (build 169)
CPU DLL:         SARMCM3.DLL V5.15.0
Dialog DLL:      DCM.DLL V1.13.2.0
Target DLL:      CMSIS_AGDI.dll V1.21.12.0
Dialog DLL:      TCM.DLL V1.14.5.0
 
<h2>Project:</h2>
E:\毕业设计\OnenetTOstm32\mqtt.uvprojx
Project File Date:  02/20/2019

<h2>Output:</h2>
*** Using Compiler 'V5.05 update 2 (build 169)', folder: 'E:\Keil_v5\ARM\ARMCC\Bin'
Build target 'STM32F103'
compiling main.c...
user\main.c(141): warning:  #167-D: argument of type "unsigned char *" is incompatible with parameter of type "char *"
                                StringToHex(mqttRevdatahex, dataPtr);                                                           
user\main.c(99): warning:  #177-D: variable "timeCount" was declared but never referenced
      unsigned short timeCount = 0;     //鍙?閫?闂?闅?鍙?閲?
user\main.c: 2 warnings, 0 errors
linking...
Program Size: Code=23780 RO-data=3080 RW-data=316 ZI-data=2276  
FromELF: creating hex file...
".\output\MQTTTEMP.axf" - 0 Error(s), 2 Warning(s).

<h2>Software Packages used:</h2>

Package Vendor: ARM
                http://www.keil.com/pack/ARM.CMSIS.4.3.0.pack
                ARM::CMSIS:CORE:4.1.0
                CMSIS (Cortex Microcontroller Software Interface Standard)
   * Component: CORE Version: 4.1.0

<h2>Collection of Component include folders:</h2>
  E:\毕业设计\OnenetTOstm32\RTE
  E:\Keil_v5\ARM\PACK\ARM\CMSIS\4.3.0\CMSIS\Include
  E:\Keil_v5\ARM\PACK\Keil\STM32F1xx_DFP\1.1.0\Device\Include

<h2>Collection of Component Files used:</h2>

   * Component: ARM::CMSIS:CORE:4.1.0
</pre>
</body>
</html>
