Component: ARM Compiler 5.05 update 2 (build 169) Tool: armlink [4d0f33]

==============================================================================

Section Cross References

    stm32f10x_it.o(.text) refers to usart.o(.text) for UsartPrintf
    system_stm32f10x.o(.text) refers to system_stm32f10x.o(.data) for SystemCoreClock
    startup_stm32f10x_hd.o(STACK) refers (Special) to heapauxi.o(.text) for __use_two_region_memory
    startup_stm32f10x_hd.o(HEAP) refers (Special) to heapauxi.o(.text) for __use_two_region_memory
    startup_stm32f10x_hd.o(RESET) refers (Special) to heapauxi.o(.text) for __use_two_region_memory
    startup_stm32f10x_hd.o(RESET) refers to startup_stm32f10x_hd.o(STACK) for __initial_sp
    startup_stm32f10x_hd.o(RESET) refers to startup_stm32f10x_hd.o(.text) for Reset_Handler
    startup_stm32f10x_hd.o(RESET) refers to stm32f10x_it.o(.text) for NMI_Handler
    startup_stm32f10x_hd.o(RESET) refers to usart.o(.text) for USART1_IRQHandler
    startup_stm32f10x_hd.o(RESET) refers to bc35.o(.text) for USART2_IRQHandler
    startup_stm32f10x_hd.o(.text) refers (Special) to heapauxi.o(.text) for __use_two_region_memory
    startup_stm32f10x_hd.o(.text) refers to system_stm32f10x.o(.text) for SystemInit
    startup_stm32f10x_hd.o(.text) refers to __main.o(!!!main) for __main
    startup_stm32f10x_hd.o(.text) refers to startup_stm32f10x_hd.o(HEAP) for Heap_Mem
    startup_stm32f10x_hd.o(.text) refers to startup_stm32f10x_hd.o(STACK) for Stack_Mem
    stm32f10x_gpio.o(.text) refers to stm32f10x_rcc.o(.text) for RCC_APB2PeriphResetCmd
    stm32f10x_rcc.o(.text) refers to stm32f10x_rcc.o(.data) for APBAHBPrescTable
    stm32f10x_usart.o(.text) refers to stm32f10x_rcc.o(.text) for RCC_APB2PeriphResetCmd
    stm32f10x_spi.o(.text) refers to stm32f10x_rcc.o(.text) for RCC_APB2PeriphResetCmd
    beep.o(.text) refers to stm32f10x_gpio.o(.text) for GPIO_WriteBit
    beep.o(.text) refers to stm32f10x_rcc.o(.text) for RCC_APB2PeriphClockCmd
    beep.o(.text) refers to beep.o(.data) for beep_info
    delay.o(.text) refers to delay.o(.data) for UsCount
    usart.o(.text) refers to stm32f10x_rcc.o(.text) for RCC_APB2PeriphClockCmd
    usart.o(.text) refers to stm32f10x_gpio.o(.text) for GPIO_Init
    usart.o(.text) refers to stm32f10x_usart.o(.text) for USART_Init
    usart.o(.text) refers to misc.o(.text) for NVIC_Init
    usart.o(.text) refers to vsnprintf.o(.text) for vsnprintf
    spi.o(.text) refers to stm32f10x_spi.o(.text) for SPI_I2S_GetFlagStatus
    spi.o(.text) refers to stm32f10x_rcc.o(.text) for RCC_APB2PeriphClockCmd
    spi.o(.text) refers to stm32f10x_gpio.o(.text) for GPIO_Init
    spi.o(.text) refers to spi.o(.bss) for spi_initstruct
    adxl362.o(.text) refers to stm32f10x_rcc.o(.text) for RCC_APB2PeriphClockCmd
    adxl362.o(.text) refers to stm32f10x_gpio.o(.text) for GPIO_Init
    adxl362.o(.text) refers to spi.o(.text) for SPIx_Init
    adxl362.o(.text) refers to fflt_clz.o(x$fpl$fflt) for __aeabi_i2f
    adxl362.o(.text) refers to f2d.o(x$fpl$f2d) for __aeabi_f2d
    adxl362.o(.text) refers to dmul.o(x$fpl$dmul) for __aeabi_dmul
    adxl362.o(.text) refers to d2f.o(x$fpl$d2f) for __aeabi_d2f
    adxl362.o(.text) refers to dflt_clz.o(x$fpl$dflt) for __aeabi_i2d
    adxl362.o(.text) refers to sqrt.o(i.sqrt) for sqrt
    adxl362.o(.text) refers to ddiv.o(x$fpl$ddiv) for __aeabi_ddiv
    adxl362.o(.text) refers to atan.o(i.atan) for atan
    adxl362.o(.text) refers to adxl362.o(.bss) for adxl362Info
    dht11.o(.text) refers to stm32f10x_rcc.o(.text) for RCC_APB2PeriphClockCmd
    dht11.o(.text) refers to stm32f10x_gpio.o(.text) for GPIO_Init
    dht11.o(.text) refers to delay.o(.text) for DelayUs
    dht11.o(.text) refers to dht11.o(.data) for DHT11_Data
    oled.o(.text) refers to stm32f10x_gpio.o(.text) for GPIO_SetBits
    oled.o(.text) refers to stm32f10x_rcc.o(.text) for RCC_APB2PeriphClockCmd
    oled.o(.text) refers to delay.o(.text) for DelayUs
    oled.o(.text) refers to oled.o(.constdata) for F8X16
    oled.o(.text) refers to oled.o(.data) for Hzk
    main.o(.text) refers to misc.o(.text) for NVIC_PriorityGroupConfig
    main.o(.text) refers to delay.o(.text) for Delay_Init
    main.o(.text) refers to usart.o(.text) for Usart1_Init
    main.o(.text) refers to dht11.o(.text) for DHT11_Init
    main.o(.text) refers to beep.o(.text) for Beep_Init
    main.o(.text) refers to oled.o(.text) for OLED_Init
    main.o(.text) refers to bc35.o(.text) for BC35_Init
    main.o(.text) refers to onenet.o(.text) for OneNet_DevLink
    main.o(.text) refers to hexstr.o(.text) for StringToHex
    main.o(.text) refers to mqttdata.o(.text) for ClearRAM
    onenet.o(.text) refers to _printf_percent.o(.ARM.Collect$$_printf_percent$$00000000) for _printf_percent
    onenet.o(.text) refers to _printf_d.o(.ARM.Collect$$_printf_percent$$00000009) for _printf_d
    onenet.o(.text) refers to _printf_dec.o(.text) for _printf_int_dec
[...]
    Str2Hex                                  0x0800313f   Thumb Code    84  mqttdata.o(.text)
    .text                                    0x08003414   Section        0  bc35.o(.text)
    .text                                    0x08003c54   Section        0  hexstr.o(.text)
    .text                                    0x08003d60   Section        0  h1_alloc.o(.text)
    .text                                    0x08003dbe   Section        0  h1_free.o(.text)
    .text                                    0x08003e0c   Section        0  vsnprintf.o(.text)
    .text                                    0x08003e40   Section        0  __2sprintf.o(.text)
    .text                                    0x08003e6c   Section        0  _printf_pad.o(.text)
    .text                                    0x08003eba   Section        0  _printf_str.o(.text)
    .text                                    0x08003f0c   Section        0  _printf_dec.o(.text)
    .text                                    0x08003f84   Section        0  _printf_hex_int_ll_ptr.o(.text)
    _printf_hex_common                       0x08003f85   Thumb Code     0  _printf_hex_int_ll_ptr.o(.text)
    .text                                    0x08004018   Section        0  __printf_flags_ss_wp.o(.text)
    .text                                    0x080041a0   Section        0  atoi.o(.text)
    .text                                    0x080041bc   Section        0  strtok.o(.text)
    .text                                    0x080041c8   Section        0  strchr.o(.text)
    .text                                    0x080041dc   Section        0  strncat.o(.text)
    .text                                    0x08004200   Section        0  strstr.o(.text)
    .text                                    0x08004224   Section        0  strcpy.o(.text)
    .text                                    0x0800426c   Section        0  strlen.o(.text)
    .text                                    0x080042aa   Section        0  strcat.o(.text)
    .text                                    0x080042c2   Section      138  rt_memcpy_v6.o(.text)
    .text                                    0x0800434c   Section      100  rt_memcpy_w.o(.text)
    .text                                    0x080043b0   Section       68  rt_memclr.o(.text)
    .text                                    0x080043f4   Section       78  rt_memclr_w.o(.text)
    .text                                    0x08004442   Section       86  strncpy.o(.text)
    .text                                    0x08004498   Section        0  heapauxi.o(.text)
    .text                                    0x080044a0   Section        8  rt_heap_descriptor_intlibspace.o(.text)
    .text                                    0x080044a8   Section        8  rt_errno_addr_intlibspace.o(.text)
    .text                                    0x080044b0   Section        0  hguard.o(.text)
    .text                                    0x080044b4   Section        0  init_alloc.o(.text)
    .text                                    0x0800453e   Section        0  h1_init.o(.text)
    .text                                    0x0800454c   Section        0  _printf_truncate.o(.text)
    .text                                    0x08004570   Section        0  _printf_intcommon.o(.text)
    .text                                    0x08004622   Section        0  _printf_charcount.o(.text)
    .text                                    0x0800464c   Section        0  _printf_char_common.o(.text)
    _printf_input_char                       0x0800464d   Thumb Code    10  _printf_char_common.o(.text)
    .text                                    0x0800467c   Section        0  _sputc.o(.text)
    .text                                    0x08004686   Section        0  _snputc.o(.text)
    .text                                    0x08004696   Section        0  _printf_char.o(.text)
    .text                                    0x080046c4   Section        0  _printf_wctomb.o(.text)
    .text                                    0x08004780   Section        0  _printf_longlong_dec.o(.text)
    .text                                    0x080047fc   Section        0  _printf_oct_int_ll.o(.text)
    _printf_longlong_oct_internal            0x080047fd   Thumb Code     0  _printf_oct_int_ll.o(.text)
    .text                                    0x0800486c   Section        0  strtol.o(.text)
    .text                                    0x080048dc   Section        0  strtok_int.o(.text)
    .text                                    0x08004920   Section        8  libspace.o(.text)
    .text                                    0x08004928   Section       16  rt_ctype_table.o(.text)
    .text                                    0x08004938   Section        0  h1_extend.o(.text)
    .text                                    0x0800496c   Section      138  lludiv10.o(.text)
    .text                                    0x080049f6   Section        0  _printf_fp_dec.o(.text)
    _fp_digits                               0x080049f9   Thumb Code   428  _printf_fp_dec.o(.text)
    .text                                    0x08004e10   Section        0  _printf_fp_hex.o(.text)
    .text                                    0x0800510c   Section        0  _printf_wchar.o(.text)
    .text                                    0x08005138   Section        0  _strtoul.o(.text)
    .text                                    0x080051d6   Section        0  _wcrtomb.o(.text)
    .text                                    0x08005216   Section        0  defsig_rtmem_outer.o(.text)
    .text                                    0x08005224   Section        0  strcspn.o(.text)
    .text                                    0x08005244   Section        0  strspn.o(.text)
    .text                                    0x08005260   Section        2  use_no_semi.o(.text)
    .text                                    0x08005262   Section       74  sys_stackheap_outer.o(.text)
    .text                                    0x08005262   Section        0  indicate_semi.o(.text)
    .text                                    0x080052ac   Section        8  rt_locale_intlibspace.o(.text)
    .text                                    0x080052b4   Section        0  _printf_fp_infnan.o(.text)
    .text                                    0x08005334   Section        0  _chval.o(.text)
    .text                                    0x08005350   Section        0  bigflt0.o(.text)
    .text                                    0x0800542c   Section        0  exit.o(.text)
    .text                                    0x08005438   Section        0  defsig_exit.o(.text)
    .text                                    0x08005444   Section        0  defsig_rtmem_inner.o(.text)
    .text                                    0x08005494   Section        0  sys_exit.o(.text)
    .text                                    0x080054a0   Section        0  defsig_general.o(.text)
    .text                                    0x080054d4   Section      128  strcmpv7m.o(.text)
    .text                                    0x08005554   Section        0  sys_wrch.o(.text)
    CL$$btod_d2e                             0x08005562   Section       62  btod.o(CL$$btod_d2e)
    CL$$btod_d2e_denorm_low                  0x080055a0   Section       70  btod.o(CL$$btod_d2e_denorm_low)
    CL$$btod_d2e_norm_op1                    0x080055e6   Section       96  btod.o(CL$$btod_d2e_norm_op1)
    CL$$btod_div_common                      0x08005646   Section      824  btod.o(CL$$btod_div_common)
    CL$$btod_e2e                             0x0800597e   Section      198  btod.o(CL$$btod_e2e)
    CL$$btod_ediv                            0x08005a44   Section       40  btod.o(CL$$btod_ediv)
    CL$$btod_emul                            0x08005a6c   Section       40  btod.o(CL$$btod_emul)
    CL$$btod_mult_common                     0x08005a94   Section      580  btod.o(CL$$btod_mult_common)
    i.__ARM_fpclassify                       0x08005cd8   Section        0  fpclassify.o(i.__ARM_fpclassify)
    i._is_digit                              0x08005d00   Section        0  __printf_wp.o(i._is_digit)
    locale$$code                             0x08005d10   Section       44  lc_ctype_c.o(locale$$code)
    locale$$code                             0x08005d3c   Section       44  lc_numeric_c.o(locale$$code)
    x$fpl$printf1                            0x08005d68   Section        4  printf1.o(x$fpl$printf1)
    x$fpl$printf2                            0x08005d6c   Section        4  printf2.o(x$fpl$printf2)
    .constdata                               0x08005d70   Section     2072  oled.o(.constdata)
    x$fpl$usenofp                            0x08005d70   Section        0  usenofp.o(x$fpl$usenofp)
    .constdata                               0x08006588   Section      100  bc35.o(.constdata)
    .constdata                               0x080065ec   Section       17  hexstr.o(.constdata)
    .constdata                               0x080065fd   Section       40  _printf_hex_int_ll_ptr.o(.constdata)
    uc_hextab                                0x080065fd   Data          20  _printf_hex_int_ll_ptr.o(.constdata)
    lc_hextab                                0x08006611   Data          20  _printf_hex_int_ll_ptr.o(.constdata)
    .constdata                               0x08006625   Section       17  __printf_flags_ss_wp.o(.constdata)
    maptable                                 0x08006625   Data          17  __printf_flags_ss_wp.o(.constdata)
    .constdata                               0x08006638   Section        8  _printf_wctomb.o(.constdata)
    initial_mbstate                          0x08006638   Data           8  _printf_wctomb.o(.constdata)
    .constdata                               0x08006640   Section       38  _printf_fp_hex.o(.constdata)
    lc_hextab                                0x08006640   Data          19  _printf_fp_hex.o(.constdata)
    uc_hextab                                0x08006653   Data          19  _printf_fp_hex.o(.constdata)
    .constdata                               0x08006668   Section      148  bigflt0.o(.constdata)
    tenpwrs_x                                0x08006668   Data          60  bigflt0.o(.constdata)
    tenpwrs_i                                0x080066a4   Data          64  bigflt0.o(.constdata)
    locale$$data                             0x0800671c   Section      272  lc_ctype_c.o(locale$$data)
    __lcctype_c_name                         0x08006720   Data           2  lc_ctype_c.o(locale$$data)
    __lcctype_c_start                        0x08006728   Data           0  lc_ctype_c.o(locale$$data)
    locale$$data                             0x0800682c   Section       28  lc_numeric_c.o(locale$$data)
    __lcctype_c_end                          0x0800682c   Data           0  lc_ctype_c.o(locale$$data)
    __lcnum_c_name                           0x08006830   Data           2  lc_numeric_c.o(locale$$data)
    __lcnum_c_start                          0x08006838   Data           0  lc_numeric_c.o(locale$$data)
    __lcnum_c_point                          0x08006844   Data           0  lc_numeric_c.o(locale$$data)
    __lcnum_c_thousands                      0x08006846   Data           0  lc_numeric_c.o(locale$$data)
    __lcnum_c_grouping                       0x08006847   Data           0  lc_numeric_c.o(locale$$data)
    __lcnum_c_end                            0x08006848   Data           0  lc_numeric_c.o(locale$$data)
    .data                                    0x20000000   Section       20  system_stm32f10x.o(.data)
    .data                                    0x20000014   Section       20  stm32f10x_rcc.o(.data)
    APBAHBPrescTable                         0x20000014   Data          16  stm32f10x_rcc.o(.data)
    ADCPrescTable                            0x20000024   Data           4  stm32f10x_rcc.o(.data)
    .data                                    0x20000028   Section        1  beep.o(.data)
    .data                                    0x2000002a   Section        4  delay.o(.data)
    .data                                    0x2000002e   Section        5  dht11.o(.data)
    .data                                    0x20000033   Section      256  oled.o(.data)
    .data                                    0x20000134   Section        4  bc35.o(.data)
    .data                                    0x20000138   Section        4  strtok.o(.data)
    _strtok_saves1                           0x20000138   Data           4  strtok.o(.data)
    .bss                                     0x2000013c   Section      128  bc35.o(.bss)
    .bss                                     0x200001bc   Section       96  libspace.o(.bss)
    HEAP                                     0x20000220   Section     1024  startup_stm32f10x_hd.o(HEAP)
    Heap_Mem                                 0x20000220   Data        1024  startup_stm32f10x_hd.o(HEAP)
    STACK                                    0x20000620   Section     1024  startup_stm32f10x_hd.o(STACK)
    Stack_Mem                                0x20000620   Data        1024  startup_stm32f10x_hd.o(STACK)
    __initial_sp                             0x20000a20   Data           0  startup_stm32f10x_hd.o(STACK)

    Global Symbols

    Symbol Name                              Value     Ov Type        Size  Object(Section)

    BuildAttributes$$THM_ISAv4$P$D$K$B$S$PE$A:L22UL41UL21$X:L11$S22US41US21$IEEE1$IW$USESV6$~STKCKD$USESV7$~SHL$OTIME$ROPI$IEEEX$EBA8$UX$STANDARDLIB$REQ8$PRES8$EABIv2 0x00000000   Number         0  anon$$obj.o ABSOLUTE
    __ARM_use_no_argv                        0x00000000   Number         0  main.o ABSOLUTE
    _printf_flags                            0x00000000   Number         0  printf_stubs.o ABSOLUTE
    _printf_return_value                     0x00000000   Number         0  printf_stubs.o ABSOLUTE
    _printf_sizespec                         0x00000000   Number         0  printf_stubs.o ABSOLUTE
    _printf_widthprec                        0x00000000   Number         0  printf_stubs.o ABSOLUTE
    __ARM_exceptions_init                     - Undefined Weak Reference
    __alloca_initialize                       - Undefined Weak Reference
    __arm_preinit_                            - Undefined Weak Reference
    __cpp_initialize__aeabi_                  - Undefined Weak Reference
    __cxa_finalize                            - Undefined Weak Reference
    __sigvec_lookup                           - Undefined Weak Reference
    __user_heap_extent                        - Undefined Weak Reference
    _atexit_init                              - Undefined Weak Reference
    _call_atexit_fns                          - Undefined Weak Reference
    _clock_init                               - Undefined Weak Reference
    _fp_trap_init                             - Undefined Weak Reference
    _fp_trap_shutdown                         - Undefined Weak Reference
    _get_lc_collate                           - Undefined Weak Reference
    _get_lc_monetary                          - Undefined Weak Reference
    _get_lc_time                              - Undefined Weak Reference
    _getenv_init                              - Undefined Weak Reference
    _handle_redirection                       - Undefined Weak Reference
    _initio                                   - Undefined Weak Reference
    _mutex_acquire                            - Undefined Weak Reference
    _mutex_free                               - Undefined Weak Reference
    _mutex_release                            - Undefined Weak Reference
    _printf_mbtowc                            - Undefined Weak Reference
    _printf_wc                                - Undefined Weak Reference
    _rand_init                                - Undefined Weak Reference
    _signal_finish                            - Undefined Weak Reference
    _signal_init                              - Undefined Weak Reference
    _terminateio                              - Undefined Weak Reference
    __Vectors_Size                           0x00000130   Number         0  startup_stm32f10x_hd.o ABSOLUTE
    __Vectors                                0x08000000   Data           4  startup_stm32f10x_hd.o(RESET)
    __Vectors_End                            0x08000130   Data           0  startup_stm32f10x_hd.o(RESET)
    __main                                   0x08000131   Thumb Code     8  __main.o(!!!main)
    __scatterload                            0x08000139   Thumb Code     0  __scatter.o(!!!scatter)
    __scatterload_rt2                        0x08000139   Thumb Code    44  __scatter.o(!!!scatter)
    __scatterload_rt2_thumb_only             0x08000139   Thumb Code     0  __scatter.o(!!!scatter)
    __scatterload_null                       0x08000147   Thumb Code     0  __scatter.o(!!!scatter)
    __decompress                             0x0800016d   Thumb Code    90  __dczerorl2.o(!!dczerorl2)
    __decompress1                            0x0800016d   Thumb Code     0  __dczerorl2.o(!!dczerorl2)
    __scatterload_zeroinit                   0x080001c9   Thumb Code    28  __scatter_zi.o(!!handler_zi)
    _printf_n                                0x080001e5   Thumb Code     0  _printf_n.o(.ARM.Collect$$_printf_percent$$00000001)
    _printf_percent                          0x080001e5   Thumb Code     0  _printf_percent.o(.ARM.Collect$$_printf_percent$$00000000)
    _printf_p                                0x080001eb   Thumb Code     0  _printf_p.o(.ARM.Collect$$_printf_percent$$00000002)
    _printf_f                                0x080001f1   Thumb Code     0  _printf_f.o(.ARM.Collect$$_printf_percent$$00000003)
    _printf_e                                0x080001f7   Thumb Code     0  _printf_e.o(.ARM.Collect$$_printf_percent$$00000004)
    _printf_g                                0x080001fd   Thumb Code     0  _printf_g.o(.ARM.Collect$$_printf_percent$$00000005)
    _printf_a                                0x08000203   Thumb Code     0  _printf_a.o(.ARM.Collect$$_printf_percent$$00000006)
    _printf_ll                               0x08000209   Thumb Code     0  _printf_ll.o(.ARM.Collect$$_printf_percent$$00000007)
    _printf_i                                0x08000213   Thumb Code     0  _printf_i.o(.ARM.Collect$$_printf_percent$$00000008)
    _printf_d                                0x08000219   Thumb Code     0  _printf_d.o(.ARM.Collect$$_printf_percent$$00000009)
    _printf_u                                0x0800021f   Thumb Code     0  _printf_u.o(.ARM.Collect$$_printf_percent$$0000000A)
    _printf_o                                0x08000225   Thumb Code     0  _printf_o.o(.ARM.Collect$$_printf_percent$$0000000B)
    _printf_x                                0x0800022b   Thumb Code     0  _printf_x.o(.ARM.Collect$$_printf_percent$$0000000C)
    _printf_lli                              0x08000231   Thumb Code     0  _printf_lli.o(.ARM.Collect$$_printf_percent$$0000000D)
    _printf_lld                              0x08000237   Thumb Code     0  _printf_lld.o(.ARM.Collect$$_printf_percent$$0000000E)
    _printf_llu                              0x0800023d   Thumb Code     0  _printf_llu.o(.ARM.Collect$$_printf_percent$$0000000F)
    _printf_llo                              0x08000243   Thumb Code     0  _printf_llo.o(.ARM.Collect$$_printf_percent$$00000010)
    _printf_llx                              0x08000249   Thumb Code     0  _printf_llx.o(.ARM.Collect$$_printf_percent$$00000011)
    _printf_l                                0x0800024f   Thumb Code     0  _printf_l.o(.ARM.Collect$$_printf_percent$$00000012)
    _printf_c                                0x08000259   Thumb Code     0  _printf_c.o(.ARM.Collect$$_printf_percent$$00000013)
    _printf_s                                0x0800025f   Thumb Code     0  _printf_s.o(.ARM.Collect$$_printf_percent$$00000014)
    _printf_lc                               0x08000265   Thumb Code     0  _printf_lc.o(.ARM.Collect$$_printf_percent$$00000015)
    _printf_ls                               0x0800026b   Thumb Code     0  _printf_ls.o(.ARM.Collect$$_printf_percent$$00000016)
    _printf_percent_end                      0x08000271   Thumb Code     0  _printf_percent_end.o(.ARM.Collect$$_printf_percent$$00000017)
    __rt_lib_init                            0x08000275   Thumb Code     0  libinit.o(.ARM.Collect$$libinit$$00000000)
    __rt_lib_init_fp_1                       0x08000277   Thumb Code     0  libinit2.o(.ARM.Collect$$libinit$$00000002)
    __rt_lib_init_heap_2                     0x08000277   Thumb Code     0  libinit2.o(.ARM.Collect$$libinit$$00000005)
    __rt_lib_init_preinit_1                  0x08000277   Thumb Code     0  libinit2.o(.ARM.Collect$$libinit$$00000004)
    __rt_lib_init_heap_1                     0x0800027f   Thumb Code     0  libinit2.o(.ARM.Collect$$libinit$$0000000A)
    __rt_lib_init_lc_common                  0x0800027f   Thumb Code     0  libinit2.o(.ARM.Collect$$libinit$$0000000F)
    __rt_lib_init_rand_1                     0x0800027f   Thumb Code     0  libinit2.o(.ARM.Collect$$libinit$$0000000E)
    __rt_lib_init_user_alloc_1               0x0800027f   Thumb Code     0  libinit2.o(.ARM.Collect$$libinit$$0000000C)
    __rt_lib_init_lc_collate_1               0x08000285   Thumb Code     0  libinit2.o(.ARM.Collect$$libinit$$00000011)
    __rt_lib_init_lc_ctype_2                 0x08000285   Thumb Code     0  libinit2.o(.ARM.Collect$$libinit$$00000012)
    __rt_lib_init_lc_ctype_1                 0x08000291   Thumb Code     0  libinit2.o(.ARM.Collect$$libinit$$00000013)
    __rt_lib_init_lc_monetary_1              0x08000291   Thumb Code     0  libinit2.o(.ARM.Collect$$libinit$$00000015)
    __rt_lib_init_lc_numeric_2               0x08000291   Thumb Code     0  libinit2.o(.ARM.Collect$$libinit$$00000016)
    __rt_lib_init_alloca_1                   0x0800029b   Thumb Code     0  libinit2.o(.ARM.Collect$$libinit$$0000002E)
    __rt_lib_init_argv_1                     0x0800029b   Thumb Code     0  libinit2.o(.ARM.Collect$$libinit$$0000002C)
    __rt_lib_init_atexit_1                   0x0800029b   Thumb Code     0  libinit2.o(.ARM.Collect$$libinit$$0000001B)
    __rt_lib_init_clock_1                    0x0800029b   Thumb Code     0  libinit2.o(.ARM.Collect$$libinit$$00000021)
    __rt_lib_init_cpp_1                      0x0800029b   Thumb Code     0  libinit2.o(.ARM.Collect$$libinit$$00000032)
    __rt_lib_init_exceptions_1               0x0800029b   Thumb Code     0  libinit2.o(.ARM.Collect$$libinit$$00000030)
    __rt_lib_init_fp_trap_1                  0x0800029b   Thumb Code     0  libinit2.o(.ARM.Collect$$libinit$$0000001F)
    __rt_lib_init_getenv_1                   0x0800029b   Thumb Code     0  libinit2.o(.ARM.Collect$$libinit$$00000023)
    __rt_lib_init_lc_numeric_1               0x0800029b   Thumb Code     0  libinit2.o(.ARM.Collect$$libinit$$00000017)
    __rt_lib_init_lc_time_1                  0x0800029b   Thumb Code     0  libinit2.o(.ARM.Collect$$libinit$$00000019)
    __rt_lib_init_return                     0x0800029b   Thumb Code     0  libinit2.o(.ARM.Collect$$libinit$$00000033)
    __rt_lib_init_signal_1                   0x0800029b   Thumb Code     0  libinit2.o(.ARM.Collect$$libinit$$0000001D)
    __rt_lib_init_stdio_1                    0x0800029b   Thumb Code     0  libinit2.o(.ARM.Collect$$libinit$$00000025)
    __rt_lib_shutdown                        0x0800029d   Thumb Code     0  libshutdown.o(.ARM.Collect$$libshutdown$$00000000)
    __rt_lib_shutdown_fp_trap_1              0x0800029f   Thumb Code     0  libshutdown2.o(.ARM.Collect$$libshutdown$$00000006)
    __rt_lib_shutdown_heap_1                 0x0800029f   Thumb Code     0  libshutdown2.o(.ARM.Collect$$libshutdown$$0000000E)
    __rt_lib_shutdown_return                 0x0800029f   Thumb Code     0  libshutdown2.o(.ARM.Collect$$libshutdown$$0000000F)
    __rt_lib_shutdown_signal_1               0x0800029f   Thumb Code     0  libshutdown2.o(.ARM.Collect$$libshutdown$$00000009)
    __rt_lib_shutdown_stdio_1                0x0800029f   Thumb Code     0  libshutdown2.o(.ARM.Collect$$libshutdown$$00000003)
    __rt_lib_shutdown_user_alloc_1           0x0800029f   Thumb Code     0  libshutdown2.o(.ARM.Collect$$libshutdown$$0000000B)
    __rt_entry                               0x080002a1   Thumb Code     0  __rtentry.o(.ARM.Collect$$rtentry$$00000000)
    __rt_entry_presh_1                       0x080002a1   Thumb Code     0  __rtentry2.o(.ARM.Collect$$rtentry$$00000002)
    __rt_entry_sh                            0x080002a1   Thumb Code     0  __rtentry4.o(.ARM.Collect$$rtentry$$00000004)
    __rt_entry_li                            0x080002a7   Thumb Code     0  __rtentry2.o(.ARM.Collect$$rtentry$$0000000A)
    __rt_entry_postsh_1                      0x080002a7   Thumb Code     0  __rtentry2.o(.ARM.Collect$$rtentry$$00000009)
    __rt_entry_main                          0x080002ab   Thumb Code     0  __rtentry2.o(.ARM.Collect$$rtentry$$0000000D)
    __rt_entry_postli_1                      0x080002ab   Thumb Code     0  __rtentry2.o(.ARM.Collect$$rtentry$$0000000C)
    __rt_exit                                0x080002b3   Thumb Code     0  rtexit.o(.ARM.Collect$$rtexit$$00000000)
    __rt_exit_ls                             0x080002b5   Thumb Code     0  rtexit2.o(.ARM.Collect$$rtexit$$00000003)
    __rt_exit_prels_1                        0x080002b5   Thumb Code     0  rtexit2.o(.ARM.Collect$$rtexit$$00000002)
    __rt_exit_exit                           0x080002b9   Thumb Code     0  rtexit2.o(.ARM.Collect$$rtexit$$00000004)
    NMI_Handler                              0x080002c1   Thumb Code     2  stm32f10x_it.o(.text)
    _maybe_terminate_alloc                   0x080002c1   Thumb Code     0  maybetermalloc1.o(.emb_text)
    HardFault_Handler                        0x080002c3   Thumb Code    12  stm32f10x_it.o(.text)
    MemManage_Handler                        0x080002cf   Thumb Code    12  stm32f10x_it.o(.text)
    BusFault_Handler                         0x080002db   Thumb Code    12  stm32f10x_it.o(.text)
    UsageFault_Handler                       0x080002e7   Thumb Code    12  stm32f10x_it.o(.text)
    SVC_Handler                              0x080002f3   Thumb Code     2  stm32f10x_it.o(.text)
    DebugMon_Handler                         0x080002f5   Thumb Code     2  stm32f10x_it.o(.text)
    SysTick_Handler                          0x080002f7   Thumb Code     2  stm32f10x_it.o(.text)
    EXTI0_IRQHandler                         0x080002f9   Thumb Code     2  stm32f10x_it.o(.text)
    RTC_IRQHandler                           0x080002fb   Thumb Code     2  stm32f10x_it.o(.text)
    SystemInit                               0x080004d3   Thumb Code    78  system_stm32f10x.o(.text)
    SystemCoreClockUpdate                    0x08000521   Thumb Code   142  system_stm32f10x.o(.text)
    Reset_Handler                            0x080005dd   Thumb Code     8  startup_stm32f10x_hd.o(.text)
    PendSV_Handler                           0x080005f3   Thumb Code     2  startup_stm32f10x_hd.o(.text)
    ADC1_2_IRQHandler                        0x080005f7   Thumb Code     0  startup_stm32f10x_hd.o(.text)
    ADC3_IRQHandler                          0x080005f7   Thumb Code     0  startup_stm32f10x_hd.o(.text)
    CAN1_RX1_IRQHandler                      0x080005f7   Thumb Code     0  startup_stm32f10x_hd.o(.text)
    CAN1_SCE_IRQHandler                      0x080005f7   Thumb Code     0  startup_stm32f10x_hd.o(.text)
    DMA1_Channel1_IRQHandler                 0x080005f7   Thumb Code     0  startup_stm32f10x_hd.o(.text)
    DMA1_Channel2_IRQHandler                 0x080005f7   Thumb Code     0  startup_stm32f10x_hd.o(.text)
    DMA1_Channel3_IRQHandler                 0x080005f7   Thumb Code     0  startup_stm32f10x_hd.o(.text)
    DMA1_Channel4_IRQHandler                 0x080005f7   Thumb Code     0  startup_stm32f10x_hd.o(.text)
    DMA1_Channel5_IRQHandler                 0x080005f7   Thumb Code     0  startup_stm32f10x_hd.o(.text)
    DMA1_Channel6_IRQHandler                 0x080005f7   Thumb Code     0  startup_stm32f10x_hd.o(.text)
    DMA1_Channel7_IRQHandler                 0x080005f7   Thumb Code     0  startup_stm32f10x_hd.o(.text)
    DMA2_Channel1_IRQHandler                 0x080005f7   Thumb Code     0  startup_stm32f10x_hd.o(.text)
    DMA2_Channel2_IRQHandler                 0x080005f7   Thumb Code     0  startup_stm32f10x_hd.o(.text)
    DMA2_Channel3_IRQHandler                 0x080005f7   Thumb Code     0  startup_stm32f10x_hd.o(.text)
    DMA2_Channel4_5_IRQHandler               0x080005f7   Thumb Code     0  startup_stm32f10x_hd.o(.text)
    EXTI15_10_IRQHandler                     0x080005f7   Thumb Code     0  startup_stm32f10x_hd.o(.text)
    EXTI1_IRQHandler                         0x080005f7   Thumb Code     0  startup_stm32f10x_hd.o(.text)
    EXTI2_IRQHandler                         0x080005f7   Thumb Code     0  startup_stm32f10x_hd.o(.text)
    EXTI3_IRQHandler                         0x080005f7   Thumb Code     0  startup_stm32f10x_hd.o(.text)
    EXTI4_IRQHandler                         0x080005f7   Thumb Code     0  startup_stm32f10x_hd.o(.text)
    EXTI9_5_IRQHandler                       0x080005f7   Thumb Code     0  startup_stm32f10x_hd.o(.text)
    FLASH_IRQHandler                         0x080005f7   Thumb Code     0  startup_stm32f10x_hd.o(.text)
    FSMC_IRQHandler                          0x080005f7   Thumb Code     0  startup_stm32f10x_hd.o(.text)
    I2C1_ER_IRQHandler                       0x080005f7   Thumb Code     0  startup_stm32f10x_hd.o(.text)
    I2C1_EV_IRQHandler                       0x080005f7   Thumb Code     0  startup_stm32f10x_hd.o(.text)
    I2C2_ER_IRQHandler                       0x080005f7   Thumb Code     0  startup_stm32f10x_hd.o(.text)
    I2C2_EV_IRQHandler                       0x080005f7   Thumb Code     0  startup_stm32f10x_hd.o(.text)
    PVD_IRQHandler                           0x080005f7   Thumb Code     0  startup_stm32f10x_hd.o(.text)
    RCC_IRQHandler                           0x080005f7   Thumb Code     0  startup_stm32f10x_hd.o(.text)
    RTCAlarm_IRQHandler                      0x080005f7   Thumb Code     0  startup_stm32f10x_hd.o(.text)
    SDIO_IRQHandler                          0x080005f7   Thumb Code     0  startup_stm32f10x_hd.o(.text)
    SPI1_IRQHandler                          0x080005f7   Thumb Code     0  startup_stm32f10x_hd.o(.text)
    SPI2_IRQHandler                          0x080005f7   Thumb Code     0  startup_stm32f10x_hd.o(.text)
    SPI3_IRQHandler                          0x080005f7   Thumb Code     0  startup_stm32f10x_hd.o(.text)
    TAMPER_IRQHandler                        0x080005f7   Thumb Code     0  startup_stm32f10x_hd.o(.text)
    TIM1_BRK_IRQHandler                      0x080005f7   Thumb Code     0  startup_stm32f10x_hd.o(.text)
    TIM1_CC_IRQHandler                       0x080005f7   Thumb Code     0  startup_stm32f10x_hd.o(.text)
    TIM1_TRG_COM_IRQHandler                  0x080005f7   Thumb Code     0  startup_stm32f10x_hd.o(.text)
    TIM1_UP_IRQHandler                       0x080005f7   Thumb Code     0  startup_stm32f10x_hd.o(.text)
    TIM2_IRQHandler                          0x080005f7   Thumb Code     0  startup_stm32f10x_hd.o(.text)
    TIM3_IRQHandler                          0x080005f7   Thumb Code     0  startup_stm32f10x_hd.o(.text)
    TIM4_IRQHandler                          0x080005f7   Thumb Code     0  startup_stm32f10x_hd.o(.text)
    TIM5_IRQHandler                          0x080005f7   Thumb Code     0  startup_stm32f10x_hd.o(.text)
    TIM6_IRQHandler                          0x080005f7   Thumb Code     0  startup_stm32f10x_hd.o(.text)
    TIM7_IRQHandler                          0x080005f7   Thumb Code     0  startup_stm32f10x_hd.o(.text)
    TIM8_BRK_IRQHandler                      0x080005f7   Thumb Code     0  startup_stm32f10x_hd.o(.text)
    TIM8_CC_IRQHandler                       0x080005f7   Thumb Code     0  startup_stm32f10x_hd.o(.text)
    TIM8_TRG_COM_IRQHandler                  0x080005f7   Thumb Code     0  startup_stm32f10x_hd.o(.text)
    TIM8_UP_IRQHandler                       0x080005f7   Thumb Code     0  startup_stm32f10x_hd.o(.text)
    UART4_IRQHandler                         0x080005f7   Thumb Code     0  startup_stm32f10x_hd.o(.text)
    UART5_IRQHandler                         0x080005f7   Thumb Code     0  startup_stm32f10x_hd.o(.text)
    USART3_IRQHandler                        0x080005f7   Thumb Code     0  startup_stm32f10x_hd.o(.text)
    USBWakeUp_IRQHandler                     0x080005f7   Thumb Code     0  startup_stm32f10x_hd.o(.text)
    USB_HP_CAN1_TX_IRQHandler                0x080005f7   Thumb Code     0  startup_stm32f10x_hd.o(.text)
    USB_LP_CAN1_RX0_IRQHandler               0x080005f7   Thumb Code     0  startup_stm32f10x_hd.o(.text)
    WWDG_IRQHandler                          0x080005f7   Thumb Code     0  startup_stm32f10x_hd.o(.text)
    __user_initial_stackheap                 0x080005f9   Thumb Code     0  startup_stm32f10x_hd.o(.text)
    NVIC_PriorityGroupConfig                 0x0800061d   Thumb Code    10  misc.o(.text)
    NVIC_Init                                0x08000627   Thumb Code   100  misc.o(.text)
    NVIC_SetVectorTable                      0x0800068b   Thumb Code    14  misc.o(.text)
    NVIC_SystemLPConfig                      0x08000699   Thumb Code    34  misc.o(.text)
    SysTick_CLKSourceConfig                  0x080006bb   Thumb Code    40  misc.o(.text)
    GPIO_DeInit                              0x080006f9   Thumb Code   172  stm32f10x_gpio.o(.text)
    GPIO_AFIODeInit                          0x080007a5   Thumb Code    20  stm32f10x_gpio.o(.text)
    GPIO_Init                                0x080007b9   Thumb Code   278  stm32f10x_gpio.o(.text)
    GPIO_StructInit                          0x080008cf   Thumb Code    16  stm32f10x_gpio.o(.text)
    GPIO_ReadInputDataBit                    0x080008df   Thumb Code    18  stm32f10x_gpio.o(.text)
    GPIO_ReadInputData                       0x080008f1   Thumb Code     8  stm32f10x_gpio.o(.text)
    GPIO_ReadOutputDataBit                   0x080008f9   Thumb Code    18  stm32f10x_gpio.o(.text)
    GPIO_ReadOutputData                      0x0800090b   Thumb Code     8  stm32f10x_gpio.o(.text)
    GPIO_SetBits                             0x08000913   Thumb Code     4  stm32f10x_gpio.o(.text)
    GPIO_ResetBits                           0x08000917   Thumb Code     4  stm32f10x_gpio.o(.text)
    GPIO_WriteBit                            0x0800091b   Thumb Code    10  stm32f10x_gpio.o(.text)
    GPIO_Write                               0x08000925   Thumb Code     4  stm32f10x_gpio.o(.text)
    GPIO_PinLockConfig                       0x08000929   Thumb Code    18  stm32f10x_gpio.o(.text)
    GPIO_EventOutputConfig                   0x0800093b   Thumb Code    26  stm32f10x_gpio.o(.text)
    GPIO_EventOutputCmd                      0x08000955   Thumb Code     6  stm32f10x_gpio.o(.text)
    GPIO_PinRemapConfig                      0x0800095b   Thumb Code   138  stm32f10x_gpio.o(.text)
    GPIO_EXTILineConfig                      0x080009e5   Thumb Code    66  stm32f10x_gpio.o(.text)
    GPIO_ETH_MediaInterfaceConfig            0x08000a27   Thumb Code     8  stm32f10x_gpio.o(.text)
    RCC_DeInit                               0x08000a55   Thumb Code    64  stm32f10x_rcc.o(.text)
    RCC_HSEConfig                            0x08000a95   Thumb Code    70  stm32f10x_rcc.o(.text)
    RCC_GetFlagStatus                        0x08000adb   Thumb Code    56  stm32f10x_rcc.o(.text)
    RCC_WaitForHSEStartUp                    0x08000b13   Thumb Code    56  stm32f10x_rcc.o(.text)
    RCC_AdjustHSICalibrationValue            0x08000b4b   Thumb Code    20  stm32f10x_rcc.o(.text)
    RCC_HSICmd                               0x08000b5f   Thumb Code     6  stm32f10x_rcc.o(.text)
    RCC_PLLConfig                            0x08000b65   Thumb Code    24  stm32f10x_rcc.o(.text)
    RCC_PLLCmd                               0x08000b7d   Thumb Code     6  stm32f10x_rcc.o(.text)
    RCC_SYSCLKConfig                         0x08000b83   Thumb Code    18  stm32f10x_rcc.o(.text)
    RCC_GetSYSCLKSource                      0x08000b95   Thumb Code    10  stm32f10x_rcc.o(.text)
    RCC_HCLKConfig                           0x08000b9f   Thumb Code    18  stm32f10x_rcc.o(.text)
    RCC_PCLK1Config                          0x08000bb1   Thumb Code    18  stm32f10x_rcc.o(.text)
    RCC_PCLK2Config                          0x08000bc3   Thumb Code    20  stm32f10x_rcc.o(.text)
    RCC_ITConfig                             0x08000bd7   Thumb Code    26  stm32f10x_rcc.o(.text)
    RCC_USBCLKConfig                         0x08000bf1   Thumb Code     8  stm32f10x_rcc.o(.text)
    RCC_ADCCLKConfig                         0x08000bf9   Thumb Code    18  stm32f10x_rcc.o(.text)
    RCC_LSEConfig                            0x08000c0b   Thumb Code    50  stm32f10x_rcc.o(.text)
    RCC_LSICmd                               0x08000c3d   Thumb Code     6  stm32f10x_rcc.o(.text)
    RCC_RTCCLKConfig                         0x08000c43   Thumb Code    12  stm32f10x_rcc.o(.text)
    RCC_RTCCLKCmd                            0x08000c4f   Thumb Code     8  stm32f10x_rcc.o(.text)
    RCC_GetClocksFreq                        0x08000c57   Thumb Code   192  stm32f10x_rcc.o(.text)
    RCC_AHBPeriphClockCmd                    0x08000d17   Thumb Code    26  stm32f10x_rcc.o(.text)
    RCC_APB2PeriphClockCmd                   0x08000d31   Thumb Code    26  stm32f10x_rcc.o(.text)
    RCC_APB1PeriphClockCmd                   0x08000d4b   Thumb Code    26  stm32f10x_rcc.o(.text)
    RCC_APB2PeriphResetCmd                   0x08000d65   Thumb Code    26  stm32f10x_rcc.o(.text)
    RCC_APB1PeriphResetCmd                   0x08000d7f   Thumb Code    26  stm32f10x_rcc.o(.text)
    RCC_BackupResetCmd                       0x08000d99   Thumb Code     8  stm32f10x_rcc.o(.text)
    RCC_ClockSecuritySystemCmd               0x08000da1   Thumb Code     6  stm32f10x_rcc.o(.text)
    RCC_MCOConfig                            0x08000da7   Thumb Code     6  stm32f10x_rcc.o(.text)
    RCC_ClearFlag                            0x08000dad   Thumb Code    14  stm32f10x_rcc.o(.text)
    RCC_GetITStatus                          0x08000dbb   Thumb Code    20  stm32f10x_rcc.o(.text)
    RCC_ClearITPendingBit                    0x08000dcf   Thumb Code     6  stm32f10x_rcc.o(.text)
    USART_DeInit                             0x08000e01   Thumb Code   134  stm32f10x_usart.o(.text)
    USART_Init                               0x08000e87   Thumb Code   210  stm32f10x_usart.o(.text)
    USART_StructInit                         0x08000f59   Thumb Code    24  stm32f10x_usart.o(.text)
    USART_ClockInit                          0x08000f71   Thumb Code    34  stm32f10x_usart.o(.text)
    USART_ClockStructInit                    0x08000f93   Thumb Code    12  stm32f10x_usart.o(.text)
    USART_Cmd                                0x08000f9f   Thumb Code    24  stm32f10x_usart.o(.text)
    USART_ITConfig                           0x08000fb7   Thumb Code    74  stm32f10x_usart.o(.text)
    USART_DMACmd                             0x08001001   Thumb Code    18  stm32f10x_usart.o(.text)
    USART_SetAddress                         0x08001013   Thumb Code    18  stm32f10x_usart.o(.text)
    USART_WakeUpConfig                       0x08001025   Thumb Code    18  stm32f10x_usart.o(.text)
    USART_ReceiverWakeUpCmd                  0x08001037   Thumb Code    24  stm32f10x_usart.o(.text)
    USART_LINBreakDetectLengthConfig         0x0800104f   Thumb Code    18  stm32f10x_usart.o(.text)
    USART_LINCmd                             0x08001061   Thumb Code    24  stm32f10x_usart.o(.text)
    USART_SendData                           0x08001079   Thumb Code     8  stm32f10x_usart.o(.text)
    USART_ReceiveData                        0x08001081   Thumb Code    10  stm32f10x_usart.o(.text)
    USART_SendBreak                          0x0800108b   Thumb Code    10  stm32f10x_usart.o(.text)
    USART_SetGuardTime                       0x08001095   Thumb Code    16  stm32f10x_usart.o(.text)
    USART_SetPrescaler                       0x080010a5   Thumb Code    16  stm32f10x_usart.o(.text)
    USART_SmartCardCmd                       0x080010b5   Thumb Code    24  stm32f10x_usart.o(.text)
    USART_SmartCardNACKCmd                   0x080010cd   Thumb Code    24  stm32f10x_usart.o(.text)
    USART_HalfDuplexCmd                      0x080010e5   Thumb Code    24  stm32f10x_usart.o(.text)
    USART_OverSampling8Cmd                   0x080010fd   Thumb Code    22  stm32f10x_usart.o(.text)
    USART_OneBitMethodCmd                    0x08001113   Thumb Code    24  stm32f10x_usart.o(.text)
    USART_IrDAConfig                         0x0800112b   Thumb Code    18  stm32f10x_usart.o(.text)
    USART_IrDACmd                            0x0800113d   Thumb Code    24  stm32f10x_usart.o(.text)
    USART_GetFlagStatus                      0x08001155   Thumb Code    26  stm32f10x_usart.o(.text)
    USART_ClearFlag                          0x0800116f   Thumb Code    18  stm32f10x_usart.o(.text)
    USART_GetITStatus                        0x08001181   Thumb Code    84  stm32f10x_usart.o(.text)
    USART_ClearITPendingBit                  0x080011d5   Thumb Code    52  stm32f10x_usart.o(.text)
    Beep_Set                                 0x08001209   Thumb Code    20  beep.o(.text)
    Beep_Init                                0x0800121d   Thumb Code    60  beep.o(.text)
    Delay_Init                               0x08001265   Thumb Code    48  delay.o(.text)
    DelayUs                                  0x08001295   Thumb Code    60  delay.o(.text)
    DelayXms                                 0x080012d1   Thumb Code    66  delay.o(.text)
    DelayMs                                  0x08001313   Thumb Code    60  delay.o(.text)
    Usart1_Init                              0x08001359   Thumb Code   166  usart.o(.text)
    Usart2_Init                              0x080013ff   Thumb Code   162  usart.o(.text)
    Usart_SendString                         0x080014a1   Thumb Code    50  usart.o(.text)
    UsartPrintf                              0x080014d3   Thumb Code    72  usart.o(.text)
    USART1_IRQHandler                        0x0800151b   Thumb Code    24  usart.o(.text)
    DHT11_Init                               0x08001567   Thumb Code    16  dht11.o(.text)
    DHT11_Read_TempAndHumidity               0x08001607   Thumb Code   172  dht11.o(.text)
    OLED_WR_Byte                             0x080016bd   Thumb Code   112  oled.o(.text)
    OLED_Set_Pos                             0x0800172d   Thumb Code    46  oled.o(.text)
    OLED_Display_On                          0x0800175b   Thumb Code    28  oled.o(.text)
    OLED_Display_Off                         0x08001777   Thumb Code    28  oled.o(.text)
    OLED_Clear                               0x08001793   Thumb Code    64  oled.o(.text)
    OLED_ShowChar                            0x080017d3   Thumb Code   106  oled.o(.text)
    oled_pow                                 0x0800183d   Thumb Code    22  oled.o(.text)
    OLED_ShowNum                             0x08001853   Thumb Code   132  oled.o(.text)
    OLED_ShowString                          0x080018d7   Thumb Code    54  oled.o(.text)
    OLED_ShowCHinese                         0x0800190d   Thumb Code    98  oled.o(.text)
    OLED_DrawBMP                             0x0800196f   Thumb Code   118  oled.o(.text)
    OLED_Init                                0x080019e5   Thumb Code   386  oled.o(.text)
    Hardware_Init                            0x08001b69   Thumb Code    96  main.o(.text)
    main                                     0x08001bc9   Thumb Code   116  main.o(.text)
    OneNet_DevLink                           0x08001c91   Thumb Code   258  onenet.o(.text)
    OneNet_FillBuf                           0x08001d93   Thumb Code   126  onenet.o(.text)
    OneNet_SendData                          0x08001e11   Thumb Code   176  onenet.o(.text)
    OneNet_RevPro                            0x08001ec1   Thumb Code  1184  onenet.o(.text)
    MQTT_NewBuffer                           0x080023c1   Thumb Code    88  mqttkit.o(.text)
    MQTT_DeleteBuffer                        0x08002419   Thumb Code    28  mqttkit.o(.text)
    MQTT_DumpLength                          0x08002435   Thumb Code    46  mqttkit.o(.text)
    MQTT_ReadLength                          0x08002463   Thumb Code    70  mqttkit.o(.text)
    MQTT_UnPacketRecv                        0x080024a9   Thumb Code   140  mqttkit.o(.text)
    MQTT_PacketConnect                       0x08002535   Thumb Code   666  mqttkit.o(.text)
    MQTT_PacketDisConnect                    0x080027cf   Thumb Code    48  mqttkit.o(.text)
    MQTT_UnPacketConnectAck                  0x080027ff   Thumb Code    30  mqttkit.o(.text)
    MQTT_PacketPublish                       0x0800281d   Thumb Code   394  mqttkit.o(.text)
    MQTT_PacketSaveData                      0x080029a7   Thumb Code    88  mqttkit.o(.text)
    MQTT_UnPacketCmd                         0x080029ff   Thumb Code   140  mqttkit.o(.text)
    MQTT_PacketCmdResp                       0x08002a8b   Thumb Code   150  mqttkit.o(.text)
    MQTT_PacketSubscribe                     0x08002b21   Thumb Code   254  mqttkit.o(.text)
    MQTT_UnPacketSubscribe                   0x08002c1f   Thumb Code    52  mqttkit.o(.text)
    MQTT_PacketUnSubscribe                   0x08002c53   Thumb Code   238  mqttkit.o(.text)
    MQTT_UnPacketUnSubscribe                 0x08002d41   Thumb Code    18  mqttkit.o(.text)
    MQTT_UnPacketPublish                     0x08002d53   Thumb Code   488  mqttkit.o(.text)
    MQTT_PacketPublishAck                    0x08002f3b   Thumb Code    72  mqttkit.o(.text)
    MQTT_UnPacketPublishAck                  0x08002f83   Thumb Code    30  mqttkit.o(.text)
    MQTT_PacketPublishRec                    0x08002fa1   Thumb Code    72  mqttkit.o(.text)
    MQTT_UnPacketPublishRec                  0x08002fe9   Thumb Code    30  mqttkit.o(.text)
    MQTT_PacketPublishRel                    0x08003007   Thumb Code    72  mqttkit.o(.text)
    MQTT_UnPacketPublishRel                  0x0800304f   Thumb Code    36  mqttkit.o(.text)
    MQTT_PacketPublishComp                   0x08003073   Thumb Code    72  mqttkit.o(.text)
    MQTT_UnPacketPublishComp                 0x080030bb   Thumb Code    30  mqttkit.o(.text)
    MQTT_PacketPing                          0x080030d9   Thumb Code    48  mqttkit.o(.text)
    ClearRAM                                 0x08003109   Thumb Code    18  mqttdata.o(.text)
    mqtt_connect_message                     0x08003193   Thumb Code   396  mqttdata.o(.text)
    mqtt_SendData_message                    0x0800331f   Thumb Code   170  mqttdata.o(.text)
    BC35_Clear                               0x08003415   Thumb Code    18  bc35.o(.text)
    BC35_WaitRecive                          0x08003427   Thumb Code    42  bc35.o(.text)
    BC35_SendCmd                             0x08003451   Thumb Code    90  bc35.o(.text)
    BC35_SendREVCMD                          0x080034ab   Thumb Code   136  bc35.o(.text)
    BC35_SENDDATA                            0x08003533   Thumb Code   180  bc35.o(.text)
    BC35_GetNSONMI                           0x080035e7   Thumb Code   152  bc35.o(.text)
    BC35_GetDATA                             0x0800367f   Thumb Code   150  bc35.o(.text)
    BC35_Init                                0x08003715   Thumb Code   966  bc35.o(.text)
    USART2_IRQHandler                        0x08003adb   Thumb Code    62  bc35.o(.text)
    HexArrayToString                         0x08003c55   Thumb Code    46  hexstr.o(.text)
    StringToHex                              0x08003c83   Thumb Code   216  hexstr.o(.text)
    malloc                                   0x08003d61   Thumb Code    94  h1_alloc.o(.text)
    free                                     0x08003dbf   Thumb Code    78  h1_free.o(.text)
    vsnprintf                                0x08003e0d   Thumb Code    48  vsnprintf.o(.text)
    __2sprintf                               0x08003e41   Thumb Code    38  __2sprintf.o(.text)
    _printf_pre_padding                      0x08003e6d   Thumb Code    44  _printf_pad.o(.text)
    _printf_post_padding                     0x08003e99   Thumb Code    34  _printf_pad.o(.text)
    _printf_str                              0x08003ebb   Thumb Code    82  _printf_str.o(.text)
    _printf_int_dec                          0x08003f0d   Thumb Code   104  _printf_dec.o(.text)
    _printf_longlong_hex                     0x08003f85   Thumb Code    86  _printf_hex_int_ll_ptr.o(.text)
    _printf_int_hex                          0x08003fdb   Thumb Code    28  _printf_hex_int_ll_ptr.o(.text)
    _printf_ll_hex                           0x08003ff7   Thumb Code    12  _printf_hex_int_ll_ptr.o(.text)
    _printf_hex_ptr                          0x08004003   Thumb Code    18  _printf_hex_int_ll_ptr.o(.text)
    __printf                                 0x08004019   Thumb Code   388  __printf_flags_ss_wp.o(.text)
    atoi                                     0x080041a1   Thumb Code    26  atoi.o(.text)
    strtok                                   0x080041bd   Thumb Code     6  strtok.o(.text)
    strchr                                   0x080041c9   Thumb Code    20  strchr.o(.text)
    strncat                                  0x080041dd   Thumb Code    36  strncat.o(.text)
    strstr                                   0x08004201   Thumb Code    36  strstr.o(.text)
    strcpy                                   0x08004225   Thumb Code    72  strcpy.o(.text)
    strlen                                   0x0800426d   Thumb Code    62  strlen.o(.text)
    strcat                                   0x080042ab   Thumb Code    24  strcat.o(.text)
    __aeabi_memcpy                           0x080042c3   Thumb Code     0  rt_memcpy_v6.o(.text)
    __rt_memcpy                              0x080042c3   Thumb Code   138  rt_memcpy_v6.o(.text)
    _memcpy_lastbytes                        0x08004329   Thumb Code     0  rt_memcpy_v6.o(.text)
    __aeabi_memcpy4                          0x0800434d   Thumb Code     0  rt_memcpy_w.o(.text)
    __aeabi_memcpy8                          0x0800434d   Thumb Code     0  rt_memcpy_w.o(.text)
    __rt_memcpy_w                            0x0800434d   Thumb Code   100  rt_memcpy_w.o(.text)
    _memcpy_lastbytes_aligned                0x08004395   Thumb Code     0  rt_memcpy_w.o(.text)
    __aeabi_memclr                           0x080043b1   Thumb Code     0  rt_memclr.o(.text)
    __rt_memclr                              0x080043b1   Thumb Code    68  rt_memclr.o(.text)
    _memset                                  0x080043b5   Thumb Code     0  rt_memclr.o(.text)
    __aeabi_memclr4                          0x080043f5   Thumb Code     0  rt_memclr_w.o(.text)
    __aeabi_memclr8                          0x080043f5   Thumb Code     0  rt_memclr_w.o(.text)
    __rt_memclr_w                            0x080043f5   Thumb Code    78  rt_memclr_w.o(.text)
    _memset_w                                0x080043f9   Thumb Code     0  rt_memclr_w.o(.text)
    strncpy                                  0x08004443   Thumb Code    86  strncpy.o(.text)
    __use_two_region_memory                  0x08004499   Thumb Code     2  heapauxi.o(.text)
    __rt_heap_escrow                         0x0800449b   Thumb Code     2  heapauxi.o(.text)
    __rt_heap_expand                         0x0800449d   Thumb Code     2  heapauxi.o(.text)
    __rt_heap_descriptor                     0x080044a1   Thumb Code     8  rt_heap_descriptor_intlibspace.o(.text)
    __aeabi_errno_addr                       0x080044a9   Thumb Code     8  rt_errno_addr_intlibspace.o(.text)
    __errno$intlibspace                      0x080044a9   Thumb Code     0  rt_errno_addr_intlibspace.o(.text)
    __rt_errno_addr$intlibspace              0x080044a9   Thumb Code     0  rt_errno_addr_intlibspace.o(.text)
    __use_no_heap                            0x080044b1   Thumb Code     2  hguard.o(.text)
    __heap$guard                             0x080044b3   Thumb Code     2  hguard.o(.text)
    _terminate_user_alloc                    0x080044b5   Thumb Code     2  init_alloc.o(.text)
    _init_user_alloc                         0x080044b7   Thumb Code     2  init_alloc.o(.text)
    __Heap_Full                              0x080044b9   Thumb Code    34  init_alloc.o(.text)
    __Heap_Broken                            0x080044db   Thumb Code     6  init_alloc.o(.text)
    _init_alloc                              0x080044e1   Thumb Code    94  init_alloc.o(.text)
    __Heap_Initialize                        0x0800453f   Thumb Code    10  h1_init.o(.text)
    __Heap_DescSize                          0x08004549   Thumb Code     4  h1_init.o(.text)
    _printf_truncate_signed                  0x0800454d   Thumb Code    18  _printf_truncate.o(.text)
    _printf_truncate_unsigned                0x0800455f   Thumb Code    18  _printf_truncate.o(.text)
    _printf_int_common                       0x08004571   Thumb Code   178  _printf_intcommon.o(.text)
    _printf_charcount                        0x08004623   Thumb Code    40  _printf_charcount.o(.text)
    _printf_char_common                      0x08004657   Thumb Code    32  _printf_char_common.o(.text)
    _sputc                                   0x0800467d   Thumb Code    10  _sputc.o(.text)
    _snputc                                  0x08004687   Thumb Code    16  _snputc.o(.text)
    _printf_cs_common                        0x08004697   Thumb Code    20  _printf_char.o(.text)
    _printf_char                             0x080046ab   Thumb Code    16  _printf_char.o(.text)
    _printf_string                           0x080046bb   Thumb Code     8  _printf_char.o(.text)
    _printf_wctomb                           0x080046c5   Thumb Code   182  _printf_wctomb.o(.text)
    _printf_longlong_dec                     0x08004781   Thumb Code   108  _printf_longlong_dec.o(.text)
    _printf_longlong_oct                     0x080047fd   Thumb Code    68  _printf_oct_int_ll.o(.text)
    _printf_int_oct                          0x08004841   Thumb Code    24  _printf_oct_int_ll.o(.text)
    _printf_ll_oct                           0x08004859   Thumb Code    12  _printf_oct_int_ll.o(.text)
    strtol                                   0x0800486d   Thumb Code   112  strtol.o(.text)
    __strtok_internal                        0x080048dd   Thumb Code    64  strtok_int.o(.text)
    __user_libspace                          0x08004921   Thumb Code     8  libspace.o(.text)
    __user_perproc_libspace                  0x08004921   Thumb Code     0  libspace.o(.text)
    __user_perthread_libspace                0x08004921   Thumb Code     0  libspace.o(.text)
    __rt_ctype_table                         0x08004929   Thumb Code    16  rt_ctype_table.o(.text)
    __Heap_ProvideMemory                     0x08004939   Thumb Code    52  h1_extend.o(.text)
    _ll_udiv10                               0x0800496d   Thumb Code   138  lludiv10.o(.text)
    __lib_sel_fp_printf                      0x080049f7   Thumb Code     2  _printf_fp_dec.o(.text)
    _printf_fp_dec_real                      0x08004ba5   Thumb Code   620  _printf_fp_dec.o(.text)
    _printf_fp_hex_real                      0x08004e11   Thumb Code   754  _printf_fp_hex.o(.text)
    _printf_lcs_common                       0x0800510d   Thumb Code    20  _printf_wchar.o(.text)
    _printf_wchar                            0x08005121   Thumb Code    16  _printf_wchar.o(.text)
    _printf_wstring                          0x08005131   Thumb Code     8  _printf_wchar.o(.text)
    _strtoul                                 0x08005139   Thumb Code   158  _strtoul.o(.text)
    _wcrtomb                                 0x080051d7   Thumb Code    64  _wcrtomb.o(.text)
    __rt_SIGRTMEM                            0x08005217   Thumb Code    14  defsig_rtmem_outer.o(.text)
    strcspn                                  0x08005225   Thumb Code    32  strcspn.o(.text)
    strspn                                   0x08005245   Thumb Code    28  strspn.o(.text)
    __I$use$semihosting                      0x08005261   Thumb Code     0  use_no_semi.o(.text)
    __use_no_semihosting_swi                 0x08005261   Thumb Code     2  use_no_semi.o(.text)
    __semihosting_library_function           0x08005263   Thumb Code     0  indicate_semi.o(.text)
    __user_setup_stackheap                   0x08005263   Thumb Code    74  sys_stackheap_outer.o(.text)
    __rt_locale                              0x080052ad   Thumb Code     8  rt_locale_intlibspace.o(.text)
    _printf_fp_infnan                        0x080052b5   Thumb Code   112  _printf_fp_infnan.o(.text)
    _chval                                   0x08005335   Thumb Code    28  _chval.o(.text)
    _btod_etento                             0x08005351   Thumb Code   216  bigflt0.o(.text)
    exit                                     0x0800542d   Thumb Code    12  exit.o(.text)
    __sig_exit                               0x08005439   Thumb Code    10  defsig_exit.o(.text)
    __rt_SIGRTMEM_inner                      0x08005445   Thumb Code    22  defsig_rtmem_inner.o(.text)
    _sys_exit                                0x08005495   Thumb Code     8  sys_exit.o(.text)
    __default_signal_display                 0x080054a1   Thumb Code    50  defsig_general.o(.text)
    strcmp                                   0x080054d5   Thumb Code   128  strcmpv7m.o(.text)
    _ttywrch                                 0x08005555   Thumb Code    14  sys_wrch.o(.text)
    _btod_d2e                                0x08005563   Thumb Code    62  btod.o(CL$$btod_d2e)
    _d2e_denorm_low                          0x080055a1   Thumb Code    70  btod.o(CL$$btod_d2e_denorm_low)
    _d2e_norm_op1                            0x080055e7   Thumb Code    96  btod.o(CL$$btod_d2e_norm_op1)
    __btod_div_common                        0x08005647   Thumb Code   696  btod.o(CL$$btod_div_common)
    _e2e                                     0x0800597f   Thumb Code   198  btod.o(CL$$btod_e2e)
    _btod_ediv                               0x08005a45   Thumb Code    40  btod.o(CL$$btod_ediv)
    _btod_emul                               0x08005a6d   Thumb Code    40  btod.o(CL$$btod_emul)
    __btod_mult_common                       0x08005a95   Thumb Code   580  btod.o(CL$$btod_mult_common)
    __ARM_fpclassify                         0x08005cd9   Thumb Code    40  fpclassify.o(i.__ARM_fpclassify)
    _is_digit                                0x08005d01   Thumb Code    14  __printf_wp.o(i._is_digit)
    _get_lc_ctype                            0x08005d11   Thumb Code    44  lc_ctype_c.o(locale$$code)
    _get_lc_numeric                          0x08005d3d   Thumb Code    44  lc_numeric_c.o(locale$$code)
    _printf_fp_dec                           0x08005d69   Thumb Code     4  printf1.o(x$fpl$printf1)
    _printf_fp_hex                           0x08005d6d   Thumb Code     4  printf2.o(x$fpl$printf2)
    F6x8                                     0x08005d70   Data         552  oled.o(.constdata)
    __I$use$fp                               0x08005d70   Number         0  usenofp.o(x$fpl$usenofp)
    F8X16                                    0x08005f98   Data        1520  oled.o(.constdata)
    Num2CharTable                            0x080065ec   Data          17  hexstr.o(.constdata)
    Region$$Table$$Base                      0x080066fc   Number         0  anon$$obj.o(Region$$Table)
    Region$$Table$$Limit                     0x0800671c   Number         0  anon$$obj.o(Region$$Table)
    __ctype                                  0x08006729   Data           0  lc_ctype_c.o(locale$$data)
    SystemCoreClock                          0x20000000   Data           4  system_stm32f10x.o(.data)
    AHBPrescTable                            0x20000004   Data          16  system_stm32f10x.o(.data)
    beep_info                                0x20000028   Data           1  beep.o(.data)
    UsCount                                  0x2000002a   Data           1  delay.o(.data)
    MsCount                                  0x2000002c   Data           2  delay.o(.data)
    DHT11_Data                               0x2000002e   Data           5  dht11.o(.data)
    Hzk                                      0x20000033   Data         256  oled.o(.data)
    BC35_cnt                                 0x20000134   Data           2  bc35.o(.data)
    BC35_cntPre                              0x20000136   Data           2  bc35.o(.data)
    BC35_buf                                 0x2000013c   Data         128  bc35.o(.bss)
    __libspace_start                         0x200001bc   Data          96  libspace.o(.bss)
    __temporary_stack_top$libspace           0x2000021c   Data           0  libspace.o(.bss)



==============================================================================

Memory Map of the image

  Image Entry point : 0x08000131

  Load Region LR_IROM1 (Base: 0x08000000, Size: 0x00006984, Max: 0x00020000, ABSOLUTE, COMPRESSED[0x000068d8])

    Execution Region ER_IROM1 (Base: 0x08000000, Size: 0x00006848, Max: 0x00020000, ABSOLUTE)

    Base Addr    Size         Type   Attr      Idx    E Section Name        Object

    0x08000000   0x00000130   Data   RO          139    RESET               startup_stm32f10x_hd.o
    0x08000130   0x00000008   Code   RO          668  * !!!main             c_w.l(__main.o)
    0x08000138   0x00000034   Code   RO         1086    !!!scatter          c_w.l(__scatter.o)
    0x0800016c   0x0000005a   Code   RO         1084    !!dczerorl2         c_w.l(__dczerorl2.o)
    0x080001c6   0x00000002   PAD
    0x080001c8   0x0000001c   Code   RO         1088    !!handler_zi        c_w.l(__scatter_zi.o)
    0x080001e4   0x00000000   Code   RO          638    .ARM.Collect$$_printf_percent$$00000000  c_w.l(_printf_percent.o)
    0x080001e4   0x00000006   Code   RO          771    .ARM.Collect$$_printf_percent$$00000001  c_w.l(_printf_n.o)
    0x080001ea   0x00000006   Code   RO          772    .ARM.Collect$$_printf_percent$$00000002  c_w.l(_printf_p.o)
    0x080001f0   0x00000006   Code   RO          776    .ARM.Collect$$_printf_percent$$00000003  c_w.l(_printf_f.o)
    0x080001f6   0x00000006   Code   RO          777    .ARM.Collect$$_printf_percent$$00000004  c_w.l(_printf_e.o)
    0x080001fc   0x00000006   Code   RO          778    .ARM.Collect$$_printf_percent$$00000005  c_w.l(_printf_g.o)
    0x08000202   0x00000006   Code   RO          779    .ARM.Collect$$_printf_percent$$00000006  c_w.l(_printf_a.o)
    0x08000208   0x0000000a   Code   RO          784    .ARM.Collect$$_printf_percent$$00000007  c_w.l(_printf_ll.o)
    0x08000212   0x00000006   Code   RO          774    .ARM.Collect$$_printf_percent$$00000008  c_w.l(_printf_i.o)
    0x08000218   0x00000006   Code   RO          637    .ARM.Collect$$_printf_percent$$00000009  c_w.l(_printf_d.o)
    0x0800021e   0x00000006   Code   RO          775    .ARM.Collect$$_printf_percent$$0000000A  c_w.l(_printf_u.o)
    0x08000224   0x00000006   Code   RO          773    .ARM.Collect$$_printf_percent$$0000000B  c_w.l(_printf_o.o)
    0x0800022a   0x00000006   Code   RO          636    .ARM.Collect$$_printf_percent$$0000000C  c_w.l(_printf_x.o)
    0x08000230   0x00000006   Code   RO          781    .ARM.Collect$$_printf_percent$$0000000D  c_w.l(_printf_lli.o)
    0x08000236   0x00000006   Code   RO          782    .ARM.Collect$$_printf_percent$$0000000E  c_w.l(_printf_lld.o)
    0x0800023c   0x00000006   Code   RO          783    .ARM.Collect$$_printf_percent$$0000000F  c_w.l(_printf_llu.o)
    0x08000242   0x00000006   Code   RO          788    .ARM.Collect$$_printf_percent$$00000010  c_w.l(_printf_llo.o)
    0x08000248   0x00000006   Code   RO          789    .ARM.Collect$$_printf_percent$$00000011  c_w.l(_printf_llx.o)
    0x0800024e   0x0000000a   Code   RO          785    .ARM.Collect$$_printf_percent$$00000012  c_w.l(_printf_l.o)
    0x08000258   0x00000006   Code   RO          770    .ARM.Collect$$_printf_percent$$00000013  c_w.l(_printf_c.o)
    0x0800025e   0x00000006   Code   RO          635    .ARM.Collect$$_printf_percent$$00000014  c_w.l(_printf_s.o)
    0x08000264   0x00000006   Code   RO          786    .ARM.Collect$$_printf_percent$$00000015  c_w.l(_printf_lc.o)
    0x0800026a   0x00000006   Code   RO          787    .ARM.Collect$$_printf_percent$$00000016  c_w.l(_printf_ls.o)
    0x08000270   0x00000004   Code   RO          780    .ARM.Collect$$_printf_percent$$00000017  c_w.l(_printf_percent_end.o)
    0x08000274   0x00000002   Code   RO         1016    .ARM.Collect$$libinit$$00000000  c_w.l(libinit.o)
    0x08000276   0x00000000   Code   RO          797    .ARM.Collect$$libinit$$00000002  c_w.l(libinit2.o)
    0x08000276   0x00000000   Code   RO          799    .ARM.Collect$$libinit$$00000004  c_w.l(libinit2.o)
    0x08000276   0x00000008   Code   RO          800    .ARM.Collect$$libinit$$00000005  c_w.l(libinit2.o)
    0x0800027e   0x00000000   Code   RO          802    .ARM.Collect$$libinit$$0000000A  c_w.l(libinit2.o)
    0x0800027e   0x00000000   Code   RO          804    .ARM.Collect$$libinit$$0000000C  c_w.l(libinit2.o)
    0x0800027e   0x00000000   Code   RO          806    .ARM.Collect$$libinit$$0000000E  c_w.l(libinit2.o)
    0x0800027e   0x00000006   Code   RO          807    .ARM.Collect$$libinit$$0000000F  c_w.l(libinit2.o)
    0x08000284   0x00000000   Code   RO          809    .ARM.Collect$$libinit$$00000011  c_w.l(libinit2.o)
    0x08000284   0x0000000c   Code   RO          810    .ARM.Collect$$libinit$$00000012  c_w.l(libinit2.o)
    0x08000290   0x00000000   Code   RO          811    .ARM.Collect$$libinit$$00000013  c_w.l(libinit2.o)
    0x08000290   0x00000000   Code   RO          813    .ARM.Collect$$libinit$$00000015  c_w.l(libinit2.o)
    0x08000290   0x0000000a   Code   RO          814    .ARM.Collect$$libinit$$00000016  c_w.l(libinit2.o)
    0x0800029a   0x00000000   Code   RO          815    .ARM.Collect$$libinit$$00000017  c_w.l(libinit2.o)
    0x0800029a   0x00000000   Code   RO          817    .ARM.Collect$$libinit$$00000019  c_w.l(libinit2.o)
    0x0800029a   0x00000000   Code   RO          819    .ARM.Collect$$libinit$$0000001B  c_w.l(libinit2.o)
    0x0800029a   0x00000000   Code   RO          821    .ARM.Collect$$libinit$$0000001D  c_w.l(libinit2.o)
    0x0800029a   0x00000000   Code   RO          823    .ARM.Collect$$libinit$$0000001F  c_w.l(libinit2.o)
    0x0800029a   0x00000000   Code   RO          825    .ARM.Collect$$libinit$$00000021  c_w.l(libinit2.o)
    0x0800029a   0x00000000   Code   RO          827    .ARM.Collect$$libinit$$00000023  c_w.l(libinit2.o)
    0x0800029a   0x00000000   Code   RO          829    .ARM.Collect$$libinit$$00000025  c_w.l(libinit2.o)
    0x0800029a   0x00000000   Code   RO          833    .ARM.Collect$$libinit$$0000002C  c_w.l(libinit2.o)
    0x0800029a   0x00000000   Code   RO          835    .ARM.Collect$$libinit$$0000002E  c_w.l(libinit2.o)
    0x0800029a   0x00000000   Code   RO          837    .ARM.Collect$$libinit$$00000030  c_w.l(libinit2.o)
    0x0800029a   0x00000000   Code   RO          839    .ARM.Collect$$libinit$$00000032  c_w.l(libinit2.o)
    0x0800029a   0x00000002   Code   RO          840    .ARM.Collect$$libinit$$00000033  c_w.l(libinit2.o)
    0x0800029c   0x00000002   Code   RO         1081    .ARM.Collect$$libshutdown$$00000000  c_w.l(libshutdown.o)
    0x0800029e   0x00000000   Code   RO         1037    .ARM.Collect$$libshutdown$$00000003  c_w.l(libshutdown2.o)
    0x0800029e   0x00000000   Code   RO         1040    .ARM.Collect$$libshutdown$$00000006  c_w.l(libshutdown2.o)
    0x0800029e   0x00000000   Code   RO         1043    .ARM.Collect$$libshutdown$$00000009  c_w.l(libshutdown2.o)
    0x0800029e   0x00000000   Code   RO         1045    .ARM.Collect$$libshutdown$$0000000B  c_w.l(libshutdown2.o)
    0x0800029e   0x00000000   Code   RO         1048    .ARM.Collect$$libshutdown$$0000000E  c_w.l(libshutdown2.o)
    0x0800029e   0x00000002   Code   RO         1049    .ARM.Collect$$libshutdown$$0000000F  c_w.l(libshutdown2.o)
    0x080002a0   0x00000000   Code   RO          712    .ARM.Collect$$rtentry$$00000000  c_w.l(__rtentry.o)
    0x080002a0   0x00000000   Code   RO          894    .ARM.Collect$$rtentry$$00000002  c_w.l(__rtentry2.o)
    0x080002a0   0x00000006   Code   RO          906    .ARM.Collect$$rtentry$$00000004  c_w.l(__rtentry4.o)
    0x080002a6   0x00000000   Code   RO          896    .ARM.Collect$$rtentry$$00000009  c_w.l(__rtentry2.o)
    0x080002a6   0x00000004   Code   RO          897    .ARM.Collect$$rtentry$$0000000A  c_w.l(__rtentry2.o)
    0x080002aa   0x00000000   Code   RO          899    .ARM.Collect$$rtentry$$0000000C  c_w.l(__rtentry2.o)
    0x080002aa   0x00000008   Code   RO          900    .ARM.Collect$$rtentry$$0000000D  c_w.l(__rtentry2.o)
    0x080002b2   0x00000002   Code   RO         1023    .ARM.Collect$$rtexit$$00000000  c_w.l(rtexit.o)
    0x080002b4   0x00000000   Code   RO         1055    .ARM.Collect$$rtexit$$00000002  c_w.l(rtexit2.o)
    0x080002b4   0x00000004   Code   RO         1056    .ARM.Collect$$rtexit$$00000003  c_w.l(rtexit2.o)
    0x080002b8   0x00000006   Code   RO         1057    .ARM.Collect$$rtexit$$00000004  c_w.l(rtexit2.o)
    0x080002be   0x00000002   PAD
    0x080002c0   0x00000000   Code   RO          912    .emb_text           c_w.l(maybetermalloc1.o)
    0x080002c0   0x00000134   Code   RO           17    .text               stm32f10x_it.o
    0x080003f4   0x000001e8   Code   RO          119    .text               system_stm32f10x.o
    0x080005dc   0x00000040   Code   RO          140    .text               startup_stm32f10x_hd.o
    0x0800061c   0x000000dc   Code   RO          144    .text               misc.o
    0x080006f8   0x0000035c   Code   RO          182    .text               stm32f10x_gpio.o
    0x08000a54   0x000003ac   Code   RO          194    .text               stm32f10x_rcc.o
    0x08000e00   0x00000408   Code   RO          208    .text               stm32f10x_usart.o
    0x08001208   0x0000005c   Code   RO          232    .text               beep.o
    0x08001264   0x000000f4   Code   RO          250    .text               delay.o
    0x08001358   0x000001e8   Code   RO          268    .text               usart.o
    0x08001540   0x0000017c   Code   RO          330    .text               dht11.o
    0x080016bc   0x000004aa   Code   RO          348    .text               oled.o
    0x08001b66   0x00000002   PAD
    0x08001b68   0x00000128   Code   RO          373    .text               main.o
    0x08001c90   0x00000730   Code   RO          416    .text               onenet.o
    0x080023c0   0x00000d48   Code   RO          442    .text               mqttkit.o
    0x08003108   0x0000030c   Code   RO          466    .text               mqttdata.o
    0x08003414   0x00000840   Code   RO          481    .text               bc35.o
    0x08003c54   0x0000010c   Code   RO          498    .text               hexstr.o
    0x08003d60   0x0000005e   Code   RO          522    .text               c_w.l(h1_alloc.o)
    0x08003dbe   0x0000004e   Code   RO          524    .text               c_w.l(h1_free.o)
    0x08003e0c   0x00000034   Code   RO          580    .text               c_w.l(vsnprintf.o)
    0x08003e40   0x0000002c   Code   RO          582    .text               c_w.l(__2sprintf.o)
    0x08003e6c   0x0000004e   Code   RO          588    .text               c_w.l(_printf_pad.o)
    0x08003eba   0x00000052   Code   RO          590    .text               c_w.l(_printf_str.o)
    0x08003f0c   0x00000078   Code   RO          592    .text               c_w.l(_printf_dec.o)
    0x08003f84   0x00000094   Code   RO          612    .text               c_w.l(_printf_hex_int_ll_ptr.o)
    0x08004018   0x00000188   Code   RO          632    .text               c_w.l(__printf_flags_ss_wp.o)
    0x080041a0   0x0000001a   Code   RO          639    .text               c_w.l(atoi.o)
    0x080041ba   0x00000002   PAD
    0x080041bc   0x0000000c   Code   RO          641    .text               c_w.l(strtok.o)
    0x080041c8   0x00000014   Code   RO          644    .text               c_w.l(strchr.o)
    0x080041dc   0x00000024   Code   RO          646    .text               c_w.l(strncat.o)
    0x08004200   0x00000024   Code   RO          648    .text               c_w.l(strstr.o)
    0x08004224   0x00000048   Code   RO          650    .text               c_w.l(strcpy.o)
    0x0800426c   0x0000003e   Code   RO          652    .text               c_w.l(strlen.o)
    0x080042aa   0x00000018   Code   RO          654    .text               c_w.l(strcat.o)
    0x080042c2   0x0000008a   Code   RO          656    .text               c_w.l(rt_memcpy_v6.o)
    0x0800434c   0x00000064   Code   RO          658    .text               c_w.l(rt_memcpy_w.o)
    0x080043b0   0x00000044   Code   RO          660    .text               c_w.l(rt_memclr.o)
    0x080043f4   0x0000004e   Code   RO          662    .text               c_w.l(rt_memclr_w.o)
    0x08004442   0x00000056   Code   RO          664    .text               c_w.l(strncpy.o)
    0x08004498   0x00000006   Code   RO          666    .text               c_w.l(heapauxi.o)
    0x0800449e   0x00000002   PAD
    0x080044a0   0x00000008   Code   RO          716    .text               c_w.l(rt_heap_descriptor_intlibspace.o)
    0x080044a8   0x00000008   Code   RO          721    .text               c_w.l(rt_errno_addr_intlibspace.o)
    0x080044b0   0x00000004   Code   RO          723    .text               c_w.l(hguard.o)
    0x080044b4   0x0000008a   Code   RO          725    .text               c_w.l(init_alloc.o)
    0x0800453e   0x0000000e   Code   RO          729    .text               c_w.l(h1_init.o)
    0x0800454c   0x00000024   Code   RO          745    .text               c_w.l(_printf_truncate.o)
    0x08004570   0x000000b2   Code   RO          747    .text               c_w.l(_printf_intcommon.o)
    0x08004622   0x00000028   Code   RO          749    .text               c_w.l(_printf_charcount.o)
    0x0800464a   0x00000002   PAD
    0x0800464c   0x00000030   Code   RO          751    .text               c_w.l(_printf_char_common.o)
    0x0800467c   0x0000000a   Code   RO          753    .text               c_w.l(_sputc.o)
    0x08004686   0x00000010   Code   RO          755    .text               c_w.l(_snputc.o)
    0x08004696   0x0000002c   Code   RO          757    .text               c_w.l(_printf_char.o)
    0x080046c2   0x00000002   PAD
    0x080046c4   0x000000bc   Code   RO          759    .text               c_w.l(_printf_wctomb.o)
    0x08004780   0x0000007c   Code   RO          762    .text               c_w.l(_printf_longlong_dec.o)
    0x080047fc   0x00000070   Code   RO          768    .text               c_w.l(_printf_oct_int_ll.o)
    0x0800486c   0x00000070   Code   RO          790    .text               c_w.l(strtol.o)
    0x080048dc   0x00000044   Code   RO          792    .text               c_w.l(strtok_int.o)
    0x08004920   0x00000008   Code   RO          890    .text               c_w.l(libspace.o)
    0x08004928   0x00000010   Code   RO          908    .text               c_w.l(rt_ctype_table.o)
    0x08004938   0x00000034   Code   RO          914    .text               c_w.l(h1_extend.o)
    0x0800496c   0x0000008a   Code   RO          918    .text               c_w.l(lludiv10.o)
    0x080049f6   0x0000041a   Code   RO          920    .text               c_w.l(_printf_fp_dec.o)
    0x08004e10   0x000002fc   Code   RO          922    .text               c_w.l(_printf_fp_hex.o)
    0x0800510c   0x0000002c   Code   RO          927    .text               c_w.l(_printf_wchar.o)
    0x08005138   0x0000009e   Code   RO          929    .text               c_w.l(_strtoul.o)
    0x080051d6   0x00000040   Code   RO          931    .text               c_w.l(_wcrtomb.o)
    0x08005216   0x0000000e   Code   RO          933    .text               c_w.l(defsig_rtmem_outer.o)
    0x08005224   0x00000020   Code   RO          937    .text               c_w.l(strcspn.o)
    0x08005244   0x0000001c   Code   RO          939    .text               c_w.l(strspn.o)
    0x08005260   0x00000002   Code   RO          952    .text               c_w.l(use_no_semi.o)
    0x08005262   0x00000000   Code   RO          954    .text               c_w.l(indicate_semi.o)
    0x08005262   0x0000004a   Code   RO          955    .text               c_w.l(sys_stackheap_outer.o)
    0x080052ac   0x00000008   Code   RO          962    .text               c_w.l(rt_locale_intlibspace.o)
    0x080052b4   0x00000080   Code   RO          966    .text               c_w.l(_printf_fp_infnan.o)
    0x08005334   0x0000001c   Code   RO          968    .text               c_w.l(_chval.o)
    0x08005350   0x000000dc   Code   RO          970    .text               c_w.l(bigflt0.o)
    0x0800542c   0x0000000c   Code   RO         1001    .text               c_w.l(exit.o)
    0x08005438   0x0000000a   Code   RO         1003    .text               c_w.l(defsig_exit.o)
    0x08005442   0x00000002   PAD
    0x08005444   0x00000050   Code   RO         1005    .text               c_w.l(defsig_rtmem_inner.o)
    0x08005494   0x0000000c   Code   RO         1021    .text               c_w.l(sys_exit.o)
    0x080054a0   0x00000032   Code   RO         1031    .text               c_w.l(defsig_general.o)
    0x080054d2   0x00000002   PAD
    0x080054d4   0x00000080   Code   RO         1033    .text               c_w.l(strcmpv7m.o)
    0x08005554   0x0000000e   Code   RO         1052    .text               c_w.l(sys_wrch.o)
    0x08005562   0x0000003e   Code   RO          973    CL$$btod_d2e        c_w.l(btod.o)
    0x080055a0   0x00000046   Code   RO          975    CL$$btod_d2e_denorm_low  c_w.l(btod.o)
    0x080055e6   0x00000060   Code   RO          974    CL$$btod_d2e_norm_op1  c_w.l(btod.o)
    0x08005646   0x00000338   Code   RO          983    CL$$btod_div_common  c_w.l(btod.o)
    0x0800597e   0x000000c6   Code   RO          980    CL$$btod_e2e        c_w.l(btod.o)
    0x08005a44   0x00000028   Code   RO          977    CL$$btod_ediv       c_w.l(btod.o)
    0x08005a6c   0x00000028   Code   RO          976    CL$$btod_emul       c_w.l(btod.o)
    0x08005a94   0x00000244   Code   RO          982    CL$$btod_mult_common  c_w.l(btod.o)
    0x08005cd8   0x00000028   Code   RO          884    i.__ARM_fpclassify  m_ws.l(fpclassify.o)
    0x08005d00   0x0000000e   Code   RO          625    i._is_digit         c_w.l(__printf_wp.o)
    0x08005d0e   0x00000002   PAD
    0x08005d10   0x0000002c   Code   RO          996    locale$$code        c_w.l(lc_ctype_c.o)
    0x08005d3c   0x0000002c   Code   RO          999    locale$$code        c_w.l(lc_numeric_c.o)
    0x08005d68   0x00000004   Code   RO          859    x$fpl$printf1       fz_ws.l(printf1.o)
    0x08005d6c   0x00000004   Code   RO          861    x$fpl$printf2       fz_ws.l(printf2.o)
    0x08005d70   0x00000000   Code   RO          869    x$fpl$usenofp       fz_ws.l(usenofp.o)
    0x08005d70   0x00000818   Data   RO          349    .constdata          oled.o
    0x08006588   0x00000064   Data   RO          483    .constdata          bc35.o
    0x080065ec   0x00000011   Data   RO          499    .constdata          hexstr.o
    0x080065fd   0x00000028   Data   RO          613    .constdata          c_w.l(_printf_hex_int_ll_ptr.o)
    0x08006625   0x00000011   Data   RO          633    .constdata          c_w.l(__printf_flags_ss_wp.o)
    0x08006636   0x00000002   PAD
    0x08006638   0x00000008   Data   RO          760    .constdata          c_w.l(_printf_wctomb.o)
    0x08006640   0x00000026   Data   RO          923    .constdata          c_w.l(_printf_fp_hex.o)
    0x08006666   0x00000002   PAD
    0x08006668   0x00000094   Data   RO          971    .constdata          c_w.l(bigflt0.o)
    0x080066fc   0x00000020   Data   RO         1082    Region$$Table       anon$$obj.o
    0x0800671c   0x00000110   Data   RO          995    locale$$data        c_w.l(lc_ctype_c.o)
    0x0800682c   0x0000001c   Data   RO          998    locale$$data        c_w.l(lc_numeric_c.o)


    Execution Region RW_IRAM1 (Base: 0x20000000, Size: 0x00000a20, Max: 0x00005000, ABSOLUTE, COMPRESSED[0x00000090])

    Base Addr    Size         Type   Attr      Idx    E Section Name        Object

    0x20000000   0x00000014   Data   RW          120    .data               system_stm32f10x.o
    0x20000014   0x00000014   Data   RW          195    .data               stm32f10x_rcc.o
    0x20000028   0x00000001   Data   RW          233    .data               beep.o
    0x20000029   0x00000001   PAD
    0x2000002a   0x00000004   Data   RW          251    .data               delay.o
    0x2000002e   0x00000005   Data   RW          331    .data               dht11.o
    0x20000033   0x00000100   Data   RW          350    .data               oled.o
    0x20000133   0x00000001   PAD
    0x20000134   0x00000004   Data   RW          484    .data               bc35.o
    0x20000138   0x00000004   Data   RW          642    .data               c_w.l(strtok.o)
    0x2000013c   0x00000080   Zero   RW          482    .bss                bc35.o
    0x200001bc   0x00000060   Zero   RW          891    .bss                c_w.l(libspace.o)
    0x2000021c   0x00000004   PAD
    0x20000220   0x00000400   Zero   RW          138    HEAP                startup_stm32f10x_hd.o
    0x20000620   0x00000400   Zero   RW          137    STACK               startup_stm32f10x_hd.o


==============================================================================

Image component sizes


      Code (inc. data)   RO Data    RW Data    ZI Data      Debug   Object Name

      2112        764        100          4        128       4276   bc35.o
        92         12          0          1          0       1113   beep.o
         0          0          0          0          0       4536   core_cm3.o
       244         10          0          4          0       1388   delay.o
       380         10          0          5          0       2317   dht11.o
       268          6         17          0          0       1451   hexstr.o
       296         84          0          0          0        765   main.o
       220         22          0          0          0     204953   misc.o
       780         76          0          0          0       2242   mqttdata.o
      3400        134          0          0          0      13564   mqttkit.o
      1194         16       2072        256          0       4457   oled.o
      1840        888          0          0          0       4082   onenet.o
        64         26        304          0       2048        784   startup_stm32f10x_hd.o
       860         38          0          0          0       5517   stm32f10x_gpio.o
       308        248          0          0          0      24355   stm32f10x_it.o
       940         44          0         20          0       8644   stm32f10x_rcc.o
      1032         22          0          0          0       8244   stm32f10x_usart.o
       488         46          0         20          0       1671   system_stm32f10x.o
       488         14          0          0          0       2777   usart.o

    ----------------------------------------------------------------------
     15008       2460       2525        312       2176     297136   Object Totals
         0          0         32          0          0          0   (incl. Generated)
         2          0          0          2          0          0   (incl. Padding)

    ----------------------------------------------------------------------

      Code (inc. data)   RO Data    RW Data    ZI Data      Debug   Library Member Name

        44          6          0          0          0         84   __2sprintf.o
        90          0          0          0          0          0   __dczerorl2.o
         8          0          0          0          0         68   __main.o
       392          4         17          0          0         92   __printf_flags_ss_wp.o
        14          0          0          0          0         68   __printf_wp.o
         0          0          0          0          0          0   __rtentry.o
        12          0          0          0          0          0   __rtentry2.o
         6          0          0          0          0          0   __rtentry4.o
        52          8          0          0          0          0   __scatter.o
        28          0          0          0          0          0   __scatter_zi.o
        28          0          0          0          0         68   _chval.o
         6          0          0          0          0          0   _printf_a.o
         6          0          0          0          0          0   _printf_c.o
        44          0          0          0          0        108   _printf_char.o
        48          6          0          0          0         96   _printf_char_common.o
        40          0          0          0          0         68   _printf_charcount.o
         6          0          0          0          0          0   _printf_d.o
       120         16          0          0          0         92   _printf_dec.o
         6          0          0          0          0          0   _printf_e.o
         6          0          0          0          0          0   _printf_f.o
      1050          0          0          0          0        216   _printf_fp_dec.o
       764         10         38          0          0        100   _printf_fp_hex.o
       128         16          0          0          0         84   _printf_fp_infnan.o
         6          0          0          0          0          0   _printf_g.o
       148          4         40          0          0        160   _printf_hex_int_ll_ptr.o
         6          0          0          0          0          0   _printf_i.o
       178          0          0          0          0         88   _printf_intcommon.o
        10          0          0          0          0          0   _printf_l.o
         6          0          0          0          0          0   _printf_lc.o
        10          0          0          0          0          0   _printf_ll.o
         6          0          0          0          0          0   _printf_lld.o
         6          0          0          0          0          0   _printf_lli.o
         6          0          0          0          0          0   _printf_llo.o
         6          0          0          0          0          0   _printf_llu.o
         6          0          0          0          0          0   _printf_llx.o
       124         16          0          0          0         92   _printf_longlong_dec.o
         6          0          0          0          0          0   _printf_ls.o
         6          0          0          0          0          0   _printf_n.o
         6          0          0          0          0          0   _printf_o.o
       112          8          0          0          0        124   _printf_oct_int_ll.o
         6          0          0          0          0          0   _printf_p.o
        78          0          0          0          0        108   _printf_pad.o
         0          0          0          0          0          0   _printf_percent.o
         4          0          0          0          0          0   _printf_percent_end.o
         6          0          0          0          0          0   _printf_s.o
        82          0          0          0          0         80   _printf_str.o
        36          0          0          0          0         84   _printf_truncate.o
         6          0          0          0          0          0   _printf_u.o
        44          0          0          0          0        108   _printf_wchar.o
       188          6          8          0          0         92   _printf_wctomb.o
         6          0          0          0          0          0   _printf_x.o
        16          0          0          0          0         68   _snputc.o
        10          0          0          0          0         68   _sputc.o
       158          0          0          0          0         92   _strtoul.o
        64          0          0          0          0         92   _wcrtomb.o
        26          0          0          0          0         80   atoi.o
       220          4        148          0          0         96   bigflt0.o
      1910        128          0          0          0        672   btod.o
        10          0          0          0          0         68   defsig_exit.o
        50          0          0          0          0         88   defsig_general.o
        80         58          0          0          0         76   defsig_rtmem_inner.o
        14          0          0          0          0         80   defsig_rtmem_outer.o
        12          0          0          0          0         72   exit.o
        94          0          0          0          0         80   h1_alloc.o
        52          0          0          0          0         68   h1_extend.o
        78          0          0          0          0         80   h1_free.o
        14          0          0          0          0         84   h1_init.o
         6          0          0          0          0        152   heapauxi.o
         4          0          0          0          0        136   hguard.o
         0          0          0          0          0          0   indicate_semi.o
       138          0          0          0          0        168   init_alloc.o
        44         10        272          0          0         76   lc_ctype_c.o
        44         10         28          0          0         76   lc_numeric_c.o
         2          0          0          0          0          0   libinit.o
        38          0          0          0          0          0   libinit2.o
         2          0          0          0          0          0   libshutdown.o
         2          0          0          0          0          0   libshutdown2.o
         8          4          0          0         96         68   libspace.o
       138          0          0          0          0         80   lludiv10.o
         0          0          0          0          0          0   maybetermalloc1.o
        16          4          0          0          0         76   rt_ctype_table.o
         8          4          0          0          0         68   rt_errno_addr_intlibspace.o
         8          4          0          0          0         68   rt_heap_descriptor_intlibspace.o
         8          4          0          0          0         68   rt_locale_intlibspace.o
        68          0          0          0          0         68   rt_memclr.o
        78          0          0          0          0         80   rt_memclr_w.o
       138          0          0          0          0         68   rt_memcpy_v6.o
       100          0          0          0          0         80   rt_memcpy_w.o
         2          0          0          0          0          0   rtexit.o
        10          0          0          0          0          0   rtexit2.o
        24          0          0          0          0         68   strcat.o
        20          0          0          0          0         68   strchr.o
       128          0          0          0          0         68   strcmpv7m.o
        72          0          0          0          0         80   strcpy.o
        32          0          0          0          0         80   strcspn.o
        62          0          0          0          0         76   strlen.o
        36          0          0          0          0         76   strncat.o
        86          0          0          0          0         76   strncpy.o
        28          0          0          0          0         80   strspn.o
        36          0          0          0          0         80   strstr.o
        12          6          0          4          0         68   strtok.o
        68          4          0          0          0         84   strtok_int.o
       112          0          0          0          0         88   strtol.o
        12          4          0          0          0         68   sys_exit.o
        74          0          0          0          0         80   sys_stackheap_outer.o
        14          0          0          0          0         76   sys_wrch.o
         2          0          0          0          0         68   use_no_semi.o
        52          4          0          0          0         80   vsnprintf.o
         4          0          0          0          0         68   printf1.o
         4          0          0          0          0         68   printf2.o
         0          0          0          0          0          0   usenofp.o
        40          0          0          0          0         68   fpclassify.o

    ----------------------------------------------------------------------
      8608        348        555          4        100       6844   Library Totals
        18          0          4          0          4          0   (incl. Padding)

    ----------------------------------------------------------------------

      Code (inc. data)   RO Data    RW Data    ZI Data      Debug   Library Name

      8542        348        551          4         96       6640   c_w.l
         8          0          0          0          0        136   fz_ws.l
        40          0          0          0          0         68   m_ws.l

    ----------------------------------------------------------------------
      8608        348        555          4        100       6844   Library Totals

    ----------------------------------------------------------------------

==============================================================================


      Code (inc. data)   RO Data    RW Data    ZI Data      Debug   

     23616       2808       3080        316       2276     298620   Grand Totals
     23616       2808       3080        144       2276     298620   ELF Image Totals (compressed)
     23616       2808       3080        144          0          0   ROM Totals

==============================================================================

    Total RO  Size (Code + RO Data)                26696 (  26.07kB)
    Total RW  Size (RW Data + ZI Data)              2592 (   2.53kB)
    Total ROM Size (Code + RO Data + RW Data)      26840 (  26.21kB)

==============================================================================

