Component: ARM Compiler 5.05 update 2 (build 169) Tool: armlink [4d0f33]

==============================================================================

Section Cross References

    stm32f10x_it.o(.text) refers to usart.o(.text) for UsartPrintf
    system_stm32f10x.o(.text) refers to system_stm32f10x.o(.data) for SystemCoreClock
    startup_stm32f10x_hd.o(STACK) refers (Special) to heapauxi.o(.text) for __use_two_region_memory
    startup_stm32f10x_hd.o(HEAP) refers (Special) to heapauxi.o(.text) for __use_two_region_memory
    startup_stm32f10x_hd.o(RESET) refers (Special) to heapauxi.o(.text) for __use_two_region_memory
    startup_stm32f10x_hd.o(RESET) refers to startup_stm32f10x_hd.o(STACK) for __initial_sp
    startup_stm32f10x_hd.o(RESET) refers to startup_stm32f10x_hd.o(.text) for Reset_Handler
    startup_stm32f10x_hd.o(RESET) refers to stm32f10x_it.o(.text) for NMI_Handler
    startup_stm32f10x_hd.o(RESET) refers to usart.o(.text) for USART1_IRQHandler
    startup_stm32f10x_hd.o(RESET) refers to bc35.o(.text) for USART2_IRQHandler
    startup_stm32f10x_hd.o(.text) refers (Special) to heapauxi.o(.text) for __use_two_region_memory
    startup_stm32f10x_hd.o(.text) refers to system_stm32f10x.o(.text) for SystemInit
    startup_stm32f10x_hd.o(.text) refers to __main.o(!!!main) for __main
    startup_stm32f10x_hd.o(.text) refers to startup_stm32f10x_hd.o(HEAP) for Heap_Mem
    startup_stm32f10x_hd.o(.text) refers to startup_stm32f10x_hd.o(STACK) for Stack_Mem
    stm32f10x_gpio.o(.text) refers to stm32f10x_rcc.o(.text) for RCC_APB2PeriphResetCmd
    stm32f10x_rcc.o(.text) refers to stm32f10x_rcc.o(.data) for APBAHBPrescTable
    stm32f10x_usart.o(.text) refers to stm32f10x_rcc.o(.text) for RCC_APB2PeriphResetCmd
    stm32f10x_spi.o(.text) refers to stm32f10x_rcc.o(.text) for RCC_APB2PeriphResetCmd
    beep.o(.text) refers to stm32f10x_gpio.o(.text) for GPIO_WriteBit
    beep.o(.text) refers to stm32f10x_rcc.o(.text) for RCC_APB2PeriphClockCmd
    beep.o(.text) refers to beep.o(.data) for beep_info
    delay.o(.text) refers to delay.o(.data) for UsCount
    usart.o(.text) refers to stm32f10x_rcc.o(.text) for RCC_APB2PeriphClockCmd
    usart.o(.text) refers to stm32f10x_gpio.o(.text) for GPIO_Init
    usart.o(.text) refers to stm32f10x_usart.o(.text) for USART_Init
    usart.o(.text) refers to misc.o(.text) for NVIC_Init
    usart.o(.text) refers to c89vsnprintf.o(.text) for __c89vsnprintf
    spi.o(.text) refers to stm32f10x_spi.o(.text) for SPI_I2S_GetFlagStatus
    spi.o(.text) refers to stm32f10x_rcc.o(.text) for RCC_APB2PeriphClockCmd
    spi.o(.text) refers to stm32f10x_gpio.o(.text) for GPIO_Init
    spi.o(.text) refers to spi.o(.bss) for spi_initstruct
    adxl362.o(.text) refers to stm32f10x_rcc.o(.text) for RCC_APB2PeriphClockCmd
    adxl362.o(.text) refers to stm32f10x_gpio.o(.text) for GPIO_Init
    adxl362.o(.text) refers to spi.o(.text) for SPIx_Init
    adxl362.o(.text) refers to fflt_clz.o(x$fpl$fflt) for __aeabi_i2f
    adxl362.o(.text) refers to f2d.o(x$fpl$f2d) for __aeabi_f2d
    adxl362.o(.text) refers to dmul.o(x$fpl$dmul) for __aeabi_dmul
    adxl362.o(.text) refers to d2f.o(x$fpl$d2f) for __aeabi_d2f
    adxl362.o(.text) refers to dflt_clz.o(x$fpl$dflt) for __aeabi_i2d
    adxl362.o(.text) refers to sqrt.o(i.sqrt) for sqrt
    adxl362.o(.text) refers to ddiv.o(x$fpl$ddiv) for __aeabi_ddiv
    adxl362.o(.text) refers to atan.o(i.atan) for atan
    adxl362.o(.text) refers to adxl362.o(.bss) for adxl362Info
    dht11.o(.text) refers to stm32f10x_rcc.o(.text) for RCC_APB2PeriphClockCmd
    dht11.o(.text) refers to stm32f10x_gpio.o(.text) for GPIO_Init
    dht11.o(.text) refers to delay.o(.text) for DelayUs
    dht11.o(.text) refers to dht11.o(.data) for DHT11_Data
    oled.o(.text) refers to stm32f10x_gpio.o(.text) for GPIO_SetBits
    oled.o(.text) refers to stm32f10x_rcc.o(.text) for RCC_APB2PeriphClockCmd
    oled.o(.text) refers to delay.o(.text) for DelayUs
    oled.o(.text) refers to oled.o(.constdata) for F8X16
    oled.o(.text) refers to oled.o(.data) for Hzk
    main.o(.text) refers to misc.o(.text) for NVIC_PriorityGroupConfig
    main.o(.text) refers to delay.o(.text) for Delay_Init
    main.o(.text) refers to usart.o(.text) for Usart1_Init
    main.o(.text) refers to dht11.o(.text) for DHT11_Init
    main.o(.text) refers to beep.o(.text) for Beep_Init
    main.o(.text) refers to oled.o(.text) for OLED_Init
    main.o(.text) refers to bc35.o(.text) for BC35_Init
    main.o(.text) refers to onenet.o(.text) for OneNet_DevLink
    main.o(.text) refers to adxl362.o(.text) for ADXL362_GetValue
    onenet.o(.text) refers to _printf_percent.o(.ARM.Collect$$_printf_percent$$00000000) for _printf_percent
    onenet.o(.text) refers to _printf_d.o(.ARM.Collect$$_printf_percent$$00000009) for _printf_d
    onenet.o(.text) refers to _printf_dec.o(.text) for _printf_int_dec
    onenet.o(.text) refers to _printf_s.o(.ARM.Collect$$_printf_percent$$00000014) for _printf_s
[...]
    __lcnum_c_start                          0x08007848   Data           0  lc_numeric_c.o(locale$$data)
    __lcnum_c_point                          0x08007854   Data           0  lc_numeric_c.o(locale$$data)
    __lcnum_c_thousands                      0x08007856   Data           0  lc_numeric_c.o(locale$$data)
    __lcnum_c_grouping                       0x08007857   Data           0  lc_numeric_c.o(locale$$data)
    __lcnum_c_end                            0x08007858   Data           0  lc_numeric_c.o(locale$$data)
    .data                                    0x20000000   Section       20  system_stm32f10x.o(.data)
    .data                                    0x20000014   Section       20  stm32f10x_rcc.o(.data)
    APBAHBPrescTable                         0x20000014   Data          16  stm32f10x_rcc.o(.data)
    ADCPrescTable                            0x20000024   Data           4  stm32f10x_rcc.o(.data)
    .data                                    0x20000028   Section        1  beep.o(.data)
    .data                                    0x2000002a   Section        4  delay.o(.data)
    .data                                    0x2000002e   Section        5  dht11.o(.data)
    .data                                    0x20000033   Section      256  oled.o(.data)
    .data                                    0x20000133   Section        1  onenet.o(.data)
    .data                                    0x20000134   Section        4  bc35.o(.data)
    .bss                                     0x20000138   Section       18  spi.o(.bss)
    .bss                                     0x2000014c   Section       16  adxl362.o(.bss)
    .bss                                     0x2000015c   Section      450  onenet.o(.bss)
    .bss                                     0x2000031e   Section      128  bc35.o(.bss)
    .bss                                     0x200003a0   Section       96  libspace.o(.bss)
    HEAP                                     0x20000400   Section     1024  startup_stm32f10x_hd.o(HEAP)
    Heap_Mem                                 0x20000400   Data        1024  startup_stm32f10x_hd.o(HEAP)
    STACK                                    0x20000800   Section     1024  startup_stm32f10x_hd.o(STACK)
    Stack_Mem                                0x20000800   Data        1024  startup_stm32f10x_hd.o(STACK)
    __initial_sp                             0x20000c00   Data           0  startup_stm32f10x_hd.o(STACK)

    Global Symbols

    Symbol Name                              Value     Ov Type        Size  Object(Section)

    BuildAttributes$$THM_ISAv4$P$D$K$B$S$PE$A:L22UL41UL21$X:L11$S22US41US21$IEEE1$IW$USESV6$~STKCKD$USESV7$~SHL$OTIME$ROPI$IEEEX$EBA8$UX$STANDARDLIB$REQ8$PRES8$EABIv2 0x00000000   Number         0  anon$$obj.o ABSOLUTE
    __ARM_use_no_argv                        0x00000000   Number         0  main.o ABSOLUTE
    _printf_flags                            0x00000000   Number         0  printf_stubs.o ABSOLUTE
    _printf_return_value                     0x00000000   Number         0  printf_stubs.o ABSOLUTE
    _printf_sizespec                         0x00000000   Number         0  printf_stubs.o ABSOLUTE
    _printf_widthprec                        0x00000000   Number         0  printf_stubs.o ABSOLUTE
    __ARM_exceptions_init                     - Undefined Weak Reference
    __alloca_initialize                       - Undefined Weak Reference
    __arm_preinit_                            - Undefined Weak Reference
    __cpp_initialize__aeabi_                  - Undefined Weak Reference
    __cxa_finalize                            - Undefined Weak Reference
    __sigvec_lookup                           - Undefined Weak Reference
    __user_heap_extent                        - Undefined Weak Reference
    _atexit_init                              - Undefined Weak Reference
    _call_atexit_fns                          - Undefined Weak Reference
    _clock_init                               - Undefined Weak Reference
    _fp_trap_init                             - Undefined Weak Reference
    _fp_trap_shutdown                         - Undefined Weak Reference
    _get_lc_collate                           - Undefined Weak Reference
    _get_lc_monetary                          - Undefined Weak Reference
    _get_lc_time                              - Undefined Weak Reference
    _getenv_init                              - Undefined Weak Reference
    _handle_redirection                       - Undefined Weak Reference
    _initio                                   - Undefined Weak Reference
    _mutex_acquire                            - Undefined Weak Reference
    _mutex_free                               - Undefined Weak Reference
    _mutex_release                            - Undefined Weak Reference
    _printf_fp_hex                            - Undefined Weak Reference
    _printf_mbtowc                            - Undefined Weak Reference
    _printf_wc                                - Undefined Weak Reference
    _rand_init                                - Undefined Weak Reference
    _signal_finish                            - Undefined Weak Reference
    _signal_init                              - Undefined Weak Reference
    _terminateio                              - Undefined Weak Reference
    __Vectors_Size                           0x00000130   Number         0  startup_stm32f10x_hd.o ABSOLUTE
    __Vectors                                0x08000000   Data           4  startup_stm32f10x_hd.o(RESET)
    __Vectors_End                            0x08000130   Data           0  startup_stm32f10x_hd.o(RESET)
    __main                                   0x08000131   Thumb Code     8  __main.o(!!!main)
    __scatterload                            0x08000139   Thumb Code     0  __scatter.o(!!!scatter)
    __scatterload_rt2                        0x08000139   Thumb Code    44  __scatter.o(!!!scatter)
    __scatterload_rt2_thumb_only             0x08000139   Thumb Code     0  __scatter.o(!!!scatter)
    __scatterload_null                       0x08000147   Thumb Code     0  __scatter.o(!!!scatter)
    __decompress                             0x0800016d   Thumb Code    90  __dczerorl2.o(!!dczerorl2)
    __decompress1                            0x0800016d   Thumb Code     0  __dczerorl2.o(!!dczerorl2)
    __scatterload_zeroinit                   0x080001c9   Thumb Code    28  __scatter_zi.o(!!handler_zi)
    _printf_n                                0x080001e5   Thumb Code     0  _printf_n.o(.ARM.Collect$$_printf_percent$$00000001)
    _printf_percent                          0x080001e5   Thumb Code     0  _printf_percent.o(.ARM.Collect$$_printf_percent$$00000000)
    _printf_p                                0x080001eb   Thumb Code     0  _printf_p.o(.ARM.Collect$$_printf_percent$$00000002)
    _printf_f                                0x080001f1   Thumb Code     0  _printf_f.o(.ARM.Collect$$_printf_percent$$00000003)
    _printf_e                                0x080001f7   Thumb Code     0  _printf_e.o(.ARM.Collect$$_printf_percent$$00000004)
    _printf_g                                0x080001fd   Thumb Code     0  _printf_g.o(.ARM.Collect$$_printf_percent$$00000005)
    _printf_a                                0x08000203   Thumb Code     0  _printf_a.o(.ARM.Collect$$_printf_percent$$00000006)
    _printf_ll                               0x08000209   Thumb Code     0  _printf_ll.o(.ARM.Collect$$_printf_percent$$00000007)
    _printf_i                                0x08000213   Thumb Code     0  _printf_i.o(.ARM.Collect$$_printf_percent$$00000008)
    _printf_d                                0x08000219   Thumb Code     0  _printf_d.o(.ARM.Collect$$_printf_percent$$00000009)
    _printf_u                                0x0800021f   Thumb Code     0  _printf_u.o(.ARM.Collect$$_printf_percent$$0000000A)
    _printf_o                                0x08000225   Thumb Code     0  _printf_o.o(.ARM.Collect$$_printf_percent$$0000000B)
    _printf_x                                0x0800022b   Thumb Code     0  _printf_x.o(.ARM.Collect$$_printf_percent$$0000000C)
    _printf_lli                              0x08000231   Thumb Code     0  _printf_lli.o(.ARM.Collect$$_printf_percent$$0000000D)
    _printf_lld                              0x08000237   Thumb Code     0  _printf_lld.o(.ARM.Collect$$_printf_percent$$0000000E)
    _printf_llu                              0x0800023d   Thumb Code     0  _printf_llu.o(.ARM.Collect$$_printf_percent$$0000000F)
    _printf_llo                              0x08000243   Thumb Code     0  _printf_llo.o(.ARM.Collect$$_printf_percent$$00000010)
    _printf_llx                              0x08000249   Thumb Code     0  _printf_llx.o(.ARM.Collect$$_printf_percent$$00000011)
    _printf_l                                0x0800024f   Thumb Code     0  _printf_l.o(.ARM.Collect$$_printf_percent$$00000012)
    _printf_c                                0x08000259   Thumb Code     0  _printf_c.o(.ARM.Collect$$_printf_percent$$00000013)
    _printf_s                                0x0800025f   Thumb Code     0  _printf_s.o(.ARM.Collect$$_printf_percent$$00000014)
    _printf_lc                               0x08000265   Thumb Code     0  _printf_lc.o(.ARM.Collect$$_printf_percent$$00000015)
    _printf_ls                               0x0800026b   Thumb Code     0  _printf_ls.o(.ARM.Collect$$_printf_percent$$00000016)
    _printf_percent_end                      0x08000271   Thumb Code     0  _printf_percent_end.o(.ARM.Collect$$_printf_percent$$00000017)
    __rt_lib_init                            0x08000275   Thumb Code     0  libinit.o(.ARM.Collect$$libinit$$00000000)
    __rt_lib_init_fp_1                       0x08000277   Thumb Code     0  libinit2.o(.ARM.Collect$$libinit$$00000002)
    __rt_lib_init_heap_2                     0x08000277   Thumb Code     0  libinit2.o(.ARM.Collect$$libinit$$00000005)
    __rt_lib_init_preinit_1                  0x08000277   Thumb Code     0  libinit2.o(.ARM.Collect$$libinit$$00000004)
    __rt_lib_init_heap_1                     0x0800027f   Thumb Code     0  libinit2.o(.ARM.Collect$$libinit$$0000000A)
    __rt_lib_init_lc_common                  0x0800027f   Thumb Code     0  libinit2.o(.ARM.Collect$$libinit$$0000000F)
    __rt_lib_init_rand_1                     0x0800027f   Thumb Code     0  libinit2.o(.ARM.Collect$$libinit$$0000000E)
    __rt_lib_init_user_alloc_1               0x0800027f   Thumb Code     0  libinit2.o(.ARM.Collect$$libinit$$0000000C)
    __rt_lib_init_lc_collate_1               0x08000285   Thumb Code     0  libinit2.o(.ARM.Collect$$libinit$$00000011)
    __rt_lib_init_lc_ctype_2                 0x08000285   Thumb Code     0  libinit2.o(.ARM.Collect$$libinit$$00000012)
    __rt_lib_init_lc_ctype_1                 0x08000291   Thumb Code     0  libinit2.o(.ARM.Collect$$libinit$$00000013)
    __rt_lib_init_lc_monetary_1              0x08000291   Thumb Code     0  libinit2.o(.ARM.Collect$$libinit$$00000015)
    __rt_lib_init_lc_numeric_2               0x08000291   Thumb Code     0  libinit2.o(.ARM.Collect$$libinit$$00000016)
    __rt_lib_init_alloca_1                   0x0800029b   Thumb Code     0  libinit2.o(.ARM.Collect$$libinit$$0000002E)
    __rt_lib_init_argv_1                     0x0800029b   Thumb Code     0  libinit2.o(.ARM.Collect$$libinit$$0000002C)
    __rt_lib_init_atexit_1                   0x0800029b   Thumb Code     0  libinit2.o(.ARM.Collect$$libinit$$0000001B)
    __rt_lib_init_clock_1                    0x0800029b   Thumb Code     0  libinit2.o(.ARM.Collect$$libinit$$00000021)
    __rt_lib_init_cpp_1                      0x0800029b   Thumb Code     0  libinit2.o(.ARM.Collect$$libinit$$00000032)
    __rt_lib_init_exceptions_1               0x0800029b   Thumb Code     0  libinit2.o(.ARM.Collect$$libinit$$00000030)
    __rt_lib_init_fp_trap_1                  0x0800029b   Thumb Code     0  libinit2.o(.ARM.Collect$$libinit$$0000001F)
    __rt_lib_init_getenv_1                   0x0800029b   Thumb Code     0  libinit2.o(.ARM.Collect$$libinit$$00000023)
    __rt_lib_init_lc_numeric_1               0x0800029b   Thumb Code     0  libinit2.o(.ARM.Collect$$libinit$$00000017)
    __rt_lib_init_lc_time_1                  0x0800029b   Thumb Code     0  libinit2.o(.ARM.Collect$$libinit$$00000019)
    __rt_lib_init_return                     0x0800029b   Thumb Code     0  libinit2.o(.ARM.Collect$$libinit$$00000033)
    __rt_lib_init_signal_1                   0x0800029b   Thumb Code     0  libinit2.o(.ARM.Collect$$libinit$$0000001D)
    __rt_lib_init_stdio_1                    0x0800029b   Thumb Code     0  libinit2.o(.ARM.Collect$$libinit$$00000025)
    __rt_lib_shutdown                        0x0800029d   Thumb Code     0  libshutdown.o(.ARM.Collect$$libshutdown$$00000000)
    __rt_lib_shutdown_fp_trap_1              0x0800029f   Thumb Code     0  libshutdown2.o(.ARM.Collect$$libshutdown$$00000006)
    __rt_lib_shutdown_heap_1                 0x0800029f   Thumb Code     0  libshutdown2.o(.ARM.Collect$$libshutdown$$0000000E)
    __rt_lib_shutdown_return                 0x0800029f   Thumb Code     0  libshutdown2.o(.ARM.Collect$$libshutdown$$0000000F)
    __rt_lib_shutdown_signal_1               0x0800029f   Thumb Code     0  libshutdown2.o(.ARM.Collect$$libshutdown$$00000009)
    __rt_lib_shutdown_stdio_1                0x0800029f   Thumb Code     0  libshutdown2.o(.ARM.Collect$$libshutdown$$00000003)
    __rt_lib_shutdown_user_alloc_1           0x0800029f   Thumb Code     0  libshutdown2.o(.ARM.Collect$$libshutdown$$0000000B)
    __rt_entry                               0x080002a1   Thumb Code     0  __rtentry.o(.ARM.Collect$$rtentry$$00000000)
    __rt_entry_presh_1                       0x080002a1   Thumb Code     0  __rtentry2.o(.ARM.Collect$$rtentry$$00000002)
    __rt_entry_sh                            0x080002a1   Thumb Code     0  __rtentry4.o(.ARM.Collect$$rtentry$$00000004)
    __rt_entry_li                            0x080002a7   Thumb Code     0  __rtentry2.o(.ARM.Collect$$rtentry$$0000000A)
    __rt_entry_postsh_1                      0x080002a7   Thumb Code     0  __rtentry2.o(.ARM.Collect$$rtentry$$00000009)
    __rt_entry_main                          0x080002ab   Thumb Code     0  __rtentry2.o(.ARM.Collect$$rtentry$$0000000D)
    __rt_entry_postli_1                      0x080002ab   Thumb Code     0  __rtentry2.o(.ARM.Collect$$rtentry$$0000000C)
    __rt_exit                                0x080002b3   Thumb Code     0  rtexit.o(.ARM.Collect$$rtexit$$00000000)
    __rt_exit_ls                             0x080002b5   Thumb Code     0  rtexit2.o(.ARM.Collect$$rtexit$$00000003)
    __rt_exit_prels_1                        0x080002b5   Thumb Code     0  rtexit2.o(.ARM.Collect$$rtexit$$00000002)
    __rt_exit_exit                           0x080002b9   Thumb Code     0  rtexit2.o(.ARM.Collect$$rtexit$$00000004)
    NMI_Handler                              0x080002c1   Thumb Code     2  stm32f10x_it.o(.text)
    _maybe_terminate_alloc                   0x080002c1   Thumb Code     0  maybetermalloc1.o(.emb_text)
    HardFault_Handler                        0x080002c3   Thumb Code    12  stm32f10x_it.o(.text)
    MemManage_Handler                        0x080002cf   Thumb Code    12  stm32f10x_it.o(.text)
    BusFault_Handler                         0x080002db   Thumb Code    12  stm32f10x_it.o(.text)
    UsageFault_Handler                       0x080002e7   Thumb Code    12  stm32f10x_it.o(.text)
    SVC_Handler                              0x080002f3   Thumb Code     2  stm32f10x_it.o(.text)
    DebugMon_Handler                         0x080002f5   Thumb Code     2  stm32f10x_it.o(.text)
    SysTick_Handler                          0x080002f7   Thumb Code     2  stm32f10x_it.o(.text)
    EXTI0_IRQHandler                         0x080002f9   Thumb Code     2  stm32f10x_it.o(.text)
    RTC_IRQHandler                           0x080002fb   Thumb Code     2  stm32f10x_it.o(.text)
    SystemInit                               0x080004d3   Thumb Code    78  system_stm32f10x.o(.text)
    SystemCoreClockUpdate                    0x08000521   Thumb Code   142  system_stm32f10x.o(.text)
    Reset_Handler                            0x080005dd   Thumb Code     8  startup_stm32f10x_hd.o(.text)
    PendSV_Handler                           0x080005f3   Thumb Code     2  startup_stm32f10x_hd.o(.text)
    ADC1_2_IRQHandler                        0x080005f7   Thumb Code     0  startup_stm32f10x_hd.o(.text)
    ADC3_IRQHandler                          0x080005f7   Thumb Code     0  startup_stm32f10x_hd.o(.text)
    CAN1_RX1_IRQHandler                      0x080005f7   Thumb Code     0  startup_stm32f10x_hd.o(.text)
    CAN1_SCE_IRQHandler                      0x080005f7   Thumb Code     0  startup_stm32f10x_hd.o(.text)
    DMA1_Channel1_IRQHandler                 0x080005f7   Thumb Code     0  startup_stm32f10x_hd.o(.text)
    DMA1_Channel2_IRQHandler                 0x080005f7   Thumb Code     0  startup_stm32f10x_hd.o(.text)
    DMA1_Channel3_IRQHandler                 0x080005f7   Thumb Code     0  startup_stm32f10x_hd.o(.text)
    DMA1_Channel4_IRQHandler                 0x080005f7   Thumb Code     0  startup_stm32f10x_hd.o(.text)
    DMA1_Channel5_IRQHandler                 0x080005f7   Thumb Code     0  startup_stm32f10x_hd.o(.text)
    DMA1_Channel6_IRQHandler                 0x080005f7   Thumb Code     0  startup_stm32f10x_hd.o(.text)
    DMA1_Channel7_IRQHandler                 0x080005f7   Thumb Code     0  startup_stm32f10x_hd.o(.text)
    DMA2_Channel1_IRQHandler                 0x080005f7   Thumb Code     0  startup_stm32f10x_hd.o(.text)
    DMA2_Channel2_IRQHandler                 0x080005f7   Thumb Code     0  startup_stm32f10x_hd.o(.text)
    DMA2_Channel3_IRQHandler                 0x080005f7   Thumb Code     0  startup_stm32f10x_hd.o(.text)
    DMA2_Channel4_5_IRQHandler               0x080005f7   Thumb Code     0  startup_stm32f10x_hd.o(.text)
    EXTI15_10_IRQHandler                     0x080005f7   Thumb Code     0  startup_stm32f10x_hd.o(.text)
    EXTI1_IRQHandler                         0x080005f7   Thumb Code     0  startup_stm32f10x_hd.o(.text)
    EXTI2_IRQHandler                         0x080005f7   Thumb Code     0  startup_stm32f10x_hd.o(.text)
    EXTI3_IRQHandler                         0x080005f7   Thumb Code     0  startup_stm32f10x_hd.o(.text)
    EXTI4_IRQHandler                         0x080005f7   Thumb Code     0  startup_stm32f10x_hd.o(.text)
    EXTI9_5_IRQHandler                       0x080005f7   Thumb Code     0  startup_stm32f10x_hd.o(.text)
    FLASH_IRQHandler                         0x080005f7   Thumb Code     0  startup_stm32f10x_hd.o(.text)
    FSMC_IRQHandler                          0x080005f7   Thumb Code     0  startup_stm32f10x_hd.o(.text)
    I2C1_ER_IRQHandler                       0x080005f7   Thumb Code     0  startup_stm32f10x_hd.o(.text)
    I2C1_EV_IRQHandler                       0x080005f7   Thumb Code     0  startup_stm32f10x_hd.o(.text)
    I2C2_ER_IRQHandler                       0x080005f7   Thumb Code     0  startup_stm32f10x_hd.o(.text)
    I2C2_EV_IRQHandler                       0x080005f7   Thumb Code     0  startup_stm32f10x_hd.o(.text)
    PVD_IRQHandler                           0x080005f7   Thumb Code     0  startup_stm32f10x_hd.o(.text)
    RCC_IRQHandler                           0x080005f7   Thumb Code     0  startup_stm32f10x_hd.o(.text)
    RTCAlarm_IRQHandler                      0x080005f7   Thumb Code     0  startup_stm32f10x_hd.o(.text)
    SDIO_IRQHandler                          0x080005f7   Thumb Code     0  startup_stm32f10x_hd.o(.text)
    SPI1_IRQHandler                          0x080005f7   Thumb Code     0  startup_stm32f10x_hd.o(.text)
    SPI2_IRQHandler                          0x080005f7   Thumb Code     0  startup_stm32f10x_hd.o(.text)
    SPI3_IRQHandler                          0x080005f7   Thumb Code     0  startup_stm32f10x_hd.o(.text)
    TAMPER_IRQHandler                        0x080005f7   Thumb Code     0  startup_stm32f10x_hd.o(.text)
    TIM1_BRK_IRQHandler                      0x080005f7   Thumb Code     0  startup_stm32f10x_hd.o(.text)
    TIM1_CC_IRQHandler                       0x080005f7   Thumb Code     0  startup_stm32f10x_hd.o(.text)
    TIM1_TRG_COM_IRQHandler                  0x080005f7   Thumb Code     0  startup_stm32f10x_hd.o(.text)
    TIM1_UP_IRQHandler                       0x080005f7   Thumb Code     0  startup_stm32f10x_hd.o(.text)
    TIM2_IRQHandler                          0x080005f7   Thumb Code     0  startup_stm32f10x_hd.o(.text)
    TIM3_IRQHandler                          0x080005f7   Thumb Code     0  startup_stm32f10x_hd.o(.text)
    TIM4_IRQHandler                          0x080005f7   Thumb Code     0  startup_stm32f10x_hd.o(.text)
    TIM5_IRQHandler                          0x080005f7   Thumb Code     0  startup_stm32f10x_hd.o(.text)
    TIM6_IRQHandler                          0x080005f7   Thumb Code     0  startup_stm32f10x_hd.o(.text)
    TIM7_IRQHandler                          0x080005f7   Thumb Code     0  startup_stm32f10x_hd.o(.text)
    TIM8_BRK_IRQHandler                      0x080005f7   Thumb Code     0  startup_stm32f10x_hd.o(.text)
    TIM8_CC_IRQHandler                       0x080005f7   Thumb Code     0  startup_stm32f10x_hd.o(.text)
    TIM8_TRG_COM_IRQHandler                  0x080005f7   Thumb Code     0  startup_stm32f10x_hd.o(.text)
    TIM8_UP_IRQHandler                       0x080005f7   Thumb Code     0  startup_stm32f10x_hd.o(.text)
    UART4_IRQHandler                         0x080005f7   Thumb Code     0  startup_stm32f10x_hd.o(.text)
    UART5_IRQHandler                         0x080005f7   Thumb Code     0  startup_stm32f10x_hd.o(.text)
    USART3_IRQHandler                        0x080005f7   Thumb Code     0  startup_stm32f10x_hd.o(.text)
    USBWakeUp_IRQHandler                     0x080005f7   Thumb Code     0  startup_stm32f10x_hd.o(.text)
    USB_HP_CAN1_TX_IRQHandler                0x080005f7   Thumb Code     0  startup_stm32f10x_hd.o(.text)
    USB_LP_CAN1_RX0_IRQHandler               0x080005f7   Thumb Code     0  startup_stm32f10x_hd.o(.text)
    WWDG_IRQHandler                          0x080005f7   Thumb Code     0  startup_stm32f10x_hd.o(.text)
    __user_initial_stackheap                 0x080005f9   Thumb Code     0  startup_stm32f10x_hd.o(.text)
    NVIC_PriorityGroupConfig                 0x0800061d   Thumb Code    10  misc.o(.text)
    NVIC_Init                                0x08000627   Thumb Code   100  misc.o(.text)
    NVIC_SetVectorTable                      0x0800068b   Thumb Code    14  misc.o(.text)
    NVIC_SystemLPConfig                      0x08000699   Thumb Code    34  misc.o(.text)
    SysTick_CLKSourceConfig                  0x080006bb   Thumb Code    40  misc.o(.text)
    GPIO_DeInit                              0x080006f9   Thumb Code   172  stm32f10x_gpio.o(.text)
    GPIO_AFIODeInit                          0x080007a5   Thumb Code    20  stm32f10x_gpio.o(.text)
    GPIO_Init                                0x080007b9   Thumb Code   278  stm32f10x_gpio.o(.text)
    GPIO_StructInit                          0x080008cf   Thumb Code    16  stm32f10x_gpio.o(.text)
    GPIO_ReadInputDataBit                    0x080008df   Thumb Code    18  stm32f10x_gpio.o(.text)
    GPIO_ReadInputData                       0x080008f1   Thumb Code     8  stm32f10x_gpio.o(.text)
    GPIO_ReadOutputDataBit                   0x080008f9   Thumb Code    18  stm32f10x_gpio.o(.text)
    GPIO_ReadOutputData                      0x0800090b   Thumb Code     8  stm32f10x_gpio.o(.text)
    GPIO_SetBits                             0x08000913   Thumb Code     4  stm32f10x_gpio.o(.text)
    GPIO_ResetBits                           0x08000917   Thumb Code     4  stm32f10x_gpio.o(.text)
    GPIO_WriteBit                            0x0800091b   Thumb Code    10  stm32f10x_gpio.o(.text)
    GPIO_Write                               0x08000925   Thumb Code     4  stm32f10x_gpio.o(.text)
    GPIO_PinLockConfig                       0x08000929   Thumb Code    18  stm32f10x_gpio.o(.text)
    GPIO_EventOutputConfig                   0x0800093b   Thumb Code    26  stm32f10x_gpio.o(.text)
    GPIO_EventOutputCmd                      0x08000955   Thumb Code     6  stm32f10x_gpio.o(.text)
    GPIO_PinRemapConfig                      0x0800095b   Thumb Code   138  stm32f10x_gpio.o(.text)
    GPIO_EXTILineConfig                      0x080009e5   Thumb Code    66  stm32f10x_gpio.o(.text)
    GPIO_ETH_MediaInterfaceConfig            0x08000a27   Thumb Code     8  stm32f10x_gpio.o(.text)
    RCC_DeInit                               0x08000a55   Thumb Code    64  stm32f10x_rcc.o(.text)
    RCC_HSEConfig                            0x08000a95   Thumb Code    70  stm32f10x_rcc.o(.text)
    RCC_GetFlagStatus                        0x08000adb   Thumb Code    56  stm32f10x_rcc.o(.text)
    RCC_WaitForHSEStartUp                    0x08000b13   Thumb Code    56  stm32f10x_rcc.o(.text)
    RCC_AdjustHSICalibrationValue            0x08000b4b   Thumb Code    20  stm32f10x_rcc.o(.text)
    RCC_HSICmd                               0x08000b5f   Thumb Code     6  stm32f10x_rcc.o(.text)
    RCC_PLLConfig                            0x08000b65   Thumb Code    24  stm32f10x_rcc.o(.text)
    RCC_PLLCmd                               0x08000b7d   Thumb Code     6  stm32f10x_rcc.o(.text)
    RCC_SYSCLKConfig                         0x08000b83   Thumb Code    18  stm32f10x_rcc.o(.text)
    RCC_GetSYSCLKSource                      0x08000b95   Thumb Code    10  stm32f10x_rcc.o(.text)
    RCC_HCLKConfig                           0x08000b9f   Thumb Code    18  stm32f10x_rcc.o(.text)
    RCC_PCLK1Config                          0x08000bb1   Thumb Code    18  stm32f10x_rcc.o(.text)
    RCC_PCLK2Config                          0x08000bc3   Thumb Code    20  stm32f10x_rcc.o(.text)
    RCC_ITConfig                             0x08000bd7   Thumb Code    26  stm32f10x_rcc.o(.text)
    RCC_USBCLKConfig                         0x08000bf1   Thumb Code     8  stm32f10x_rcc.o(.text)
    RCC_ADCCLKConfig                         0x08000bf9   Thumb Code    18  stm32f10x_rcc.o(.text)
    RCC_LSEConfig                            0x08000c0b   Thumb Code    50  stm32f10x_rcc.o(.text)
    RCC_LSICmd                               0x08000c3d   Thumb Code     6  stm32f10x_rcc.o(.text)
    RCC_RTCCLKConfig                         0x08000c43   Thumb Code    12  stm32f10x_rcc.o(.text)
    RCC_RTCCLKCmd                            0x08000c4f   Thumb Code     8  stm32f10x_rcc.o(.text)
    RCC_GetClocksFreq                        0x08000c57   Thumb Code   192  stm32f10x_rcc.o(.text)
    RCC_AHBPeriphClockCmd                    0x08000d17   Thumb Code    26  stm32f10x_rcc.o(.text)
    RCC_APB2PeriphClockCmd                   0x08000d31   Thumb Code    26  stm32f10x_rcc.o(.text)
    RCC_APB1PeriphClockCmd                   0x08000d4b   Thumb Code    26  stm32f10x_rcc.o(.text)
    RCC_APB2PeriphResetCmd                   0x08000d65   Thumb Code    26  stm32f10x_rcc.o(.text)
    RCC_APB1PeriphResetCmd                   0x08000d7f   Thumb Code    26  stm32f10x_rcc.o(.text)
    RCC_BackupResetCmd                       0x08000d99   Thumb Code     8  stm32f10x_rcc.o(.text)
    RCC_ClockSecuritySystemCmd               0x08000da1   Thumb Code     6  stm32f10x_rcc.o(.text)
    RCC_MCOConfig                            0x08000da7   Thumb Code     6  stm32f10x_rcc.o(.text)
    RCC_ClearFlag                            0x08000dad   Thumb Code    14  stm32f10x_rcc.o(.text)
    RCC_GetITStatus                          0x08000dbb   Thumb Code    20  stm32f10x_rcc.o(.text)
    RCC_ClearITPendingBit                    0x08000dcf   Thumb Code     6  stm32f10x_rcc.o(.text)
    USART_DeInit                             0x08000e01   Thumb Code   134  stm32f10x_usart.o(.text)
    USART_Init                               0x08000e87   Thumb Code   210  stm32f10x_usart.o(.text)
    USART_StructInit                         0x08000f59   Thumb Code    24  stm32f10x_usart.o(.text)
    USART_ClockInit                          0x08000f71   Thumb Code    34  stm32f10x_usart.o(.text)
    USART_ClockStructInit                    0x08000f93   Thumb Code    12  stm32f10x_usart.o(.text)
    USART_Cmd                                0x08000f9f   Thumb Code    24  stm32f10x_usart.o(.text)
    USART_ITConfig                           0x08000fb7   Thumb Code    74  stm32f10x_usart.o(.text)
    USART_DMACmd                             0x08001001   Thumb Code    18  stm32f10x_usart.o(.text)
    USART_SetAddress                         0x08001013   Thumb Code    18  stm32f10x_usart.o(.text)
    USART_WakeUpConfig                       0x08001025   Thumb Code    18  stm32f10x_usart.o(.text)
    USART_ReceiverWakeUpCmd                  0x08001037   Thumb Code    24  stm32f10x_usart.o(.text)
    USART_LINBreakDetectLengthConfig         0x0800104f   Thumb Code    18  stm32f10x_usart.o(.text)
    USART_LINCmd                             0x08001061   Thumb Code    24  stm32f10x_usart.o(.text)
    USART_SendData                           0x08001079   Thumb Code     8  stm32f10x_usart.o(.text)
    USART_ReceiveData                        0x08001081   Thumb Code    10  stm32f10x_usart.o(.text)
    USART_SendBreak                          0x0800108b   Thumb Code    10  stm32f10x_usart.o(.text)
    USART_SetGuardTime                       0x08001095   Thumb Code    16  stm32f10x_usart.o(.text)
    USART_SetPrescaler                       0x080010a5   Thumb Code    16  stm32f10x_usart.o(.text)
    USART_SmartCardCmd                       0x080010b5   Thumb Code    24  stm32f10x_usart.o(.text)
    USART_SmartCardNACKCmd                   0x080010cd   Thumb Code    24  stm32f10x_usart.o(.text)
    USART_HalfDuplexCmd                      0x080010e5   Thumb Code    24  stm32f10x_usart.o(.text)
    USART_OverSampling8Cmd                   0x080010fd   Thumb Code    22  stm32f10x_usart.o(.text)
    USART_OneBitMethodCmd                    0x08001113   Thumb Code    24  stm32f10x_usart.o(.text)
    USART_IrDAConfig                         0x0800112b   Thumb Code    18  stm32f10x_usart.o(.text)
    USART_IrDACmd                            0x0800113d   Thumb Code    24  stm32f10x_usart.o(.text)
    USART_GetFlagStatus                      0x08001155   Thumb Code    26  stm32f10x_usart.o(.text)
    USART_ClearFlag                          0x0800116f   Thumb Code    18  stm32f10x_usart.o(.text)
    USART_GetITStatus                        0x08001181   Thumb Code    84  stm32f10x_usart.o(.text)
    USART_ClearITPendingBit                  0x080011d5   Thumb Code    52  stm32f10x_usart.o(.text)
    SPI_I2S_DeInit                           0x08001209   Thumb Code    76  stm32f10x_spi.o(.text)
    SPI_Init                                 0x08001255   Thumb Code    60  stm32f10x_spi.o(.text)
    I2S_Init                                 0x08001291   Thumb Code   226  stm32f10x_spi.o(.text)
    SPI_StructInit                           0x08001373   Thumb Code    24  stm32f10x_spi.o(.text)
    I2S_StructInit                           0x0800138b   Thumb Code    20  stm32f10x_spi.o(.text)
    SPI_Cmd                                  0x0800139f   Thumb Code    24  stm32f10x_spi.o(.text)
    I2S_Cmd                                  0x080013b7   Thumb Code    24  stm32f10x_spi.o(.text)
    SPI_I2S_ITConfig                         0x080013cf   Thumb Code    32  stm32f10x_spi.o(.text)
    SPI_I2S_DMACmd                           0x080013ef   Thumb Code    18  stm32f10x_spi.o(.text)
    SPI_I2S_SendData                         0x08001401   Thumb Code     4  stm32f10x_spi.o(.text)
    SPI_I2S_ReceiveData                      0x08001405   Thumb Code     6  stm32f10x_spi.o(.text)
    SPI_NSSInternalSoftwareConfig            0x0800140b   Thumb Code    30  stm32f10x_spi.o(.text)
    SPI_SSOutputCmd                          0x08001429   Thumb Code    24  stm32f10x_spi.o(.text)
    SPI_DataSizeConfig                       0x08001441   Thumb Code    18  stm32f10x_spi.o(.text)
    SPI_TransmitCRC                          0x08001453   Thumb Code    10  stm32f10x_spi.o(.text)
    SPI_CalculateCRC                         0x0800145d   Thumb Code    24  stm32f10x_spi.o(.text)
    SPI_GetCRC                               0x08001475   Thumb Code    16  stm32f10x_spi.o(.text)
    SPI_GetCRCPolynomial                     0x08001485   Thumb Code     6  stm32f10x_spi.o(.text)
    SPI_BiDirectionalLineConfig              0x0800148b   Thumb Code    28  stm32f10x_spi.o(.text)
    SPI_I2S_GetFlagStatus                    0x080014a7   Thumb Code    18  stm32f10x_spi.o(.text)
    SPI_I2S_ClearFlag                        0x080014b9   Thumb Code     6  stm32f10x_spi.o(.text)
    SPI_I2S_GetITStatus                      0x080014bf   Thumb Code    52  stm32f10x_spi.o(.text)
    SPI_I2S_ClearITPendingBit                0x080014f3   Thumb Code    20  stm32f10x_spi.o(.text)
    Beep_Set                                 0x08001515   Thumb Code    20  beep.o(.text)
    Beep_Init                                0x08001529   Thumb Code    60  beep.o(.text)
    Delay_Init                               0x08001571   Thumb Code    48  delay.o(.text)
    DelayUs                                  0x080015a1   Thumb Code    60  delay.o(.text)
    DelayXms                                 0x080015dd   Thumb Code    66  delay.o(.text)
    DelayMs                                  0x0800161f   Thumb Code    60  delay.o(.text)
    Usart1_Init                              0x08001665   Thumb Code   166  usart.o(.text)
    Usart2_Init                              0x0800170b   Thumb Code   162  usart.o(.text)
    Usart_SendString                         0x080017ad   Thumb Code    50  usart.o(.text)
    UsartPrintf                              0x080017df   Thumb Code    72  usart.o(.text)
    USART1_IRQHandler                        0x08001827   Thumb Code    24  usart.o(.text)
    SPIx_ReadWriteByte                       0x0800184d   Thumb Code    80  spi.o(.text)
    SPIx_Init                                0x0800189d   Thumb Code   176  spi.o(.text)
    SPIx_TX_Init                             0x0800194d   Thumb Code   172  spi.o(.text)
    SPIx_SetSpeed                            0x080019f9   Thumb Code    28  spi.o(.text)
    SPIx_WriteByte                           0x08001a15   Thumb Code    30  spi.o(.text)
    SPI_ADXL_Init                            0x08001a49   Thumb Code    60  adxl362.o(.text)
    SPI_Read                                 0x08001a85   Thumb Code    56  adxl362.o(.text)
    SPI_Write                                0x08001abd   Thumb Code    54  adxl362.o(.text)
    ADXL362_GetRegisterValue                 0x08001af3   Thumb Code    78  adxl362.o(.text)
    ADXL362_Init                             0x08001b41   Thumb Code    56  adxl362.o(.text)
    ADXL362_SetRegisterValue                 0x08001b79   Thumb Code    48  adxl362.o(.text)
    ADXL362_GetFifoValue                     0x08001ba9   Thumb Code    74  adxl362.o(.text)
    ADXL362_SoftwareReset                    0x08001bf3   Thumb Code    14  adxl362.o(.text)
    ADXL362_SetPowerMode                     0x08001c01   Thumb Code    46  adxl362.o(.text)
    ADXL362_SetRange                         0x08001c2f   Thumb Code    48  adxl362.o(.text)
    ADXL362_SetOutputRate                    0x08001c5f   Thumb Code    46  adxl362.o(.text)
    ADXL362_GetXyz                           0x08001c8d   Thumb Code    74  adxl362.o(.text)
    ADXL362_GetValue                         0x08001cd7   Thumb Code   220  adxl362.o(.text)
    ADXL362_ReadTemperature                  0x08001db3   Thumb Code    72  adxl362.o(.text)
    ADXL362_FifoSetup                        0x08001dfb   Thumb Code    50  adxl362.o(.text)
    ADXL362_SetupActivityDetection           0x08001e2d   Thumb Code   120  adxl362.o(.text)
    ADXL362_SetupInactivityDetection         0x08001ea5   Thumb Code    76  adxl362.o(.text)
    DHT11_Init                               0x08001f17   Thumb Code    16  dht11.o(.text)
    DHT11_Read_TempAndHumidity               0x08001fb7   Thumb Code   172  dht11.o(.text)
    OLED_WR_Byte                             0x0800206d   Thumb Code   112  oled.o(.text)
    OLED_Set_Pos                             0x080020dd   Thumb Code    46  oled.o(.text)
    OLED_Display_On                          0x0800210b   Thumb Code    28  oled.o(.text)
    OLED_Display_Off                         0x08002127   Thumb Code    28  oled.o(.text)
    OLED_Clear                               0x08002143   Thumb Code    64  oled.o(.text)
    OLED_ShowChar                            0x08002183   Thumb Code   106  oled.o(.text)
    oled_pow                                 0x080021ed   Thumb Code    22  oled.o(.text)
    OLED_ShowNum                             0x08002203   Thumb Code   132  oled.o(.text)
    OLED_ShowString                          0x08002287   Thumb Code    54  oled.o(.text)
    OLED_ShowCHinese                         0x080022bd   Thumb Code    98  oled.o(.text)
    OLED_DrawBMP                             0x0800231f   Thumb Code   118  oled.o(.text)
    OLED_Init                                0x08002395   Thumb Code   386  oled.o(.text)
    Hardware_Init                            0x08002519   Thumb Code    96  main.o(.text)
    main                                     0x08002579   Thumb Code   122  main.o(.text)
    hextostr                                 0x08002631   Thumb Code   142  onenet.o(.text)
    OneNet_DevLink                           0x080026bf   Thumb Code   146  onenet.o(.text)
    OneNet_FillBuf                           0x08002751   Thumb Code   126  onenet.o(.text)
    OneNet_SendData                          0x080027cf   Thumb Code   196  onenet.o(.text)
    OneNet_RevPro                            0x08002893   Thumb Code   238  onenet.o(.text)
    MQTT_NewBuffer                           0x08002b81   Thumb Code    88  mqttkit.o(.text)
    MQTT_DeleteBuffer                        0x08002bd9   Thumb Code    28  mqttkit.o(.text)
    MQTT_DumpLength                          0x08002bf5   Thumb Code    46  mqttkit.o(.text)
    MQTT_ReadLength                          0x08002c23   Thumb Code    70  mqttkit.o(.text)
    MQTT_UnPacketRecv                        0x08002c69   Thumb Code   106  mqttkit.o(.text)
    MQTT_PacketConnect                       0x08002cd3   Thumb Code   666  mqttkit.o(.text)
    MQTT_PacketDisConnect                    0x08002f6d   Thumb Code    48  mqttkit.o(.text)
    MQTT_UnPacketConnectAck                  0x08002f9d   Thumb Code    30  mqttkit.o(.text)
    MQTT_PacketPublish                       0x08002fbb   Thumb Code   318  mqttkit.o(.text)
    MQTT_PacketSaveData                      0x080030f9   Thumb Code    88  mqttkit.o(.text)
    MQTT_UnPacketCmd                         0x08003151   Thumb Code   140  mqttkit.o(.text)
    MQTT_PacketCmdResp                       0x080031dd   Thumb Code   132  mqttkit.o(.text)
    MQTT_PacketSubscribe                     0x08003261   Thumb Code   254  mqttkit.o(.text)
    MQTT_UnPacketSubscribe                   0x0800335f   Thumb Code    52  mqttkit.o(.text)
    MQTT_PacketUnSubscribe                   0x08003393   Thumb Code   238  mqttkit.o(.text)
    MQTT_UnPacketUnSubscribe                 0x08003481   Thumb Code    18  mqttkit.o(.text)
    MQTT_UnPacketPublish                     0x08003493   Thumb Code   454  mqttkit.o(.text)
    MQTT_PacketPublishAck                    0x08003659   Thumb Code    72  mqttkit.o(.text)
    MQTT_UnPacketPublishAck                  0x080036a1   Thumb Code    30  mqttkit.o(.text)
    MQTT_PacketPublishRec                    0x080036bf   Thumb Code    72  mqttkit.o(.text)
    MQTT_UnPacketPublishRec                  0x08003707   Thumb Code    30  mqttkit.o(.text)
    MQTT_PacketPublishRel                    0x08003725   Thumb Code    72  mqttkit.o(.text)
    MQTT_UnPacketPublishRel                  0x0800376d   Thumb Code    36  mqttkit.o(.text)
    MQTT_PacketPublishComp                   0x08003791   Thumb Code    72  mqttkit.o(.text)
    MQTT_UnPacketPublishComp                 0x080037d9   Thumb Code    30  mqttkit.o(.text)
    MQTT_PacketPing                          0x080037f7   Thumb Code    48  mqttkit.o(.text)
    ClearRAM                                 0x08003829   Thumb Code    18  mqttdata.o(.text)
    mqtt_connect_message                     0x0800383b   Thumb Code   396  mqttdata.o(.text)
    mqtt_SendData_message                    0x080039c7   Thumb Code   170  mqttdata.o(.text)
    BC35_Clear                               0x08003abd   Thumb Code    18  bc35.o(.text)
    BC35_WaitRecive                          0x08003acf   Thumb Code    42  bc35.o(.text)
    BC35_SendCmd                             0x08003af9   Thumb Code    90  bc35.o(.text)
    BC35_SendData                            0x08003b53   Thumb Code   102  bc35.o(.text)
    BC35_GetIPD                              0x08003bb9   Thumb Code   110  bc35.o(.text)
    BC35_Init                                0x08003c27   Thumb Code   502  bc35.o(.text)
    USART2_IRQHandler                        0x08003e1d   Thumb Code    62  bc35.o(.text)
    Value2Hex                                0x080040e5   Thumb Code    36  hexstr.o(.text)
    Str2Hex                                  0x08004109   Thumb Code    84  hexstr.o(.text)
    malloc                                   0x0800415d   Thumb Code    94  h1_alloc.o(.text)
    free                                     0x080041bb   Thumb Code    78  h1_free.o(.text)
    __c89vsnprintf                           0x08004209   Thumb Code    48  c89vsnprintf.o(.text)
    __2sprintf                               0x0800423d   Thumb Code    38  __2sprintf.o(.text)
    _printf_pre_padding                      0x08004269   Thumb Code    44  _printf_pad.o(.text)
    _printf_post_padding                     0x08004295   Thumb Code    34  _printf_pad.o(.text)
    _printf_str                              0x080042b7   Thumb Code    82  _printf_str.o(.text)
    _printf_int_dec                          0x08004309   Thumb Code   104  _printf_dec.o(.text)
    _printf_longlong_hex                     0x08004381   Thumb Code    86  _printf_hex_int_ll_ptr.o(.text)
    _printf_int_hex                          0x080043d7   Thumb Code    28  _printf_hex_int_ll_ptr.o(.text)
    _printf_ll_hex                           0x080043f3   Thumb Code    12  _printf_hex_int_ll_ptr.o(.text)
    _printf_hex_ptr                          0x080043ff   Thumb Code    18  _printf_hex_int_ll_ptr.o(.text)
    __printf                                 0x08004415   Thumb Code   388  __printf_flags_ss_wp.o(.text)
    atoi                                     0x0800459d   Thumb Code    26  atoi.o(.text)
    strchr                                   0x080045b7   Thumb Code    20  strchr.o(.text)
    strncat                                  0x080045cb   Thumb Code    36  strncat.o(.text)
    strstr                                   0x080045ef   Thumb Code    36  strstr.o(.text)
    strcpy                                   0x08004613   Thumb Code    72  strcpy.o(.text)
    strlen                                   0x0800465b   Thumb Code    62  strlen.o(.text)
    strcat                                   0x08004699   Thumb Code    24  strcat.o(.text)
    __aeabi_memcpy                           0x080046b1   Thumb Code     0  rt_memcpy_v6.o(.text)
    __rt_memcpy                              0x080046b1   Thumb Code   138  rt_memcpy_v6.o(.text)
    _memcpy_lastbytes                        0x08004717   Thumb Code     0  rt_memcpy_v6.o(.text)
    __aeabi_memclr                           0x0800473b   Thumb Code     0  rt_memclr.o(.text)
    __rt_memclr                              0x0800473b   Thumb Code    68  rt_memclr.o(.text)
    _memset                                  0x0800473f   Thumb Code     0  rt_memclr.o(.text)
    __aeabi_memclr4                          0x0800477f   Thumb Code     0  rt_memclr_w.o(.text)
    __aeabi_memclr8                          0x0800477f   Thumb Code     0  rt_memclr_w.o(.text)
    __rt_memclr_w                            0x0800477f   Thumb Code    78  rt_memclr_w.o(.text)
    _memset_w                                0x08004783   Thumb Code     0  rt_memclr_w.o(.text)
    strncpy                                  0x080047cd   Thumb Code    86  strncpy.o(.text)
    __use_two_region_memory                  0x08004823   Thumb Code     2  heapauxi.o(.text)
    __rt_heap_escrow                         0x08004825   Thumb Code     2  heapauxi.o(.text)
    __rt_heap_expand                         0x08004827   Thumb Code     2  heapauxi.o(.text)
    __rt_heap_descriptor                     0x08004829   Thumb Code     8  rt_heap_descriptor_intlibspace.o(.text)
    __aeabi_errno_addr                       0x08004831   Thumb Code     8  rt_errno_addr_intlibspace.o(.text)
    __errno$intlibspace                      0x08004831   Thumb Code     0  rt_errno_addr_intlibspace.o(.text)
    __rt_errno_addr$intlibspace              0x08004831   Thumb Code     0  rt_errno_addr_intlibspace.o(.text)
    __use_no_heap                            0x08004839   Thumb Code     2  hguard.o(.text)
    __heap$guard                             0x0800483b   Thumb Code     2  hguard.o(.text)
    _terminate_user_alloc                    0x0800483d   Thumb Code     2  init_alloc.o(.text)
    _init_user_alloc                         0x0800483f   Thumb Code     2  init_alloc.o(.text)
    __Heap_Full                              0x08004841   Thumb Code    34  init_alloc.o(.text)
    __Heap_Broken                            0x08004863   Thumb Code     6  init_alloc.o(.text)
    _init_alloc                              0x08004869   Thumb Code    94  init_alloc.o(.text)
    __Heap_Initialize                        0x080048c7   Thumb Code    10  h1_init.o(.text)
    __Heap_DescSize                          0x080048d1   Thumb Code     4  h1_init.o(.text)
    __read_errno                             0x080048d5   Thumb Code    10  _rserrno.o(.text)
    __set_errno                              0x080048df   Thumb Code    12  _rserrno.o(.text)
    _printf_truncate_signed                  0x080048eb   Thumb Code    18  _printf_truncate.o(.text)
    _printf_truncate_unsigned                0x080048fd   Thumb Code    18  _printf_truncate.o(.text)
    _printf_int_common                       0x0800490f   Thumb Code   178  _printf_intcommon.o(.text)
    _printf_charcount                        0x080049c1   Thumb Code    40  _printf_charcount.o(.text)
    _printf_char_common                      0x080049f3   Thumb Code    32  _printf_char_common.o(.text)
    _sputc                                   0x08004a19   Thumb Code    10  _sputc.o(.text)
    _snputc                                  0x08004a23   Thumb Code    16  _snputc.o(.text)
    _printf_cs_common                        0x08004a33   Thumb Code    20  _printf_char.o(.text)
    _printf_char                             0x08004a47   Thumb Code    16  _printf_char.o(.text)
    _printf_string                           0x08004a57   Thumb Code     8  _printf_char.o(.text)
    _printf_wctomb                           0x08004a61   Thumb Code   182  _printf_wctomb.o(.text)
    _printf_longlong_dec                     0x08004b1d   Thumb Code   108  _printf_longlong_dec.o(.text)
    _printf_longlong_oct                     0x08004b99   Thumb Code    68  _printf_oct_int_ll.o(.text)
    _printf_int_oct                          0x08004bdd   Thumb Code    24  _printf_oct_int_ll.o(.text)
    _printf_ll_oct                           0x08004bf5   Thumb Code    12  _printf_oct_int_ll.o(.text)
    strtol                                   0x08004c09   Thumb Code   112  strtol.o(.text)
    __aeabi_memcpy4                          0x08004c79   Thumb Code     0  rt_memcpy_w.o(.text)
    __aeabi_memcpy8                          0x08004c79   Thumb Code     0  rt_memcpy_w.o(.text)
    __rt_memcpy_w                            0x08004c79   Thumb Code   100  rt_memcpy_w.o(.text)
    _memcpy_lastbytes_aligned                0x08004cc1   Thumb Code     0  rt_memcpy_w.o(.text)
    __user_libspace                          0x08004cdd   Thumb Code     8  libspace.o(.text)
    __user_perproc_libspace                  0x08004cdd   Thumb Code     0  libspace.o(.text)
    __user_perthread_libspace                0x08004cdd   Thumb Code     0  libspace.o(.text)
    __rt_ctype_table                         0x08004ce5   Thumb Code    16  rt_ctype_table.o(.text)
    __Heap_ProvideMemory                     0x08004cf5   Thumb Code    52  h1_extend.o(.text)
    _ll_udiv10                               0x08004d29   Thumb Code   138  lludiv10.o(.text)
    __lib_sel_fp_printf                      0x08004db3   Thumb Code     2  _printf_fp_dec.o(.text)
    _printf_fp_dec_real                      0x08004f61   Thumb Code   620  _printf_fp_dec.o(.text)
    _printf_lcs_common                       0x080051cd   Thumb Code    20  _printf_wchar.o(.text)
    _printf_wchar                            0x080051e1   Thumb Code    16  _printf_wchar.o(.text)
    _printf_wstring                          0x080051f1   Thumb Code     8  _printf_wchar.o(.text)
    _strtoul                                 0x080051f9   Thumb Code   158  _strtoul.o(.text)
    _wcrtomb                                 0x08005297   Thumb Code    64  _wcrtomb.o(.text)
    __rt_SIGRTMEM                            0x080052d7   Thumb Code    14  defsig_rtmem_outer.o(.text)
    __I$use$semihosting                      0x080052e5   Thumb Code     0  use_no_semi.o(.text)
    __use_no_semihosting_swi                 0x080052e5   Thumb Code     2  use_no_semi.o(.text)
    __semihosting_library_function           0x080052e7   Thumb Code     0  indicate_semi.o(.text)
    __user_setup_stackheap                   0x080052e7   Thumb Code    74  sys_stackheap_outer.o(.text)
    __rt_locale                              0x08005331   Thumb Code     8  rt_locale_intlibspace.o(.text)
    _printf_fp_infnan                        0x08005339   Thumb Code   112  _printf_fp_infnan.o(.text)
    _chval                                   0x080053b9   Thumb Code    28  _chval.o(.text)
    _btod_etento                             0x080053d5   Thumb Code   216  bigflt0.o(.text)
    exit                                     0x080054b1   Thumb Code    12  exit.o(.text)
    __sig_exit                               0x080054bd   Thumb Code    10  defsig_exit.o(.text)
    __rt_SIGRTMEM_inner                      0x080054c9   Thumb Code    22  defsig_rtmem_inner.o(.text)
    _sys_exit                                0x08005519   Thumb Code     8  sys_exit.o(.text)
    __default_signal_display                 0x08005525   Thumb Code    50  defsig_general.o(.text)
    strcmp                                   0x08005559   Thumb Code   128  strcmpv7m.o(.text)
    _ttywrch                                 0x080055d9   Thumb Code    14  sys_wrch.o(.text)
    _btod_d2e                                0x080055e7   Thumb Code    62  btod.o(CL$$btod_d2e)
    _d2e_denorm_low                          0x08005625   Thumb Code    70  btod.o(CL$$btod_d2e_denorm_low)
    _d2e_norm_op1                            0x0800566b   Thumb Code    96  btod.o(CL$$btod_d2e_norm_op1)
    __btod_div_common                        0x080056cb   Thumb Code   696  btod.o(CL$$btod_div_common)
    _e2e                                     0x08005a03   Thumb Code   198  btod.o(CL$$btod_e2e)
    _btod_ediv                               0x08005ac9   Thumb Code    40  btod.o(CL$$btod_ediv)
    _btod_emul                               0x08005af1   Thumb Code    40  btod.o(CL$$btod_emul)
    __btod_mult_common                       0x08005b19   Thumb Code   580  btod.o(CL$$btod_mult_common)
    __ARM_fpclassify                         0x08005d5d   Thumb Code    40  fpclassify.o(i.__ARM_fpclassify)
    __kernel_poly                            0x08005d85   Thumb Code   170  poly.o(i.__kernel_poly)
    __mathlib_dbl_infnan                     0x08005e2f   Thumb Code     6  dunder.o(i.__mathlib_dbl_infnan)
    __mathlib_dbl_underflow                  0x08005e35   Thumb Code    10  dunder.o(i.__mathlib_dbl_underflow)
    _is_digit                                0x08005e45   Thumb Code    14  __printf_wp.o(i._is_digit)
    atan                                     0x08005e55   Thumb Code   474  atan.o(i.atan)
    sqrt                                     0x08006075   Thumb Code    76  sqrt.o(i.sqrt)
    _get_lc_ctype                            0x080060c1   Thumb Code    44  lc_ctype_c.o(locale$$code)
    _get_lc_numeric                          0x080060ed   Thumb Code    44  lc_numeric_c.o(locale$$code)
    __aeabi_d2f                              0x08006119   Thumb Code     0  d2f.o(x$fpl$d2f)
    _d2f                                     0x08006119   Thumb Code    98  d2f.o(x$fpl$d2f)
    __aeabi_dadd                             0x0800617d   Thumb Code     0  daddsub_clz.o(x$fpl$dadd)
    _dadd                                    0x0800617d   Thumb Code   332  daddsub_clz.o(x$fpl$dadd)
    __fpl_dcheck_NaN1                        0x080062cd   Thumb Code    10  dcheck1.o(x$fpl$dcheck1)
    __aeabi_ddiv                             0x080062dd   Thumb Code     0  ddiv.o(x$fpl$ddiv)
    _ddiv                                    0x080062dd   Thumb Code   552  ddiv.o(x$fpl$ddiv)
    __aeabi_i2d                              0x0800658d   Thumb Code     0  dflt_clz.o(x$fpl$dflt)
    _dflt                                    0x0800658d   Thumb Code    46  dflt_clz.o(x$fpl$dflt)
    __aeabi_dmul                             0x080065bd   Thumb Code     0  dmul.o(x$fpl$dmul)
    _dmul                                    0x080065bd   Thumb Code   332  dmul.o(x$fpl$dmul)
    __fpl_dnaninf                            0x08006711   Thumb Code   156  dnaninf.o(x$fpl$dnaninf)
    __fpl_dretinf                            0x080067ad   Thumb Code    12  dretinf.o(x$fpl$dretinf)
    __aeabi_drsub                            0x080067b9   Thumb Code     0  daddsub_clz.o(x$fpl$drsb)
    _drsb                                    0x080067b9   Thumb Code    22  daddsub_clz.o(x$fpl$drsb)
    _dsqrt                                   0x080067d1   Thumb Code   456  dsqrt_noumaal.o(x$fpl$dsqrt)
    __aeabi_dsub                             0x0800699d   Thumb Code     0  daddsub_clz.o(x$fpl$dsub)
    _dsub                                    0x0800699d   Thumb Code   464  daddsub_clz.o(x$fpl$dsub)
    __aeabi_f2d                              0x08006b71   Thumb Code     0  f2d.o(x$fpl$f2d)
    _f2d                                     0x08006b71   Thumb Code    86  f2d.o(x$fpl$f2d)
    __aeabi_i2f                              0x08006bc9   Thumb Code     0  fflt_clz.o(x$fpl$fflt)
    _fflt                                    0x08006bc9   Thumb Code    48  fflt_clz.o(x$fpl$fflt)
    __fpl_fnaninf                            0x08006bf9   Thumb Code   140  fnaninf.o(x$fpl$fnaninf)
    __fpl_fretinf                            0x08006c85   Thumb Code    10  fretinf.o(x$fpl$fretinf)
    _printf_fp_dec                           0x08006c8f   Thumb Code     4  printf1.o(x$fpl$printf1)
    __fpl_return_NaN                         0x08006c93   Thumb Code   100  retnan.o(x$fpl$retnan)
    __ARM_scalbn                             0x08006cf7   Thumb Code    92  scalbn.o(x$fpl$scalbn)
    __fpl_cmpreturn                          0x08006d53   Thumb Code    48  trapv.o(x$fpl$trapveneer)
    F6x8                                     0x08006d82   Data         552  oled.o(.constdata)
    __I$use$fp                               0x08006d82   Number         0  usenofp.o(x$fpl$usenofp)
    F8X16                                    0x08006faa   Data        1520  oled.o(.constdata)
    Region$$Table$$Base                      0x0800770c   Number         0  anon$$obj.o(Region$$Table)
    Region$$Table$$Limit                     0x0800772c   Number         0  anon$$obj.o(Region$$Table)
    __ctype                                  0x08007739   Data           0  lc_ctype_c.o(locale$$data)
    SystemCoreClock                          0x20000000   Data           4  system_stm32f10x.o(.data)
    AHBPrescTable                            0x20000004   Data          16  system_stm32f10x.o(.data)
    beep_info                                0x20000028   Data           1  beep.o(.data)
    UsCount                                  0x2000002a   Data           1  delay.o(.data)
    MsCount                                  0x2000002c   Data           2  delay.o(.data)
    DHT11_Data                               0x2000002e   Data           5  dht11.o(.data)
    Hzk                                      0x20000033   Data         256  oled.o(.data)
    http_len                                 0x20000133   Data           1  onenet.o(.data)
    BC35_cnt                                 0x20000134   Data           2  bc35.o(.data)
    BC35_cntPre                              0x20000136   Data           2  bc35.o(.data)
    spi_initstruct                           0x20000138   Data          18  spi.o(.bss)
    adxl362Info                              0x2000014c   Data          16  adxl362.o(.bss)
    HTTP_BufHEX                              0x2000015c   Data         450  onenet.o(.bss)
    BC35_buf                                 0x2000031e   Data         128  bc35.o(.bss)
    __libspace_start                         0x200003a0   Data          96  libspace.o(.bss)
    __temporary_stack_top$libspace           0x20000400   Data           0  libspace.o(.bss)



==============================================================================

Memory Map of the image

  Image Entry point : 0x08000131

  Load Region LR_IROM1 (Base: 0x08000000, Size: 0x00007990, Max: 0x00080000, ABSOLUTE, COMPRESSED[0x000078e8])

    Execution Region ER_IROM1 (Base: 0x08000000, Size: 0x00007858, Max: 0x00080000, ABSOLUTE)

    Base Addr    Size         Type   Attr      Idx    E Section Name        Object

    0x08000000   0x00000130   Data   RO          139    RESET               startup_stm32f10x_hd.o
    0x08000130   0x00000008   Code   RO          663  * !!!main             c_w.l(__main.o)
    0x08000138   0x00000034   Code   RO         1068    !!!scatter          c_w.l(__scatter.o)
    0x0800016c   0x0000005a   Code   RO         1066    !!dczerorl2         c_w.l(__dczerorl2.o)
    0x080001c6   0x00000002   PAD
    0x080001c8   0x0000001c   Code   RO         1070    !!handler_zi        c_w.l(__scatter_zi.o)
    0x080001e4   0x00000000   Code   RO          638    .ARM.Collect$$_printf_percent$$00000000  c_w.l(_printf_percent.o)
    0x080001e4   0x00000006   Code   RO          766    .ARM.Collect$$_printf_percent$$00000001  c_w.l(_printf_n.o)
    0x080001ea   0x00000006   Code   RO          767    .ARM.Collect$$_printf_percent$$00000002  c_w.l(_printf_p.o)
    0x080001f0   0x00000006   Code   RO          771    .ARM.Collect$$_printf_percent$$00000003  c_w.l(_printf_f.o)
    0x080001f6   0x00000006   Code   RO          772    .ARM.Collect$$_printf_percent$$00000004  c_w.l(_printf_e.o)
    0x080001fc   0x00000006   Code   RO          773    .ARM.Collect$$_printf_percent$$00000005  c_w.l(_printf_g.o)
    0x08000202   0x00000006   Code   RO          774    .ARM.Collect$$_printf_percent$$00000006  c_w.l(_printf_a.o)
    0x08000208   0x0000000a   Code   RO          779    .ARM.Collect$$_printf_percent$$00000007  c_w.l(_printf_ll.o)
    0x08000212   0x00000006   Code   RO          769    .ARM.Collect$$_printf_percent$$00000008  c_w.l(_printf_i.o)
    0x08000218   0x00000006   Code   RO          637    .ARM.Collect$$_printf_percent$$00000009  c_w.l(_printf_d.o)
    0x0800021e   0x00000006   Code   RO          770    .ARM.Collect$$_printf_percent$$0000000A  c_w.l(_printf_u.o)
    0x08000224   0x00000006   Code   RO          768    .ARM.Collect$$_printf_percent$$0000000B  c_w.l(_printf_o.o)
    0x0800022a   0x00000006   Code   RO          636    .ARM.Collect$$_printf_percent$$0000000C  c_w.l(_printf_x.o)
    0x08000230   0x00000006   Code   RO          776    .ARM.Collect$$_printf_percent$$0000000D  c_w.l(_printf_lli.o)
    0x08000236   0x00000006   Code   RO          777    .ARM.Collect$$_printf_percent$$0000000E  c_w.l(_printf_lld.o)
    0x0800023c   0x00000006   Code   RO          778    .ARM.Collect$$_printf_percent$$0000000F  c_w.l(_printf_llu.o)
    0x08000242   0x00000006   Code   RO          783    .ARM.Collect$$_printf_percent$$00000010  c_w.l(_printf_llo.o)
    0x08000248   0x00000006   Code   RO          784    .ARM.Collect$$_printf_percent$$00000011  c_w.l(_printf_llx.o)
    0x0800024e   0x0000000a   Code   RO          780    .ARM.Collect$$_printf_percent$$00000012  c_w.l(_printf_l.o)
    0x08000258   0x00000006   Code   RO          765    .ARM.Collect$$_printf_percent$$00000013  c_w.l(_printf_c.o)
    0x0800025e   0x00000006   Code   RO          635    .ARM.Collect$$_printf_percent$$00000014  c_w.l(_printf_s.o)
    0x08000264   0x00000006   Code   RO          781    .ARM.Collect$$_printf_percent$$00000015  c_w.l(_printf_lc.o)
    0x0800026a   0x00000006   Code   RO          782    .ARM.Collect$$_printf_percent$$00000016  c_w.l(_printf_ls.o)
    0x08000270   0x00000004   Code   RO          775    .ARM.Collect$$_printf_percent$$00000017  c_w.l(_printf_percent_end.o)
    0x08000274   0x00000002   Code   RO          998    .ARM.Collect$$libinit$$00000000  c_w.l(libinit.o)
    0x08000276   0x00000000   Code   RO          792    .ARM.Collect$$libinit$$00000002  c_w.l(libinit2.o)
    0x08000276   0x00000000   Code   RO          794    .ARM.Collect$$libinit$$00000004  c_w.l(libinit2.o)
    0x08000276   0x00000008   Code   RO          795    .ARM.Collect$$libinit$$00000005  c_w.l(libinit2.o)
    0x0800027e   0x00000000   Code   RO          797    .ARM.Collect$$libinit$$0000000A  c_w.l(libinit2.o)
    0x0800027e   0x00000000   Code   RO          799    .ARM.Collect$$libinit$$0000000C  c_w.l(libinit2.o)
    0x0800027e   0x00000000   Code   RO          801    .ARM.Collect$$libinit$$0000000E  c_w.l(libinit2.o)
    0x0800027e   0x00000006   Code   RO          802    .ARM.Collect$$libinit$$0000000F  c_w.l(libinit2.o)
    0x08000284   0x00000000   Code   RO          804    .ARM.Collect$$libinit$$00000011  c_w.l(libinit2.o)
    0x08000284   0x0000000c   Code   RO          805    .ARM.Collect$$libinit$$00000012  c_w.l(libinit2.o)
    0x08000290   0x00000000   Code   RO          806    .ARM.Collect$$libinit$$00000013  c_w.l(libinit2.o)
    0x08000290   0x00000000   Code   RO          808    .ARM.Collect$$libinit$$00000015  c_w.l(libinit2.o)
    0x08000290   0x0000000a   Code   RO          809    .ARM.Collect$$libinit$$00000016  c_w.l(libinit2.o)
    0x0800029a   0x00000000   Code   RO          810    .ARM.Collect$$libinit$$00000017  c_w.l(libinit2.o)
    0x0800029a   0x00000000   Code   RO          812    .ARM.Collect$$libinit$$00000019  c_w.l(libinit2.o)
    0x0800029a   0x00000000   Code   RO          814    .ARM.Collect$$libinit$$0000001B  c_w.l(libinit2.o)
    0x0800029a   0x00000000   Code   RO          816    .ARM.Collect$$libinit$$0000001D  c_w.l(libinit2.o)
    0x0800029a   0x00000000   Code   RO          818    .ARM.Collect$$libinit$$0000001F  c_w.l(libinit2.o)
    0x0800029a   0x00000000   Code   RO          820    .ARM.Collect$$libinit$$00000021  c_w.l(libinit2.o)
    0x0800029a   0x00000000   Code   RO          822    .ARM.Collect$$libinit$$00000023  c_w.l(libinit2.o)
    0x0800029a   0x00000000   Code   RO          824    .ARM.Collect$$libinit$$00000025  c_w.l(libinit2.o)
    0x0800029a   0x00000000   Code   RO          828    .ARM.Collect$$libinit$$0000002C  c_w.l(libinit2.o)
    0x0800029a   0x00000000   Code   RO          830    .ARM.Collect$$libinit$$0000002E  c_w.l(libinit2.o)
    0x0800029a   0x00000000   Code   RO          832    .ARM.Collect$$libinit$$00000030  c_w.l(libinit2.o)
    0x0800029a   0x00000000   Code   RO          834    .ARM.Collect$$libinit$$00000032  c_w.l(libinit2.o)
    0x0800029a   0x00000002   Code   RO          835    .ARM.Collect$$libinit$$00000033  c_w.l(libinit2.o)
    0x0800029c   0x00000002   Code   RO         1063    .ARM.Collect$$libshutdown$$00000000  c_w.l(libshutdown.o)
    0x0800029e   0x00000000   Code   RO         1019    .ARM.Collect$$libshutdown$$00000003  c_w.l(libshutdown2.o)
    0x0800029e   0x00000000   Code   RO         1022    .ARM.Collect$$libshutdown$$00000006  c_w.l(libshutdown2.o)
    0x0800029e   0x00000000   Code   RO         1025    .ARM.Collect$$libshutdown$$00000009  c_w.l(libshutdown2.o)
    0x0800029e   0x00000000   Code   RO         1027    .ARM.Collect$$libshutdown$$0000000B  c_w.l(libshutdown2.o)
    0x0800029e   0x00000000   Code   RO         1030    .ARM.Collect$$libshutdown$$0000000E  c_w.l(libshutdown2.o)
    0x0800029e   0x00000002   Code   RO         1031    .ARM.Collect$$libshutdown$$0000000F  c_w.l(libshutdown2.o)
    0x080002a0   0x00000000   Code   RO          707    .ARM.Collect$$rtentry$$00000000  c_w.l(__rtentry.o)
    0x080002a0   0x00000000   Code   RO          883    .ARM.Collect$$rtentry$$00000002  c_w.l(__rtentry2.o)
    0x080002a0   0x00000006   Code   RO          895    .ARM.Collect$$rtentry$$00000004  c_w.l(__rtentry4.o)
    0x080002a6   0x00000000   Code   RO          885    .ARM.Collect$$rtentry$$00000009  c_w.l(__rtentry2.o)
    0x080002a6   0x00000004   Code   RO          886    .ARM.Collect$$rtentry$$0000000A  c_w.l(__rtentry2.o)
    0x080002aa   0x00000000   Code   RO          888    .ARM.Collect$$rtentry$$0000000C  c_w.l(__rtentry2.o)
    0x080002aa   0x00000008   Code   RO          889    .ARM.Collect$$rtentry$$0000000D  c_w.l(__rtentry2.o)
    0x080002b2   0x00000002   Code   RO         1005    .ARM.Collect$$rtexit$$00000000  c_w.l(rtexit.o)
    0x080002b4   0x00000000   Code   RO         1037    .ARM.Collect$$rtexit$$00000002  c_w.l(rtexit2.o)
    0x080002b4   0x00000004   Code   RO         1038    .ARM.Collect$$rtexit$$00000003  c_w.l(rtexit2.o)
    0x080002b8   0x00000006   Code   RO         1039    .ARM.Collect$$rtexit$$00000004  c_w.l(rtexit2.o)
    0x080002be   0x00000002   PAD
    0x080002c0   0x00000000   Code   RO          901    .emb_text           c_w.l(maybetermalloc1.o)
    0x080002c0   0x00000134   Code   RO           17    .text               stm32f10x_it.o
    0x080003f4   0x000001e8   Code   RO          119    .text               system_stm32f10x.o
    0x080005dc   0x00000040   Code   RO          140    .text               startup_stm32f10x_hd.o
    0x0800061c   0x000000dc   Code   RO          144    .text               misc.o
    0x080006f8   0x0000035c   Code   RO          182    .text               stm32f10x_gpio.o
    0x08000a54   0x000003ac   Code   RO          194    .text               stm32f10x_rcc.o
    0x08000e00   0x00000408   Code   RO          208    .text               stm32f10x_usart.o
    0x08001208   0x0000030c   Code   RO          220    .text               stm32f10x_spi.o
    0x08001514   0x0000005c   Code   RO          232    .text               beep.o
    0x08001570   0x000000f4   Code   RO          250    .text               delay.o
    0x08001664   0x000001e8   Code   RO          268    .text               usart.o
    0x0800184c   0x000001fc   Code   RO          290    .text               spi.o
    0x08001a48   0x000004a8   Code   RO          308    .text               adxl362.o
    0x08001ef0   0x0000017c   Code   RO          330    .text               dht11.o
    0x0800206c   0x000004aa   Code   RO          348    .text               oled.o
    0x08002516   0x00000002   PAD
    0x08002518   0x00000118   Code   RO          373    .text               main.o
    0x08002630   0x00000550   Code   RO          406    .text               onenet.o
    0x08002b80   0x00000ca6   Code   RO          439    .text               mqttkit.o
    0x08003826   0x00000002   PAD
    0x08003828   0x00000294   Code   RO          463    .text               mqttdata.o
    0x08003abc   0x00000628   Code   RO          481    .text               bc35.o
    0x080040e4   0x00000078   Code   RO          501    .text               hexstr.o
    0x0800415c   0x0000005e   Code   RO          522    .text               c_w.l(h1_alloc.o)
    0x080041ba   0x0000004e   Code   RO          524    .text               c_w.l(h1_free.o)
    0x08004208   0x00000034   Code   RO          580    .text               c_w.l(c89vsnprintf.o)
    0x0800423c   0x0000002c   Code   RO          582    .text               c_w.l(__2sprintf.o)
    0x08004268   0x0000004e   Code   RO          588    .text               c_w.l(_printf_pad.o)
    0x080042b6   0x00000052   Code   RO          590    .text               c_w.l(_printf_str.o)
    0x08004308   0x00000078   Code   RO          592    .text               c_w.l(_printf_dec.o)
    0x08004380   0x00000094   Code   RO          612    .text               c_w.l(_printf_hex_int_ll_ptr.o)
    0x08004414   0x00000188   Code   RO          632    .text               c_w.l(__printf_flags_ss_wp.o)
    0x0800459c   0x0000001a   Code   RO          639    .text               c_w.l(atoi.o)
    0x080045b6   0x00000014   Code   RO          641    .text               c_w.l(strchr.o)
    0x080045ca   0x00000024   Code   RO          643    .text               c_w.l(strncat.o)
    0x080045ee   0x00000024   Code   RO          645    .text               c_w.l(strstr.o)
    0x08004612   0x00000048   Code   RO          647    .text               c_w.l(strcpy.o)
    0x0800465a   0x0000003e   Code   RO          649    .text               c_w.l(strlen.o)
    0x08004698   0x00000018   Code   RO          651    .text               c_w.l(strcat.o)
    0x080046b0   0x0000008a   Code   RO          653    .text               c_w.l(rt_memcpy_v6.o)
    0x0800473a   0x00000044   Code   RO          655    .text               c_w.l(rt_memclr.o)
    0x0800477e   0x0000004e   Code   RO          657    .text               c_w.l(rt_memclr_w.o)
    0x080047cc   0x00000056   Code   RO          659    .text               c_w.l(strncpy.o)
    0x08004822   0x00000006   Code   RO          661    .text               c_w.l(heapauxi.o)
    0x08004828   0x00000008   Code   RO          711    .text               c_w.l(rt_heap_descriptor_intlibspace.o)
    0x08004830   0x00000008   Code   RO          716    .text               c_w.l(rt_errno_addr_intlibspace.o)
    0x08004838   0x00000004   Code   RO          718    .text               c_w.l(hguard.o)
    0x0800483c   0x0000008a   Code   RO          720    .text               c_w.l(init_alloc.o)
    0x080048c6   0x0000000e   Code   RO          724    .text               c_w.l(h1_init.o)
    0x080048d4   0x00000016   Code   RO          738    .text               c_w.l(_rserrno.o)
    0x080048ea   0x00000024   Code   RO          740    .text               c_w.l(_printf_truncate.o)
    0x0800490e   0x000000b2   Code   RO          742    .text               c_w.l(_printf_intcommon.o)
    0x080049c0   0x00000028   Code   RO          744    .text               c_w.l(_printf_charcount.o)
    0x080049e8   0x00000030   Code   RO          746    .text               c_w.l(_printf_char_common.o)
    0x08004a18   0x0000000a   Code   RO          748    .text               c_w.l(_sputc.o)
    0x08004a22   0x00000010   Code   RO          750    .text               c_w.l(_snputc.o)
    0x08004a32   0x0000002c   Code   RO          752    .text               c_w.l(_printf_char.o)
    0x08004a5e   0x00000002   PAD
    0x08004a60   0x000000bc   Code   RO          754    .text               c_w.l(_printf_wctomb.o)
    0x08004b1c   0x0000007c   Code   RO          757    .text               c_w.l(_printf_longlong_dec.o)
    0x08004b98   0x00000070   Code   RO          763    .text               c_w.l(_printf_oct_int_ll.o)
    0x08004c08   0x00000070   Code   RO          785    .text               c_w.l(strtol.o)
    0x08004c78   0x00000064   Code   RO          787    .text               c_w.l(rt_memcpy_w.o)
    0x08004cdc   0x00000008   Code   RO          879    .text               c_w.l(libspace.o)
    0x08004ce4   0x00000010   Code   RO          897    .text               c_w.l(rt_ctype_table.o)
    0x08004cf4   0x00000034   Code   RO          903    .text               c_w.l(h1_extend.o)
    0x08004d28   0x0000008a   Code   RO          907    .text               c_w.l(lludiv10.o)
    0x08004db2   0x0000041a   Code   RO          909    .text               c_w.l(_printf_fp_dec.o)
    0x080051cc   0x0000002c   Code   RO          913    .text               c_w.l(_printf_wchar.o)
    0x080051f8   0x0000009e   Code   RO          915    .text               c_w.l(_strtoul.o)
    0x08005296   0x00000040   Code   RO          917    .text               c_w.l(_wcrtomb.o)
    0x080052d6   0x0000000e   Code   RO          919    .text               c_w.l(defsig_rtmem_outer.o)
    0x080052e4   0x00000002   Code   RO          934    .text               c_w.l(use_no_semi.o)
    0x080052e6   0x00000000   Code   RO          936    .text               c_w.l(indicate_semi.o)
    0x080052e6   0x0000004a   Code   RO          937    .text               c_w.l(sys_stackheap_outer.o)
    0x08005330   0x00000008   Code   RO          944    .text               c_w.l(rt_locale_intlibspace.o)
    0x08005338   0x00000080   Code   RO          948    .text               c_w.l(_printf_fp_infnan.o)
    0x080053b8   0x0000001c   Code   RO          950    .text               c_w.l(_chval.o)
    0x080053d4   0x000000dc   Code   RO          952    .text               c_w.l(bigflt0.o)
    0x080054b0   0x0000000c   Code   RO          983    .text               c_w.l(exit.o)
    0x080054bc   0x0000000a   Code   RO          985    .text               c_w.l(defsig_exit.o)
    0x080054c6   0x00000002   PAD
    0x080054c8   0x00000050   Code   RO          987    .text               c_w.l(defsig_rtmem_inner.o)
    0x08005518   0x0000000c   Code   RO         1003    .text               c_w.l(sys_exit.o)
    0x08005524   0x00000032   Code   RO         1013    .text               c_w.l(defsig_general.o)
    0x08005556   0x00000002   PAD
    0x08005558   0x00000080   Code   RO         1015    .text               c_w.l(strcmpv7m.o)
    0x080055d8   0x0000000e   Code   RO         1034    .text               c_w.l(sys_wrch.o)
    0x080055e6   0x0000003e   Code   RO          955    CL$$btod_d2e        c_w.l(btod.o)
    0x08005624   0x00000046   Code   RO          957    CL$$btod_d2e_denorm_low  c_w.l(btod.o)
    0x0800566a   0x00000060   Code   RO          956    CL$$btod_d2e_norm_op1  c_w.l(btod.o)
    0x080056ca   0x00000338   Code   RO          965    CL$$btod_div_common  c_w.l(btod.o)
    0x08005a02   0x000000c6   Code   RO          962    CL$$btod_e2e        c_w.l(btod.o)
    0x08005ac8   0x00000028   Code   RO          959    CL$$btod_ediv       c_w.l(btod.o)
    0x08005af0   0x00000028   Code   RO          958    CL$$btod_emul       c_w.l(btod.o)
    0x08005b18   0x00000244   Code   RO          964    CL$$btod_mult_common  c_w.l(btod.o)
    0x08005d5c   0x00000028   Code   RO          873    i.__ARM_fpclassify  m_ws.l(fpclassify.o)
    0x08005d84   0x000000aa   Code   RO          875    i.__kernel_poly     m_ws.l(poly.o)
    0x08005e2e   0x00000006   Code   RO          860    i.__mathlib_dbl_infnan  m_ws.l(dunder.o)
    0x08005e34   0x00000010   Code   RO          865    i.__mathlib_dbl_underflow  m_ws.l(dunder.o)
    0x08005e44   0x0000000e   Code   RO          625    i._is_digit         c_w.l(__printf_wp.o)
    0x08005e52   0x00000002   PAD
    0x08005e54   0x00000220   Code   RO          688    i.atan              m_ws.l(atan.o)
    0x08006074   0x0000004c   Code   RO          698    i.sqrt              m_ws.l(sqrt.o)
    0x080060c0   0x0000002c   Code   RO          978    locale$$code        c_w.l(lc_ctype_c.o)
    0x080060ec   0x0000002c   Code   RO          981    locale$$code        c_w.l(lc_numeric_c.o)
    0x08006118   0x00000062   Code   RO          665    x$fpl$d2f           fz_ws.l(d2f.o)
    0x0800617a   0x00000002   PAD
    0x0800617c   0x00000150   Code   RO          836    x$fpl$dadd          fz_ws.l(daddsub_clz.o)
    0x080062cc   0x00000010   Code   RO          928    x$fpl$dcheck1       fz_ws.l(dcheck1.o)
    0x080062dc   0x000002b0   Code   RO          668    x$fpl$ddiv          fz_ws.l(ddiv.o)
    0x0800658c   0x0000002e   Code   RO          672    x$fpl$dflt          fz_ws.l(dflt_clz.o)
    0x080065ba   0x00000002   PAD
    0x080065bc   0x00000154   Code   RO          677    x$fpl$dmul          fz_ws.l(dmul.o)
    0x08006710   0x0000009c   Code   RO          844    x$fpl$dnaninf       fz_ws.l(dnaninf.o)
    0x080067ac   0x0000000c   Code   RO          846    x$fpl$dretinf       fz_ws.l(dretinf.o)
    0x080067b8   0x00000016   Code   RO          837    x$fpl$drsb          fz_ws.l(daddsub_clz.o)
    0x080067ce   0x00000002   PAD
    0x080067d0   0x000001cc   Code   RO          848    x$fpl$dsqrt         fz_ws.l(dsqrt_noumaal.o)
    0x0800699c   0x000001d4   Code   RO          838    x$fpl$dsub          fz_ws.l(daddsub_clz.o)
    0x08006b70   0x00000056   Code   RO          679    x$fpl$f2d           fz_ws.l(f2d.o)
    0x08006bc6   0x00000002   PAD
    0x08006bc8   0x00000030   Code   RO          682    x$fpl$fflt          fz_ws.l(fflt_clz.o)
    0x08006bf8   0x0000008c   Code   RO          850    x$fpl$fnaninf       fz_ws.l(fnaninf.o)
    0x08006c84   0x0000000a   Code   RO          852    x$fpl$fretinf       fz_ws.l(fretinf.o)
    0x08006c8e   0x00000004   Code   RO          854    x$fpl$printf1       fz_ws.l(printf1.o)
    0x08006c92   0x00000064   Code   RO         1001    x$fpl$retnan        fz_ws.l(retnan.o)
    0x08006cf6   0x0000005c   Code   RO          856    x$fpl$scalbn        fz_ws.l(scalbn.o)
    0x08006d52   0x00000030   Code   RO         1032    x$fpl$trapveneer    fz_ws.l(trapv.o)
    0x08006d82   0x00000000   Code   RO          858    x$fpl$usenofp       fz_ws.l(usenofp.o)
    0x08006d82   0x00000818   Data   RO          349    .constdata          oled.o
    0x0800759a   0x00000028   Data   RO          613    .constdata          c_w.l(_printf_hex_int_ll_ptr.o)
    0x080075c2   0x00000011   Data   RO          633    .constdata          c_w.l(__printf_flags_ss_wp.o)
    0x080075d3   0x00000005   PAD
    0x080075d8   0x00000098   Data   RO          689    .constdata          m_ws.l(atan.o)
    0x08007670   0x00000008   Data   RO          755    .constdata          c_w.l(_printf_wctomb.o)
    0x08007678   0x00000094   Data   RO          953    .constdata          c_w.l(bigflt0.o)
    0x0800770c   0x00000020   Data   RO         1064    Region$$Table       anon$$obj.o
    0x0800772c   0x00000110   Data   RO          977    locale$$data        c_w.l(lc_ctype_c.o)
    0x0800783c   0x0000001c   Data   RO          980    locale$$data        c_w.l(lc_numeric_c.o)


    Execution Region RW_IRAM1 (Base: 0x20000000, Size: 0x00000c00, Max: 0x00010000, ABSOLUTE, COMPRESSED[0x00000090])

    Base Addr    Size         Type   Attr      Idx    E Section Name        Object

    0x20000000   0x00000014   Data   RW          120    .data               system_stm32f10x.o
    0x20000014   0x00000014   Data   RW          195    .data               stm32f10x_rcc.o
    0x20000028   0x00000001   Data   RW          233    .data               beep.o
    0x20000029   0x00000001   PAD
    0x2000002a   0x00000004   Data   RW          251    .data               delay.o
    0x2000002e   0x00000005   Data   RW          331    .data               dht11.o
    0x20000033   0x00000100   Data   RW          350    .data               oled.o
    0x20000133   0x00000001   Data   RW          408    .data               onenet.o
    0x20000134   0x00000004   Data   RW          483    .data               bc35.o
    0x20000138   0x00000012   Zero   RW          291    .bss                spi.o
    0x2000014a   0x00000002   PAD
    0x2000014c   0x00000010   Zero   RW          309    .bss                adxl362.o
    0x2000015c   0x000001c2   Zero   RW          407    .bss                onenet.o
    0x2000031e   0x00000080   Zero   RW          482    .bss                bc35.o
    0x2000039e   0x00000002   PAD
    0x200003a0   0x00000060   Zero   RW          880    .bss                c_w.l(libspace.o)
    0x20000400   0x00000400   Zero   RW          138    HEAP                startup_stm32f10x_hd.o
    0x20000800   0x00000400   Zero   RW          137    STACK               startup_stm32f10x_hd.o


==============================================================================

Image component sizes


      Code (inc. data)   RO Data    RW Data    ZI Data      Debug   Object Name

      1192         42          0          0         16       9297   adxl362.o
      1576        650          0          4        128       3132   bc35.o
        92         12          0          1          0       1189   beep.o
         0          0          0          0          0       4536   core_cm3.o
       244         10          0          4          0       1436   delay.o
       380         10          0          5          0       2389   dht11.o
       120          0          0          0          0        956   hexstr.o
       280         62          0          0          0        741   main.o
       220         22          0          0          0     206449   misc.o
       660         76          0          0          0       1706   mqttdata.o
      3238         26          0          0          0      13556   mqttkit.o
      1194         16       2072        256          0       4557   oled.o
      1360        512          0          1        450       5104   onenet.o
       508         22          0          0         18       2178   spi.o
        64         26        304          0       2048        808   startup_stm32f10x_hd.o
       860         38          0          0          0       5569   stm32f10x_gpio.o
       308        248          0          0          0      31335   stm32f10x_it.o
       940         44          0         20          0       8716   stm32f10x_rcc.o
       780         14          0          0          0       6450   stm32f10x_spi.o
      1032         22          0          0          0       8292   stm32f10x_usart.o
       488         46          0         20          0       1743   system_stm32f10x.o
       488         14          0          0          0       2825   usart.o

    ----------------------------------------------------------------------
     16028       1912       2408        312       2664     322964   Object Totals
         0          0         32          0          0          0   (incl. Generated)
         4          0          0          1          4          0   (incl. Padding)

    ----------------------------------------------------------------------

      Code (inc. data)   RO Data    RW Data    ZI Data      Debug   Library Member Name

        44          6          0          0          0         84   __2sprintf.o
        90          0          0          0          0          0   __dczerorl2.o
         8          0          0          0          0         68   __main.o
       392          4         17          0          0         92   __printf_flags_ss_wp.o
        14          0          0          0          0         68   __printf_wp.o
         0          0          0          0          0          0   __rtentry.o
        12          0          0          0          0          0   __rtentry2.o
         6          0          0          0          0          0   __rtentry4.o
        52          8          0          0          0          0   __scatter.o
        28          0          0          0          0          0   __scatter_zi.o
        28          0          0          0          0         68   _chval.o
         6          0          0          0          0          0   _printf_a.o
         6          0          0          0          0          0   _printf_c.o
        44          0          0          0          0        108   _printf_char.o
        48          6          0          0          0         96   _printf_char_common.o
        40          0          0          0          0         68   _printf_charcount.o
         6          0          0          0          0          0   _printf_d.o
       120         16          0          0          0         92   _printf_dec.o
         6          0          0          0          0          0   _printf_e.o
         6          0          0          0          0          0   _printf_f.o
      1050          0          0          0          0        216   _printf_fp_dec.o
       128         16          0          0          0         84   _printf_fp_infnan.o
         6          0          0          0          0          0   _printf_g.o
       148          4         40          0          0        160   _printf_hex_int_ll_ptr.o
         6          0          0          0          0          0   _printf_i.o
       178          0          0          0          0         88   _printf_intcommon.o
        10          0          0          0          0          0   _printf_l.o
         6          0          0          0          0          0   _printf_lc.o
        10          0          0          0          0          0   _printf_ll.o
         6          0          0          0          0          0   _printf_lld.o
         6          0          0          0          0          0   _printf_lli.o
         6          0          0          0          0          0   _printf_llo.o
         6          0          0          0          0          0   _printf_llu.o
         6          0          0          0          0          0   _printf_llx.o
       124         16          0          0          0         92   _printf_longlong_dec.o
         6          0          0          0          0          0   _printf_ls.o
         6          0          0          0          0          0   _printf_n.o
         6          0          0          0          0          0   _printf_o.o
       112          8          0          0          0        124   _printf_oct_int_ll.o
         6          0          0          0          0          0   _printf_p.o
        78          0          0          0          0        108   _printf_pad.o
         0          0          0          0          0          0   _printf_percent.o
         4          0          0          0          0          0   _printf_percent_end.o
         6          0          0          0          0          0   _printf_s.o
        82          0          0          0          0         80   _printf_str.o
        36          0          0          0          0         84   _printf_truncate.o
         6          0          0          0          0          0   _printf_u.o
        44          0          0          0          0        108   _printf_wchar.o
       188          6          8          0          0         92   _printf_wctomb.o
         6          0          0          0          0          0   _printf_x.o
        22          0          0          0          0        100   _rserrno.o
        16          0          0          0          0         68   _snputc.o
        10          0          0          0          0         68   _sputc.o
       158          0          0          0          0         92   _strtoul.o
        64          0          0          0          0         92   _wcrtomb.o
        26          0          0          0          0         80   atoi.o
       220          4        148          0          0         96   bigflt0.o
      1910        128          0          0          0        672   btod.o
        52          4          0          0          0         80   c89vsnprintf.o
        10          0          0          0          0         68   defsig_exit.o
        50          0          0          0          0         88   defsig_general.o
        80         58          0          0          0         76   defsig_rtmem_inner.o
        14          0          0          0          0         80   defsig_rtmem_outer.o
        12          0          0          0          0         72   exit.o
        94          0          0          0          0         80   h1_alloc.o
        52          0          0          0          0         68   h1_extend.o
        78          0          0          0          0         80   h1_free.o
        14          0          0          0          0         84   h1_init.o
         6          0          0          0          0        152   heapauxi.o
         4          0          0          0          0        136   hguard.o
         0          0          0          0          0          0   indicate_semi.o
       138          0          0          0          0        168   init_alloc.o
        44         10        272          0          0         76   lc_ctype_c.o
        44         10         28          0          0         76   lc_numeric_c.o
         2          0          0          0          0          0   libinit.o
        38          0          0          0          0          0   libinit2.o
         2          0          0          0          0          0   libshutdown.o
         2          0          0          0          0          0   libshutdown2.o
         8          4          0          0         96         68   libspace.o
       138          0          0          0          0         80   lludiv10.o
         0          0          0          0          0          0   maybetermalloc1.o
        16          4          0          0          0         76   rt_ctype_table.o
         8          4          0          0          0         68   rt_errno_addr_intlibspace.o
         8          4          0          0          0         68   rt_heap_descriptor_intlibspace.o
         8          4          0          0          0         68   rt_locale_intlibspace.o
        68          0          0          0          0         68   rt_memclr.o
        78          0          0          0          0         80   rt_memclr_w.o
       138          0          0          0          0         68   rt_memcpy_v6.o
       100          0          0          0          0         80   rt_memcpy_w.o
         2          0          0          0          0          0   rtexit.o
        10          0          0          0          0          0   rtexit2.o
        24          0          0          0          0         68   strcat.o
        20          0          0          0          0         68   strchr.o
       128          0          0          0          0         68   strcmpv7m.o
        72          0          0          0          0         80   strcpy.o
        62          0          0          0          0         76   strlen.o
        36          0          0          0          0         76   strncat.o
        86          0          0          0          0         76   strncpy.o
        36          0          0          0          0         80   strstr.o
       112          0          0          0          0         88   strtol.o
        12          4          0          0          0         68   sys_exit.o
        74          0          0          0          0         80   sys_stackheap_outer.o
        14          0          0          0          0         76   sys_wrch.o
         2          0          0          0          0         68   use_no_semi.o
        98          4          0          0          0         92   d2f.o
       826         16          0          0          0        348   daddsub_clz.o
        16          4          0          0          0         68   dcheck1.o
       688        140          0          0          0        208   ddiv.o
        46          0          0          0          0         68   dflt_clz.o
       340         12          0          0          0        104   dmul.o
       156          4          0          0          0         92   dnaninf.o
        12          0          0          0          0         68   dretinf.o
       460         56          0          0          0        120   dsqrt_noumaal.o
        86          4          0          0          0         84   f2d.o
        48          0          0          0          0         68   fflt_clz.o
       140          4          0          0          0         84   fnaninf.o
        10          0          0          0          0         68   fretinf.o
         4          0          0          0          0         68   printf1.o
       100          0          0          0          0         68   retnan.o
        92          0          0          0          0         68   scalbn.o
        48          0          0          0          0         68   trapv.o
         0          0          0          0          0          0   usenofp.o
       544         70        152          0          0        124   atan.o
        22          6          0          0          0        136   dunder.o
        40          0          0          0          0         68   fpclassify.o
       170          0          0          0          0         96   poly.o
        76          0          0          0          0         84   sqrt.o

    ----------------------------------------------------------------------
     11702        648        670          0         96       8580   Library Totals
        20          0          5          0          0          0   (incl. Padding)

    ----------------------------------------------------------------------

      Code (inc. data)   RO Data    RW Data    ZI Data      Debug   Library Name

      7660        328        513          0         96       6328   c_w.l
      3170        244          0          0          0       1744   fz_ws.l
       852         76        152          0          0        508   m_ws.l

    ----------------------------------------------------------------------
     11702        648        670          0         96       8580   Library Totals

    ----------------------------------------------------------------------

==============================================================================


      Code (inc. data)   RO Data    RW Data    ZI Data      Debug   

     27730       2560       3078        312       2760     324936   Grand Totals
     27730       2560       3078        144       2760     324936   ELF Image Totals (compressed)
     27730       2560       3078        144          0          0   ROM Totals

==============================================================================

    Total RO  Size (Code + RO Data)                30808 (  30.09kB)
    Total RW  Size (RW Data + ZI Data)              3072 (   3.00kB)
    Total ROM Size (Code + RO Data + RW Data)      30952 (  30.23kB)

==============================================================================

